Archive member included to satisfy reference by file (symbol)

c:/bins/arm-gnu/bin/../lib/gcc/arm-none-eabi/12.3.1/thumb/v6-m/nofp\libgcc.a(_dvmd_tls.o)
                              CMakeFiles/tempNucleo.dir/C_/sdk/pico-sdk/src/rp2_common/pico_divider/divider.S.obj (__aeabi_idiv0)
c:/bins/arm-gnu/bin/../lib/gcc/arm-none-eabi/12.3.1/thumb/v6-m/nofp\libc.a(libc_a-calloc.o)
                              CMakeFiles/tempNucleo.dir/C_/sdk/pico-sdk/src/rp2_common/pico_malloc/pico_malloc.c.obj (calloc)
c:/bins/arm-gnu/bin/../lib/gcc/arm-none-eabi/12.3.1/thumb/v6-m/nofp\libc.a(libc_a-callocr.o)
                              c:/bins/arm-gnu/bin/../lib/gcc/arm-none-eabi/12.3.1/thumb/v6-m/nofp\libc.a(libc_a-calloc.o) (_calloc_r)
c:/bins/arm-gnu/bin/../lib/gcc/arm-none-eabi/12.3.1/thumb/v6-m/nofp\libc.a(libc_a-malloc.o)
                              CMakeFiles/tempNucleo.dir/C_/sdk/pico-sdk/src/rp2_common/pico_malloc/pico_malloc.c.obj (malloc)
c:/bins/arm-gnu/bin/../lib/gcc/arm-none-eabi/12.3.1/thumb/v6-m/nofp\libc.a(libc_a-mallocr.o)
                              c:/bins/arm-gnu/bin/../lib/gcc/arm-none-eabi/12.3.1/thumb/v6-m/nofp\libc.a(libc_a-callocr.o) (_malloc_r)
c:/bins/arm-gnu/bin/../lib/gcc/arm-none-eabi/12.3.1/thumb/v6-m/nofp\libc.a(libc_a-mlock.o)
                              c:/bins/arm-gnu/bin/../lib/gcc/arm-none-eabi/12.3.1/thumb/v6-m/nofp\libc.a(libc_a-mallocr.o) (__malloc_lock)
c:/bins/arm-gnu/bin/../lib/gcc/arm-none-eabi/12.3.1/thumb/v6-m/nofp\libc.a(libc_a-realloc.o)
                              CMakeFiles/tempNucleo.dir/C_/sdk/pico-sdk/src/rp2_common/pico_malloc/pico_malloc.c.obj (realloc)
c:/bins/arm-gnu/bin/../lib/gcc/arm-none-eabi/12.3.1/thumb/v6-m/nofp\libc.a(libc_a-reallocr.o)
                              c:/bins/arm-gnu/bin/../lib/gcc/arm-none-eabi/12.3.1/thumb/v6-m/nofp\libc.a(libc_a-realloc.o) (_realloc_r)
c:/bins/arm-gnu/bin/../lib/gcc/arm-none-eabi/12.3.1/thumb/v6-m/nofp\libc.a(libc_a-memcmp.o)
                              CMakeFiles/tempNucleo.dir/C_/sdk/pico-sdk/lib/cyw43-driver/src/cyw43_ll.c.obj (memcmp)
c:/bins/arm-gnu/bin/../lib/gcc/arm-none-eabi/12.3.1/thumb/v6-m/nofp\libc.a(libc_a-memmove.o)
                              CMakeFiles/tempNucleo.dir/C_/sdk/pico-sdk/lib/cyw43-driver/src/cyw43_ll.c.obj (memmove)
c:/bins/arm-gnu/bin/../lib/gcc/arm-none-eabi/12.3.1/thumb/v6-m/nofp\libc.a(libc_a-strncmp.o)
                              CMakeFiles/tempNucleo.dir/C_/sdk/pico-sdk/lib/cyw43-driver/src/cyw43_ll.c.obj (strncmp)
c:/bins/arm-gnu/bin/../lib/gcc/arm-none-eabi/12.3.1/thumb/v6-m/nofp\libc.a(libc_a-impure.o)
                              c:/bins/arm-gnu/bin/../lib/gcc/arm-none-eabi/12.3.1/thumb/v6-m/nofp\libc.a(libc_a-calloc.o) (_impure_ptr)
c:/bins/arm-gnu/bin/../lib/gcc/arm-none-eabi/12.3.1/thumb/v6-m/nofp\libc.a(libc_a-sbrkr.o)
                              c:/bins/arm-gnu/bin/../lib/gcc/arm-none-eabi/12.3.1/thumb/v6-m/nofp\libc.a(libc_a-mallocr.o) (_sbrk_r)
c:/bins/arm-gnu/bin/../lib/gcc/arm-none-eabi/12.3.1/thumb/v6-m/nofp\libc.a(libc_a-errno.o)
                              c:/bins/arm-gnu/bin/../lib/gcc/arm-none-eabi/12.3.1/thumb/v6-m/nofp\libc.a(libc_a-callocr.o) (__errno)
c:/bins/arm-gnu/bin/../lib/gcc/arm-none-eabi/12.3.1/thumb/v6-m/nofp\libc.a(libc_a-init.o)
                              c:/bins/arm-gnu/bin/../lib/gcc/arm-none-eabi/12.3.1/thumb/v6-m/nofp/crt0.o (__libc_init_array)
c:/bins/arm-gnu/bin/../lib/gcc/arm-none-eabi/12.3.1/thumb/v6-m/nofp\libc.a(libc_a-lock.o)
                              c:/bins/arm-gnu/bin/../lib/gcc/arm-none-eabi/12.3.1/thumb/v6-m/nofp\libc.a(libc_a-mlock.o) (__retarget_lock_acquire_recursive)
c:/bins/arm-gnu/bin/../lib/gcc/arm-none-eabi/12.3.1/thumb/v6-m/nofp\libc.a(libc_a-sysconf.o)
                              c:/bins/arm-gnu/bin/../lib/gcc/arm-none-eabi/12.3.1/thumb/v6-m/nofp\libc.a(libc_a-mallocr.o) (sysconf)
c:/bins/arm-gnu/bin/../lib/gcc/arm-none-eabi/12.3.1/thumb/v6-m/nofp\libc.a(libc_a-strlen-stub.o)
                              CMakeFiles/tempNucleo.dir/C_/sdk/pico-sdk/src/rp2_common/pico_cyw43_arch/cyw43_arch.c.obj (strlen)
c:/bins/arm-gnu/bin/../lib/gcc/arm-none-eabi/12.3.1/thumb/v6-m/nofp\libc.a(libc_a-freer.o)
                              c:/bins/arm-gnu/bin/../lib/gcc/arm-none-eabi/12.3.1/thumb/v6-m/nofp\libc.a(libc_a-malloc.o) (_free_r)
c:/bins/arm-gnu/bin/../lib/gcc/arm-none-eabi/12.3.1/thumb/v6-m/nofp\libc.a(libc_a-findfp.o)
                              c:/bins/arm-gnu/bin/../lib/gcc/arm-none-eabi/12.3.1/thumb/v6-m/nofp\libc.a(libc_a-impure.o) (__sf)
c:/bins/arm-gnu/bin/../lib/gcc/arm-none-eabi/12.3.1/thumb/v6-m/nofp\libc.a(libc_a-fwalk.o)
                              c:/bins/arm-gnu/bin/../lib/gcc/arm-none-eabi/12.3.1/thumb/v6-m/nofp\libc.a(libc_a-findfp.o) (_fwalk_sglue)
c:/bins/arm-gnu/bin/../lib/gcc/arm-none-eabi/12.3.1/thumb/v6-m/nofp\libc.a(libc_a-stdio.o)
                              c:/bins/arm-gnu/bin/../lib/gcc/arm-none-eabi/12.3.1/thumb/v6-m/nofp\libc.a(libc_a-findfp.o) (__sread)
[...]
Memory Configuration

Name             Origin             Length             Attributes
FLASH            0x10000000         0x00200000         xr
RAM              0x20000000         0x00040000         xrw
SCRATCH_X        0x20040000         0x00001000         xrw
SCRATCH_Y        0x20041000         0x00001000         xrw
*default*        0x00000000         0xffffffff

Linker script and memory map

LOAD c:/bins/arm-gnu/bin/../lib/gcc/arm-none-eabi/12.3.1/thumb/v6-m/nofp/crti.o
LOAD c:/bins/arm-gnu/bin/../lib/gcc/arm-none-eabi/12.3.1/thumb/v6-m/nofp/crtbegin.o
LOAD c:/bins/arm-gnu/bin/../lib/gcc/arm-none-eabi/12.3.1/thumb/v6-m/nofp/crt0.o

.flash_begin    0x10000000        0x0
                0x10000000                        __flash_binary_start = .

.boot2          0x10000000      0x100
                0x10000000                        __boot2_start__ = .
 *(.boot2)
 .boot2         0x10000000      0x100 C:\Users\447554\AppData\Local\Temp\ccEVVguA.o
                0x10000100                        __boot2_end__ = .
                0x00000001                        ASSERT (((__boot2_end__ - __boot2_start__) == 0x100), ERROR: Pico second stage bootloader must be 256 bytes in size)

.text           0x10000100     0x6490
                0x10000100                        __logical_binary_start = .
 *(.vectors)
 .vectors       0x10000100       0xd4 CMakeFiles/tempNucleo.dir/C_/sdk/pico-sdk/src/rp2_common/pico_standard_link/crt0.S.obj
                0x10000100                __VECTOR_TABLE
                0x10000100                __vectors
                0x100001c0                isr_invalid
                0x100001c0                __default_isrs_start
                0x100001c2                isr_nmi
                0x100001c4                isr_hardfault
                0x100001c6                isr_svcall
                0x100001c8                isr_pendsv
                0x100001ca                isr_systick
                0x100001cc                isr_irq23
                0x100001cc                isr_irq18
                0x100001cc                isr_irq11
                0x100001cc                isr_irq28
                0x100001cc                isr_irq19
                0x100001cc                isr_irq0
                0x100001cc                isr_irq6
                0x100001cc                isr_irq5
                0x100001cc                isr_irq12
                0x100001cc                isr_irq22
                0x100001cc                isr_irq31
                0x100001cc                isr_irq17
                0x100001cc                isr_irq27
                0x100001cc                isr_irq30
                0x100001cc                isr_irq2
                0x100001cc                isr_irq10
                0x100001cc                isr_irq8
                0x100001cc                isr_irq24
                0x100001cc                isr_irq1
                0x100001cc                isr_irq7
                0x100001cc                isr_irq21
                0x100001cc                isr_irq20
                0x100001cc                isr_irq15
                0x100001cc                isr_irq25
                0x100001cc                isr_irq13
                0x100001cc                __unhandled_user_irq
                0x100001cc                isr_irq4
                0x100001cc                isr_irq16
                0x100001cc                isr_irq29
                0x100001cc                isr_irq26
                0x100001cc                __default_isrs_end
                0x100001cc                isr_irq3
                0x100001cc                isr_irq14
                0x100001cc                isr_irq9
                0x100001d2                unhandled_user_irq_num_in_r0
 *(.binary_info_header)
 .binary_info_header
                0x100001d4       0x14 CMakeFiles/tempNucleo.dir/C_/sdk/pico-sdk/src/rp2_common/pico_standard_link/crt0.S.obj
                0x100001e8                        __binary_info_header_end = .
 *(.reset)
 .reset         0x100001e8       0xa0 CMakeFiles/tempNucleo.dir/C_/sdk/pico-sdk/src/rp2_common/pico_standard_link/crt0.S.obj
                0x100001e8                _entry_point
 .reset         0x10000288       0x30 CMakeFiles/tempNucleo.dir/C_/sdk/pico-sdk/src/rp2_common/pico_standard_link/binary_info.c.obj
 *(.init)
 .init          0x100002b8        0x4 c:/bins/arm-gnu/bin/../lib/gcc/arm-none-eabi/12.3.1/thumb/v6-m/nofp/crti.o
                0x100002b8                _init
 *(EXCLUDE_FILE(*libm.a: *libc.a:*lib_a-mem*.o *libgcc.a:) .text*)
 .text.register_tm_clones
                0x100002bc       0x28 c:/bins/arm-gnu/bin/../lib/gcc/arm-none-eabi/12.3.1/thumb/v6-m/nofp/crtbegin.o
 .text.frame_dummy
                0x100002e4       0x24 c:/bins/arm-gnu/bin/../lib/gcc/arm-none-eabi/12.3.1/thumb/v6-m/nofp/crtbegin.o
 .text.startup.main
                0x10000308       0xc4 CMakeFiles/tempNucleo.dir/main.c.obj
                0x10000308                main
 .text.startup._retrieve_unique_id_on_boot
                0x100003cc       0x10 CMakeFiles/tempNucleo.dir/C_/sdk/pico-sdk/src/rp2_common/pico_unique_id/unique_id.c.obj
 .text.pico_get_unique_board_id_string
                0x100003dc      0x1a8 CMakeFiles/tempNucleo.dir/C_/sdk/pico-sdk/src/rp2_common/pico_unique_id/unique_id.c.obj
                0x100003dc                pico_get_unique_board_id_string
 .text.flash_get_unique_id
                0x10000584       0x40 CMakeFiles/tempNucleo.dir/C_/sdk/pico-sdk/src/rp2_common/hardware_flash/flash.c.obj
                0x10000584                flash_get_unique_id
 .text.running_on_fpga
                0x100005c4       0x10 CMakeFiles/tempNucleo.dir/C_/sdk/pico-sdk/src/rp2_common/pico_platform/platform.c.obj
                0x100005c4                running_on_fpga
 .text.hw_claim_or_assert
                0x100005d4       0x44 CMakeFiles/tempNucleo.dir/C_/sdk/pico-sdk/src/rp2_common/hardware_claim/claim.c.obj
                0x100005d4                hw_claim_or_assert
 .text.hw_claim_unused_from_range
                0x10000618       0x9c CMakeFiles/tempNucleo.dir/C_/sdk/pico-sdk/src/rp2_common/hardware_claim/claim.c.obj
                0x10000618                hw_claim_unused_from_range
 .text.spin_locks_reset
                0x100006b4       0x1c CMakeFiles/tempNucleo.dir/C_/sdk/pico-sdk/src/rp2_common/hardware_sync/sync.c.obj
                0x100006b4                spin_locks_reset
 .text.next_striped_spin_lock_num
                0x100006d0       0x18 CMakeFiles/tempNucleo.dir/C_/sdk/pico-sdk/src/rp2_common/hardware_sync/sync.c.obj
                0x100006d0                next_striped_spin_lock_num
 .text.spin_lock_claim_unused
                0x100006e8       0x24 CMakeFiles/tempNucleo.dir/C_/sdk/pico-sdk/src/rp2_common/hardware_sync/sync.c.obj
                0x100006e8                spin_lock_claim_unused
 .text.rom_func_lookup
                0x1000070c       0x10 CMakeFiles/tempNucleo.dir/C_/sdk/pico-sdk/src/rp2_common/pico_bootrom/bootrom.c.obj
                0x1000070c                rom_func_lookup
 .text.rom_data_lookup
                0x1000071c       0x10 CMakeFiles/tempNucleo.dir/C_/sdk/pico-sdk/src/rp2_common/pico_bootrom/bootrom.c.obj
                0x1000071c                rom_data_lookup
 .text.rom_funcs_lookup
                0x1000072c       0x44 CMakeFiles/tempNucleo.dir/C_/sdk/pico-sdk/src/rp2_common/pico_bootrom/bootrom.c.obj
                0x1000072c                rom_funcs_lookup
 .text.irq_set_enabled
                0x10000770       0x24 CMakeFiles/tempNucleo.dir/C_/sdk/pico-sdk/src/rp2_common/hardware_irq/irq.c.obj
                0x10000770                irq_set_enabled
 .text.irq_set_pending
                0x10000794       0x10 CMakeFiles/tempNucleo.dir/C_/sdk/pico-sdk/src/rp2_common/hardware_irq/irq.c.obj
                0x10000794                irq_set_pending
 .text.irq_has_shared_handler
                0x100007a4       0x2c CMakeFiles/tempNucleo.dir/C_/sdk/pico-sdk/src/rp2_common/hardware_irq/irq.c.obj
                0x100007a4                irq_has_shared_handler
 .text.irq_get_vtable_handler
                0x100007d0       0x10 CMakeFiles/tempNucleo.dir/C_/sdk/pico-sdk/src/rp2_common/hardware_irq/irq.c.obj
                0x100007d0                irq_get_vtable_handler
 .text.irq_set_exclusive_handler
                0x100007e0       0x54 CMakeFiles/tempNucleo.dir/C_/sdk/pico-sdk/src/rp2_common/hardware_irq/irq.c.obj
                0x100007e0                irq_set_exclusive_handler
 .text.irq_add_shared_handler
                0x10000834      0x1e0 CMakeFiles/tempNucleo.dir/C_/sdk/pico-sdk/src/rp2_common/hardware_irq/irq.c.obj
                0x10000834                irq_add_shared_handler
 .text.irq_remove_handler
                0x10000a14      0x1c4 CMakeFiles/tempNucleo.dir/C_/sdk/pico-sdk/src/rp2_common/hardware_irq/irq.c.obj
                0x10000a14                irq_remove_handler
 .text.irq_add_tail_to_free_list
                0x10000bd8       0xb4 CMakeFiles/tempNucleo.dir/C_/sdk/pico-sdk/src/rp2_common/hardware_irq/irq.c.obj
                0x10000bd8                irq_add_tail_to_free_list
 .text.irq_init_priorities
                0x10000c8c       0x24 CMakeFiles/tempNucleo.dir/C_/sdk/pico-sdk/src/rp2_common/hardware_irq/irq.c.obj
                0x10000c8c                irq_init_priorities
 .text.user_irq_claim_unused
                0x10000cb0       0x2c CMakeFiles/tempNucleo.dir/C_/sdk/pico-sdk/src/rp2_common/hardware_irq/irq.c.obj
                0x10000cb0                user_irq_claim_unused
 .text.lock_init
                0x10000cdc       0x10 CMakeFiles/tempNucleo.dir/C_/sdk/pico-sdk/src/common/pico_sync/lock_core.c.obj
                0x10000cdc                lock_init
 .text.mutex_init
                0x10000cec       0x1c CMakeFiles/tempNucleo.dir/C_/sdk/pico-sdk/src/common/pico_sync/mutex.c.obj
                0x10000cec                mutex_init
 .text.recursive_mutex_init
                0x10000d08       0x1c CMakeFiles/tempNucleo.dir/C_/sdk/pico-sdk/src/common/pico_sync/mutex.c.obj
                0x10000d08                recursive_mutex_init
 .text.critical_section_init
                0x10000d24       0x1c CMakeFiles/tempNucleo.dir/C_/sdk/pico-sdk/src/common/pico_sync/critical_section.c.obj
                0x10000d24                critical_section_init
 .text.critical_section_init_with_lock_num
                0x10000d40       0x14 CMakeFiles/tempNucleo.dir/C_/sdk/pico-sdk/src/common/pico_sync/critical_section.c.obj
                0x10000d40                critical_section_init_with_lock_num
 .text.timer_pool_entry_comparator
                0x10000d54       0x34 CMakeFiles/tempNucleo.dir/C_/sdk/pico-sdk/src/common/pico_time/time.c.obj
                0x10000d54                timer_pool_entry_comparator
 .text.sleep_until_callback
                0x10000d88       0x30 CMakeFiles/tempNucleo.dir/C_/sdk/pico-sdk/src/common/pico_time/time.c.obj
 .text.add_alarm_under_lock.isra.0
                0x10000db8       0xf8 CMakeFiles/tempNucleo.dir/C_/sdk/pico-sdk/src/common/pico_time/time.c.obj
 .text.alarm_pool_alarm_callback
                0x10000eb0      0x1bc CMakeFiles/tempNucleo.dir/C_/sdk/pico-sdk/src/common/pico_time/time.c.obj
 .text.alarm_pool_init_default
                0x1000106c       0x6c CMakeFiles/tempNucleo.dir/C_/sdk/pico-sdk/src/common/pico_time/time.c.obj
                0x1000106c                alarm_pool_init_default
 .text.alarm_pool_get_default
                0x100010d8        0x8 CMakeFiles/tempNucleo.dir/C_/sdk/pico-sdk/src/common/pico_time/time.c.obj
                0x100010d8                alarm_pool_get_default
 .text.alarm_pool_add_alarm_at
                0x100010e0      0x17c CMakeFiles/tempNucleo.dir/C_/sdk/pico-sdk/src/common/pico_time/time.c.obj
                0x100010e0                alarm_pool_add_alarm_at
 .text.alarm_pool_cancel_alarm
                0x1000125c       0x68 CMakeFiles/tempNucleo.dir/C_/sdk/pico-sdk/src/common/pico_time/time.c.obj
                0x1000125c                alarm_pool_cancel_alarm
 .text.alarm_pool_core_num
                0x100012c4        0x4 CMakeFiles/tempNucleo.dir/C_/sdk/pico-sdk/src/common/pico_time/time.c.obj
                0x100012c4                alarm_pool_core_num
 .text.sleep_until
                0x100012c8       0xc4 CMakeFiles/tempNucleo.dir/C_/sdk/pico-sdk/src/common/pico_time/time.c.obj
                0x100012c8                sleep_until
 .text.sleep_ms
                0x1000138c       0x38 CMakeFiles/tempNucleo.dir/C_/sdk/pico-sdk/src/common/pico_time/time.c.obj
                0x1000138c                sleep_ms
 .text.best_effort_wfe_or_timeout
                0x100013c4       0x60 CMakeFiles/tempNucleo.dir/C_/sdk/pico-sdk/src/common/pico_time/time.c.obj
                0x100013c4                best_effort_wfe_or_timeout
 .text.hardware_alarm_irq_handler
                0x10001424       0xbc CMakeFiles/tempNucleo.dir/C_/sdk/pico-sdk/src/rp2_common/hardware_timer/timer.c.obj
 .text.hardware_alarm_claim
                0x100014e0       0x18 CMakeFiles/tempNucleo.dir/C_/sdk/pico-sdk/src/rp2_common/hardware_timer/timer.c.obj
                0x100014e0                hardware_alarm_claim
 .text.time_us_64
                0x100014f8       0x14 CMakeFiles/tempNucleo.dir/C_/sdk/pico-sdk/src/rp2_common/hardware_timer/timer.c.obj
                0x100014f8                time_us_64
 .text.busy_wait_until
                0x1000150c       0x20 CMakeFiles/tempNucleo.dir/C_/sdk/pico-sdk/src/rp2_common/hardware_timer/timer.c.obj
                0x1000150c                busy_wait_until
 .text.hardware_alarm_set_callback
                0x1000152c       0x8c CMakeFiles/tempNucleo.dir/C_/sdk/pico-sdk/src/rp2_common/hardware_timer/timer.c.obj
                0x1000152c                hardware_alarm_set_callback
 .text.hardware_alarm_set_target
                0x100015b8       0xdc CMakeFiles/tempNucleo.dir/C_/sdk/pico-sdk/src/rp2_common/hardware_timer/timer.c.obj
                0x100015b8                hardware_alarm_set_target
 .text.hardware_alarm_cancel
                0x10001694       0x3c CMakeFiles/tempNucleo.dir/C_/sdk/pico-sdk/src/rp2_common/hardware_timer/timer.c.obj
                0x10001694                hardware_alarm_cancel
 .text.ph_merge_nodes
                0x100016d0       0x58 CMakeFiles/tempNucleo.dir/C_/sdk/pico-sdk/src/common/pico_util/pheap.c.obj
 .text.ph_post_alloc_init
                0x10001728       0x3c CMakeFiles/tempNucleo.dir/C_/sdk/pico-sdk/src/common/pico_util/pheap.c.obj
                0x10001728                ph_post_alloc_init
 .text.ph_merge_two_pass
                0x10001764       0x8c CMakeFiles/tempNucleo.dir/C_/sdk/pico-sdk/src/common/pico_util/pheap.c.obj
                0x10001764                ph_merge_two_pass
 .text.ph_remove_any_head
                0x100017f0      0x100 CMakeFiles/tempNucleo.dir/C_/sdk/pico-sdk/src/common/pico_util/pheap.c.obj
 .text.ph_remove_head
                0x100018f0      0x104 CMakeFiles/tempNucleo.dir/C_/sdk/pico-sdk/src/common/pico_util/pheap.c.obj
                0x100018f0                ph_remove_head
 .text.ph_remove_and_free_node
                0x100019f4       0x78 CMakeFiles/tempNucleo.dir/C_/sdk/pico-sdk/src/common/pico_util/pheap.c.obj
                0x100019f4                ph_remove_and_free_node
 .text.clocks_init
                0x10001a6c      0x2b4 CMakeFiles/tempNucleo.dir/C_/sdk/pico-sdk/src/rp2_common/hardware_clocks/clocks.c.obj
                0x10001a6c                clocks_init
 .text.pll_init
                0x10001d20       0xa8 CMakeFiles/tempNucleo.dir/C_/sdk/pico-sdk/src/rp2_common/hardware_pll/pll.c.obj
                0x10001d20                pll_init
 .text.watchdog_start_tick
                0x10001dc8       0x10 CMakeFiles/tempNucleo.dir/C_/sdk/pico-sdk/src/rp2_common/hardware_watchdog/watchdog.c.obj
                0x10001dc8                watchdog_start_tick
 .text.watchdog_reboot
                0x10001dd8       0x9c CMakeFiles/tempNucleo.dir/C_/sdk/pico-sdk/src/rp2_common/hardware_watchdog/watchdog.c.obj
                0x10001dd8                watchdog_reboot
 .text.xosc_init
                0x10001e74       0x28 CMakeFiles/tempNucleo.dir/C_/sdk/pico-sdk/src/rp2_common/hardware_xosc/xosc.c.obj
                0x10001e74                xosc_init
 .text.runtime_init
                0x10001e9c       0xec CMakeFiles/tempNucleo.dir/C_/sdk/pico-sdk/src/rp2_common/pico_runtime/runtime.c.obj
                0x10001e9c                runtime_init
 .text._exit    0x10001f88        0x4 CMakeFiles/tempNucleo.dir/C_/sdk/pico-sdk/src/rp2_common/pico_runtime/runtime.c.obj
                0x10001f88                _exit
 .text.exit     0x10001f8c        0x8 CMakeFiles/tempNucleo.dir/C_/sdk/pico-sdk/src/rp2_common/pico_runtime/runtime.c.obj
                0x10001f8c                exit
 .text.panic    0x10001f94       0x30 CMakeFiles/tempNucleo.dir/C_/sdk/pico-sdk/src/rp2_common/pico_runtime/runtime.c.obj
                0x10001f94                panic
 .text.hard_assertion_failure
                0x10001fc4        0xc CMakeFiles/tempNucleo.dir/C_/sdk/pico-sdk/src/rp2_common/pico_runtime/runtime.c.obj
                0x10001fc4                hard_assertion_failure
 .text._out_null
                0x10001fd0        0x4 CMakeFiles/tempNucleo.dir/C_/sdk/pico-sdk/src/rp2_common/pico_printf/printf.c.obj
 .text._out_rev
                0x10001fd4       0x90 CMakeFiles/tempNucleo.dir/C_/sdk/pico-sdk/src/rp2_common/pico_printf/printf.c.obj
 .text._ntoa_format
                0x10002064      0x208 CMakeFiles/tempNucleo.dir/C_/sdk/pico-sdk/src/rp2_common/pico_printf/printf.c.obj
 .text._out_char
                0x1000226c       0x10 CMakeFiles/tempNucleo.dir/C_/sdk/pico-sdk/src/rp2_common/pico_printf/printf.c.obj
 .text._out_fct
                0x1000227c       0x10 CMakeFiles/tempNucleo.dir/C_/sdk/pico-sdk/src/rp2_common/pico_printf/printf.c.obj
 .text._etoa    0x1000228c      0x464 CMakeFiles/tempNucleo.dir/C_/sdk/pico-sdk/src/rp2_common/pico_printf/printf.c.obj
 .text._ftoa    0x100026f0      0x3c4 CMakeFiles/tempNucleo.dir/C_/sdk/pico-sdk/src/rp2_common/pico_printf/printf.c.obj
 .text._vsnprintf
                0x10002ab4      0xc18 CMakeFiles/tempNucleo.dir/C_/sdk/pico-sdk/src/rp2_common/pico_printf/printf.c.obj
 .text.vfctprintf
                0x100036cc       0x20 CMakeFiles/tempNucleo.dir/C_/sdk/pico-sdk/src/rp2_common/pico_printf/printf.c.obj
                0x100036cc                vfctprintf
 .text.weak_raw_vprintf
                0x100036ec       0x30 CMakeFiles/tempNucleo.dir/C_/sdk/pico-sdk/src/rp2_common/pico_printf/printf.c.obj
                0x100036ec                weak_raw_vprintf
 .text          0x1000371c       0x10 CMakeFiles/tempNucleo.dir/C_/sdk/pico-sdk/src/rp2_common/pico_bit_ops/bit_ops_aeabi.S.obj
 .text.__wrap___aeabi_idiv
                0x1000372c       0x50 CMakeFiles/tempNucleo.dir/C_/sdk/pico-sdk/src/rp2_common/pico_divider/divider.S.obj
                0x1000372c                __wrap___aeabi_idivmod
                0x1000372c                divmod_s32s32
                0x1000372c                div_s32s32
                0x1000372c                __wrap___aeabi_idiv
                0x10003734                divmod_s32s32_unsafe
                0x10003760                divmod_s32s32_savestate
 .text.__wrap___aeabi_uidiv
                0x1000377c       0x4c CMakeFiles/tempNucleo.dir/C_/sdk/pico-sdk/src/rp2_common/pico_divider/divider.S.obj
                0x1000377c                __wrap___aeabi_uidiv
                0x1000377c                __wrap___aeabi_uidivmod
                0x1000377c                div_u32u32
                0x1000377c                divmod_u32u32
                0x10003784                divmod_u32u32_unsafe
                0x100037ac                divmod_u32u32_savestate
 .text.__wrap___aeabi_ldiv
                0x100037c8      0x424 CMakeFiles/tempNucleo.dir/C_/sdk/pico-sdk/src/rp2_common/pico_divider/divider.S.obj
                0x100037c8                div_s64s64
                0x100037c8                divmod_s64s64
                0x100037c8                __wrap___aeabi_ldivmod
                0x100037f8                divmod_u64u64
                0x100037f8                div_u64u64
                0x100037f8                __wrap___aeabi_uldivmod
                0x10003808                divmod_u64u64_savestate
                0x10003828                divmod_s64s64_unsafe
                0x100038b0                divmod_u64u64_unsafe
 .text.__wrap___aeabi_darithmetic
                0x10003bec       0x60 CMakeFiles/tempNucleo.dir/C_/sdk/pico-sdk/src/rp2_common/pico_double/double_aeabi.S.obj
                0x10003bec                __wrap___aeabi_drsub
                0x10003bf2                __wrap___aeabi_dsub
                0x10003bfc                __wrap___aeabi_dadd
                0x10003c06                __wrap___aeabi_ddiv
                0x10003c3a                __wrap___aeabi_dmul
 .text.__wrap___aeabi_cdcmple
                0x10003c4c       0x6c CMakeFiles/tempNucleo.dir/C_/sdk/pico-sdk/src/rp2_common/pico_double/double_aeabi.S.obj
                0x10003c4c                __wrap___aeabi_cdrcmple
                0x10003c5c                __wrap___aeabi_cdcmpeq
                0x10003c5c                __wrap___aeabi_cdcmple
 .text.__wrap___aeabi_dcmplt
                0x10003cb8        0xc CMakeFiles/tempNucleo.dir/C_/sdk/pico-sdk/src/rp2_common/pico_double/double_aeabi.S.obj
                0x10003cb8                __wrap___aeabi_dcmplt
 .text.__wrap___aeabi_dcmpge
                0x10003cc4       0x10 CMakeFiles/tempNucleo.dir/C_/sdk/pico-sdk/src/rp2_common/pico_double/double_aeabi.S.obj
                0x10003cc4                __wrap___aeabi_dcmpge
 .text.__wrap___aeabi_dcmpgt
                0x10003cd4        0xa CMakeFiles/tempNucleo.dir/C_/sdk/pico-sdk/src/rp2_common/pico_double/double_aeabi.S.obj
                0x10003cd4                __wrap___aeabi_dcmpgt
 .text.__wrap___aeabi_dcmpun
                0x10003cde       0x1c CMakeFiles/tempNucleo.dir/C_/sdk/pico-sdk/src/rp2_common/pico_double/double_aeabi.S.obj
                0x10003cde                __wrap___aeabi_dcmpun
 *fill*         0x10003cfa        0x2 
 .text.__wrap___aeabi_i2d
                0x10003cfc       0x38 CMakeFiles/tempNucleo.dir/C_/sdk/pico-sdk/src/rp2_common/pico_double/double_aeabi.S.obj
                0x10003cfc                __wrap___aeabi_ui2d
                0x10003d04                __wrap___aeabi_i2d
 .text.__wrap___aeabi_d2iz
                0x10003d34       0x48 CMakeFiles/tempNucleo.dir/C_/sdk/pico-sdk/src/rp2_common/pico_double/double_aeabi.S.obj
                0x10003d34                double2int_z
                0x10003d34                __wrap___aeabi_d2iz
 .text.__wrap___aeabi_d2uiz
                0x10003d7c       0x10 CMakeFiles/tempNucleo.dir/C_/sdk/pico-sdk/src/rp2_common/pico_double/double_aeabi.S.obj
                0x10003d7c                __wrap___aeabi_d2uiz
                0x10003d7c                double2uint
 .text.__wrap___aeabi_d2f
                0x10003d8c       0x10 CMakeFiles/tempNucleo.dir/C_/sdk/pico-sdk/src/rp2_common/pico_double/double_aeabi.S.obj
                0x10003d8c                __wrap___aeabi_d2f
 .text.missing_double_func_shim
                0x10003d9c        0xc CMakeFiles/tempNucleo.dir/C_/sdk/pico-sdk/src/rp2_common/pico_double/double_init_rom.c.obj
 .text.__aeabi_double_init
                0x10003da8       0x94 CMakeFiles/tempNucleo.dir/C_/sdk/pico-sdk/src/rp2_common/pico_double/double_init_rom.c.obj
                0x10003da8                __aeabi_double_init
 .text.double_table_shim_on_use_helper
                0x10003e3c       0x2c CMakeFiles/tempNucleo.dir/C_/sdk/pico-sdk/src/rp2_common/pico_double/double_v1_rom_shim.S.obj
                0x10003e3c                double_table_shim_on_use_helper
 .text.__aeabi_lmul
                0x10003e68       0x32 CMakeFiles/tempNucleo.dir/C_/sdk/pico-sdk/src/rp2_common/pico_int64_ops/pico_int64_ops_aeabi.S.obj
                0x10003e68                __wrap___aeabi_lmul
 *fill*         0x10003e9a        0x2 
 .text.__wrap___aeabi_farithmetic
                0x10003e9c       0x48 CMakeFiles/tempNucleo.dir/C_/sdk/pico-sdk/src/rp2_common/pico_float/float_aeabi.S.obj
                0x10003e9c                __wrap___aeabi_frsub
                0x10003ea2                __wrap___aeabi_fsub
                0x10003ea8                __wrap___aeabi_fadd
                0x10003eae                __wrap___aeabi_fdiv
                0x10003ed6                __wrap___aeabi_fmul
 .text.__wrap___aeabi_i2f
                0x10003ee4       0x44 CMakeFiles/tempNucleo.dir/C_/sdk/pico-sdk/src/rp2_common/pico_float/float_aeabi.S.obj
                0x10003ee4                __wrap___aeabi_i2f
 .text.__wrap___aeabi_f2d
                0x10003f28        0xc CMakeFiles/tempNucleo.dir/C_/sdk/pico-sdk/src/rp2_common/pico_float/float_aeabi.S.obj
                0x10003f28                __wrap___aeabi_f2d
 .text.missing_float_func_shim
                0x10003f34        0xc CMakeFiles/tempNucleo.dir/C_/sdk/pico-sdk/src/rp2_common/pico_float/float_init_rom.c.obj
 .text.__aeabi_float_init
                0x10003f40       0x5c CMakeFiles/tempNucleo.dir/C_/sdk/pico-sdk/src/rp2_common/pico_float/float_init_rom.c.obj
                0x10003f40                __aeabi_float_init
 .text          0x10003f9c       0x10 CMakeFiles/tempNucleo.dir/C_/sdk/pico-sdk/src/rp2_common/pico_mem_ops/mem_ops_aeabi.S.obj
                0x10003f9c                __aeabi_mem_init
 .text.memset   0x10003fac        0xc CMakeFiles/tempNucleo.dir/C_/sdk/pico-sdk/src/rp2_common/pico_mem_ops/mem_ops_aeabi.S.obj
                0x10003fac                __wrap_memset
 .text.memcpy   0x10003fb8        0xc CMakeFiles/tempNucleo.dir/C_/sdk/pico-sdk/src/rp2_common/pico_mem_ops/mem_ops_aeabi.S.obj
                0x10003fb8                __wrap_memcpy
                0x10003fb8                __wrap___aeabi_memcpy
 .text.stdio_out_chars_crlf
                0x10003fc4       0x94 CMakeFiles/tempNucleo.dir/C_/sdk/pico-sdk/src/rp2_common/pico_stdio/stdio.c.obj
 .text.stdio_buffered_printer
                0x10004058       0x64 CMakeFiles/tempNucleo.dir/C_/sdk/pico-sdk/src/rp2_common/pico_stdio/stdio.c.obj
 .text.__wrap_putchar
                0x100040bc       0x98 CMakeFiles/tempNucleo.dir/C_/sdk/pico-sdk/src/rp2_common/pico_stdio/stdio.c.obj
                0x100040bc                __wrap_putchar
 .text.__wrap_puts
                0x10004154       0xe0 CMakeFiles/tempNucleo.dir/C_/sdk/pico-sdk/src/rp2_common/pico_stdio/stdio.c.obj
                0x10004154                __wrap_puts
 .text.stdio_set_driver_enabled
                0x10004234       0x30 CMakeFiles/tempNucleo.dir/C_/sdk/pico-sdk/src/rp2_common/pico_stdio/stdio.c.obj
                0x10004234                stdio_set_driver_enabled
 .text.__wrap_vprintf
                0x10004264       0xd4 CMakeFiles/tempNucleo.dir/C_/sdk/pico-sdk/src/rp2_common/pico_stdio/stdio.c.obj
                0x10004264                __wrap_vprintf
 .text.__wrap_printf
                0x10004338       0x18 CMakeFiles/tempNucleo.dir/C_/sdk/pico-sdk/src/rp2_common/pico_stdio/stdio.c.obj
                0x10004338                __wrap_printf
 .text.stdio_init_all
                0x10004350        0x8 CMakeFiles/tempNucleo.dir/C_/sdk/pico-sdk/src/rp2_common/pico_stdio/stdio.c.obj
                0x10004350                stdio_init_all
 .text.resetd_init
                0x10004358        0x4 CMakeFiles/tempNucleo.dir/C_/sdk/pico-sdk/src/rp2_common/pico_stdio_usb/reset_interface.c.obj
 .text.resetd_reset
                0x1000435c        0xc CMakeFiles/tempNucleo.dir/C_/sdk/pico-sdk/src/rp2_common/pico_stdio_usb/reset_interface.c.obj
 .text.resetd_open
                0x10004368       0x28 CMakeFiles/tempNucleo.dir/C_/sdk/pico-sdk/src/rp2_common/pico_stdio_usb/reset_interface.c.obj
 .text.resetd_xfer_cb
                0x10004390        0x4 CMakeFiles/tempNucleo.dir/C_/sdk/pico-sdk/src/rp2_common/pico_stdio_usb/reset_interface.c.obj
 .text.resetd_control_xfer_cb
                0x10004394       0x60 CMakeFiles/tempNucleo.dir/C_/sdk/pico-sdk/src/rp2_common/pico_stdio_usb/reset_interface.c.obj
 .text.usbd_app_driver_get_cb
                0x100043f4        0xc CMakeFiles/tempNucleo.dir/C_/sdk/pico-sdk/src/rp2_common/pico_stdio_usb/reset_interface.c.obj
                0x100043f4                usbd_app_driver_get_cb
 .text.tud_cdc_line_coding_cb
                0x10004400       0x34 CMakeFiles/tempNucleo.dir/C_/sdk/pico-sdk/src/rp2_common/pico_stdio_usb/reset_interface.c.obj
                0x10004400                tud_cdc_line_coding_cb
 .text.stdio_usb_set_chars_available_callback
                0x10004434       0x14 CMakeFiles/tempNucleo.dir/C_/sdk/pico-sdk/src/rp2_common/pico_stdio_usb/stdio_usb.c.obj
                0x10004434                stdio_usb_set_chars_available_callback
 .text.usb_irq  0x10004448       0x10 CMakeFiles/tempNucleo.dir/C_/sdk/pico-sdk/src/rp2_common/pico_stdio_usb/stdio_usb.c.obj
 .text.timer_task
                0x10004458       0x54 CMakeFiles/tempNucleo.dir/C_/sdk/pico-sdk/src/rp2_common/pico_stdio_usb/stdio_usb.c.obj
 .text.stdio_usb_in_chars
                0x100044ac       0x90 CMakeFiles/tempNucleo.dir/C_/sdk/pico-sdk/src/rp2_common/pico_stdio_usb/stdio_usb.c.obj
                0x100044ac                stdio_usb_in_chars
 .text.stdio_usb_out_chars
                0x1000453c      0x104 CMakeFiles/tempNucleo.dir/C_/sdk/pico-sdk/src/rp2_common/pico_stdio_usb/stdio_usb.c.obj
 .text.low_priority_worker_irq
                0x10004640       0xa8 CMakeFiles/tempNucleo.dir/C_/sdk/pico-sdk/src/rp2_common/pico_stdio_usb/stdio_usb.c.obj
 .text.tud_cdc_rx_cb
                0x100046e8       0x20 CMakeFiles/tempNucleo.dir/C_/sdk/pico-sdk/src/rp2_common/pico_stdio_usb/stdio_usb.c.obj
                0x100046e8                tud_cdc_rx_cb
 .text.stdio_usb_init
                0x10004708       0xe0 CMakeFiles/tempNucleo.dir/C_/sdk/pico-sdk/src/rp2_common/pico_stdio_usb/stdio_usb.c.obj
                0x10004708                stdio_usb_init
 .text.tud_descriptor_device_cb
                0x100047e8        0x8 CMakeFiles/tempNucleo.dir/C_/sdk/pico-sdk/src/rp2_common/pico_stdio_usb/stdio_usb_descriptors.c.obj
                0x100047e8                tud_descriptor_device_cb
 .text.tud_descriptor_configuration_cb
                0x100047f0        0x8 CMakeFiles/tempNucleo.dir/C_/sdk/pico-sdk/src/rp2_common/pico_stdio_usb/stdio_usb_descriptors.c.obj
                0x100047f0                tud_descriptor_configuration_cb
 .text.tud_descriptor_string_cb
                0x100047f8       0x78 CMakeFiles/tempNucleo.dir/C_/sdk/pico-sdk/src/rp2_common/pico_stdio_usb/stdio_usb_descriptors.c.obj
                0x100047f8                tud_descriptor_string_cb
 .text.dcd_int_enable
                0x10004870        0xc CMakeFiles/tempNucleo.dir/C_/sdk/pico-sdk/lib/tinyusb/src/portable/raspberrypi/rp2040/dcd_rp2040.c.obj
                0x10004870                dcd_int_enable
 .text.dcd_set_address
                0x1000487c       0x14 CMakeFiles/tempNucleo.dir/C_/sdk/pico-sdk/lib/tinyusb/src/portable/raspberrypi/rp2040/dcd_rp2040.c.obj
                0x1000487c                dcd_set_address
 .text.dcd_connect
                0x10004890       0x10 CMakeFiles/tempNucleo.dir/C_/sdk/pico-sdk/lib/tinyusb/src/portable/raspberrypi/rp2040/dcd_rp2040.c.obj
                0x10004890                dcd_connect
 .text.dcd_init
                0x100048a0       0x98 CMakeFiles/tempNucleo.dir/C_/sdk/pico-sdk/lib/tinyusb/src/portable/raspberrypi/rp2040/dcd_rp2040.c.obj
                0x100048a0                dcd_init
 .text.dcd_edpt0_status_complete
                0x10004938       0x1c CMakeFiles/tempNucleo.dir/C_/sdk/pico-sdk/lib/tinyusb/src/portable/raspberrypi/rp2040/dcd_rp2040.c.obj
                0x10004938                dcd_edpt0_status_complete
 .text.dcd_edpt_open
                0x10004954      0x108 CMakeFiles/tempNucleo.dir/C_/sdk/pico-sdk/lib/tinyusb/src/portable/raspberrypi/rp2040/dcd_rp2040.c.obj
                0x10004954                dcd_edpt_open
 .text.dcd_edpt_close_all
                0x10004a5c        0x8 CMakeFiles/tempNucleo.dir/C_/sdk/pico-sdk/lib/tinyusb/src/portable/raspberrypi/rp2040/dcd_rp2040.c.obj
                0x10004a5c                dcd_edpt_close_all
 .text.dcd_edpt_xfer
                0x10004a64       0x24 CMakeFiles/tempNucleo.dir/C_/sdk/pico-sdk/lib/tinyusb/src/portable/raspberrypi/rp2040/dcd_rp2040.c.obj
                0x10004a64                dcd_edpt_xfer
 .text.dcd_edpt_stall
                0x10004a88       0x34 CMakeFiles/tempNucleo.dir/C_/sdk/pico-sdk/lib/tinyusb/src/portable/raspberrypi/rp2040/dcd_rp2040.c.obj
                0x10004a88                dcd_edpt_stall
 .text.dcd_edpt_clear_stall
                0x10004abc       0x30 CMakeFiles/tempNucleo.dir/C_/sdk/pico-sdk/lib/tinyusb/src/portable/raspberrypi/rp2040/dcd_rp2040.c.obj
                0x10004abc                dcd_edpt_clear_stall
 .text.rp2040_usb_init
                0x10004aec       0x4c CMakeFiles/tempNucleo.dir/C_/sdk/pico-sdk/lib/tinyusb/src/portable/raspberrypi/rp2040/rp2040_usb.c.obj
                0x10004aec                rp2040_usb_init
 .text.hw_endpoint_xfer_start
                0x10004b38       0x40 CMakeFiles/tempNucleo.dir/C_/sdk/pico-sdk/lib/tinyusb/src/portable/raspberrypi/rp2040/rp2040_usb.c.obj
                0x10004b38                hw_endpoint_xfer_start
 .text.tud_mounted
                0x10004b78       0x10 CMakeFiles/tempNucleo.dir/C_/sdk/pico-sdk/lib/tinyusb/src/device/usbd.c.obj
                0x10004b78                tud_mounted
 .text.tud_suspended
                0x10004b88       0x10 CMakeFiles/tempNucleo.dir/C_/sdk/pico-sdk/lib/tinyusb/src/device/usbd.c.obj
                0x10004b88                tud_suspended
 .text.tud_inited
                0x10004b98       0x14 CMakeFiles/tempNucleo.dir/C_/sdk/pico-sdk/lib/tinyusb/src/device/usbd.c.obj
                0x10004b98                tud_inited
 .text.tud_init
                0x10004bac       0xd8 CMakeFiles/tempNucleo.dir/C_/sdk/pico-sdk/lib/tinyusb/src/device/usbd.c.obj
                0x10004bac                tud_init
 .text.tud_task_ext
                0x10004c84      0x8a0 CMakeFiles/tempNucleo.dir/C_/sdk/pico-sdk/lib/tinyusb/src/device/usbd.c.obj
                0x10004c84                tud_task_ext
 .text.usbd_open_edpt_pair
                0x10005524       0x9c CMakeFiles/tempNucleo.dir/C_/sdk/pico-sdk/lib/tinyusb/src/device/usbd.c.obj
                0x10005524                usbd_open_edpt_pair
 .text.usbd_defer_func
                0x100055c0       0x48 CMakeFiles/tempNucleo.dir/C_/sdk/pico-sdk/lib/tinyusb/src/device/usbd.c.obj
                0x100055c0                usbd_defer_func
 .text.usbd_edpt_open
                0x10005608       0x34 CMakeFiles/tempNucleo.dir/C_/sdk/pico-sdk/lib/tinyusb/src/device/usbd.c.obj
                0x10005608                usbd_edpt_open
 .text.usbd_edpt_claim
                0x1000563c       0x28 CMakeFiles/tempNucleo.dir/C_/sdk/pico-sdk/lib/tinyusb/src/device/usbd.c.obj
                0x1000563c                usbd_edpt_claim
 .text.usbd_edpt_release
                0x10005664       0x28 CMakeFiles/tempNucleo.dir/C_/sdk/pico-sdk/lib/tinyusb/src/device/usbd.c.obj
                0x10005664                usbd_edpt_release
 .text.usbd_edpt_xfer
                0x1000568c       0x4c CMakeFiles/tempNucleo.dir/C_/sdk/pico-sdk/lib/tinyusb/src/device/usbd.c.obj
                0x1000568c                usbd_edpt_xfer
 .text.tud_control_status
                0x100056d8       0x2c CMakeFiles/tempNucleo.dir/C_/sdk/pico-sdk/lib/tinyusb/src/device/usbd_control.c.obj
                0x100056d8                tud_control_status
 .text.tud_control_xfer
                0x10005704       0xac CMakeFiles/tempNucleo.dir/C_/sdk/pico-sdk/lib/tinyusb/src/device/usbd_control.c.obj
                0x10005704                tud_control_xfer
 .text.usbd_control_reset
                0x100057b0       0x14 CMakeFiles/tempNucleo.dir/C_/sdk/pico-sdk/lib/tinyusb/src/device/usbd_control.c.obj
                0x100057b0                usbd_control_reset
 .text.usbd_control_set_complete_callback
                0x100057c4        0xc CMakeFiles/tempNucleo.dir/C_/sdk/pico-sdk/lib/tinyusb/src/device/usbd_control.c.obj
                0x100057c4                usbd_control_set_complete_callback
 .text.usbd_control_set_request
                0x100057d0       0x1c CMakeFiles/tempNucleo.dir/C_/sdk/pico-sdk/lib/tinyusb/src/device/usbd_control.c.obj
                0x100057d0                usbd_control_set_request
 .text.usbd_control_xfer_cb
                0x100057ec       0xf4 CMakeFiles/tempNucleo.dir/C_/sdk/pico-sdk/lib/tinyusb/src/device/usbd_control.c.obj
                0x100057ec                usbd_control_xfer_cb
 .text.tud_cdc_n_connected
                0x100058e0       0x30 CMakeFiles/tempNucleo.dir/C_/sdk/pico-sdk/lib/tinyusb/src/class/cdc/cdc_device.c.obj
                0x100058e0                tud_cdc_n_connected
 .text.tud_cdc_n_available
                0x10005910       0x18 CMakeFiles/tempNucleo.dir/C_/sdk/pico-sdk/lib/tinyusb/src/class/cdc/cdc_device.c.obj
                0x10005910                tud_cdc_n_available
 .text.tud_cdc_n_read
                0x10005928       0x70 CMakeFiles/tempNucleo.dir/C_/sdk/pico-sdk/lib/tinyusb/src/class/cdc/cdc_device.c.obj
                0x10005928                tud_cdc_n_read
 .text.tud_cdc_n_write_flush
                0x10005998       0x78 CMakeFiles/tempNucleo.dir/C_/sdk/pico-sdk/lib/tinyusb/src/class/cdc/cdc_device.c.obj
                0x10005998                tud_cdc_n_write_flush
 .text.tud_cdc_n_write
                0x10005a10       0x34 CMakeFiles/tempNucleo.dir/C_/sdk/pico-sdk/lib/tinyusb/src/class/cdc/cdc_device.c.obj
                0x10005a10                tud_cdc_n_write
 .text.tud_cdc_n_write_available
                0x10005a44       0x18 CMakeFiles/tempNucleo.dir/C_/sdk/pico-sdk/lib/tinyusb/src/class/cdc/cdc_device.c.obj
                0x10005a44                tud_cdc_n_write_available
 .text.cdcd_init
                0x10005a5c       0x7c CMakeFiles/tempNucleo.dir/C_/sdk/pico-sdk/lib/tinyusb/src/class/cdc/cdc_device.c.obj
                0x10005a5c                cdcd_init
 .text.cdcd_reset
                0x10005ad8       0x2c CMakeFiles/tempNucleo.dir/C_/sdk/pico-sdk/lib/tinyusb/src/class/cdc/cdc_device.c.obj
                0x10005ad8                cdcd_reset
 .text.cdcd_open
                0x10005b04       0xe4 CMakeFiles/tempNucleo.dir/C_/sdk/pico-sdk/lib/tinyusb/src/class/cdc/cdc_device.c.obj
                0x10005b04                cdcd_open
 .text.cdcd_control_xfer_cb
                0x10005be8       0xe4 CMakeFiles/tempNucleo.dir/C_/sdk/pico-sdk/lib/tinyusb/src/class/cdc/cdc_device.c.obj
                0x10005be8                cdcd_control_xfer_cb
 .text.cdcd_xfer_cb
                0x10005ccc      0x13c CMakeFiles/tempNucleo.dir/C_/sdk/pico-sdk/lib/tinyusb/src/class/cdc/cdc_device.c.obj
                0x10005ccc                cdcd_xfer_cb
 .text.tusb_init
                0x10005e08        0xc CMakeFiles/tempNucleo.dir/C_/sdk/pico-sdk/lib/tinyusb/src/tusb.c.obj
                0x10005e08                tusb_init
 .text.tusb_inited
                0x10005e14        0x8 CMakeFiles/tempNucleo.dir/C_/sdk/pico-sdk/lib/tinyusb/src/tusb.c.obj
                0x10005e14                tusb_inited
 .text.tu_edpt_claim
                0x10005e1c       0x50 CMakeFiles/tempNucleo.dir/C_/sdk/pico-sdk/lib/tinyusb/src/tusb.c.obj
                0x10005e1c                tu_edpt_claim
 .text.tu_edpt_release
                0x10005e6c       0x38 CMakeFiles/tempNucleo.dir/C_/sdk/pico-sdk/lib/tinyusb/src/tusb.c.obj
                0x10005e6c                tu_edpt_release
 .text.tu_edpt_validate
                0x10005ea4       0x7c CMakeFiles/tempNucleo.dir/C_/sdk/pico-sdk/lib/tinyusb/src/tusb.c.obj
                0x10005ea4                tu_edpt_validate
 .text.tu_edpt_bind_driver
                0x10005f20       0x34 CMakeFiles/tempNucleo.dir/C_/sdk/pico-sdk/lib/tinyusb/src/tusb.c.obj
                0x10005f20                tu_edpt_bind_driver
 .text.tu_fifo_config
                0x10005f54       0x6c CMakeFiles/tempNucleo.dir/C_/sdk/pico-sdk/lib/tinyusb/src/common/tusb_fifo.c.obj
                0x10005f54                tu_fifo_config
 .text.tu_fifo_count
                0x10005fc0       0x2c CMakeFiles/tempNucleo.dir/C_/sdk/pico-sdk/lib/tinyusb/src/common/tusb_fifo.c.obj
                0x10005fc0                tu_fifo_count
 .text.tu_fifo_empty
                0x10005fec       0x10 CMakeFiles/tempNucleo.dir/C_/sdk/pico-sdk/lib/tinyusb/src/common/tusb_fifo.c.obj
                0x10005fec                tu_fifo_empty
 .text.tu_fifo_remaining
                0x10005ffc       0x2c CMakeFiles/tempNucleo.dir/C_/sdk/pico-sdk/lib/tinyusb/src/common/tusb_fifo.c.obj
                0x10005ffc                tu_fifo_remaining
 .text.tu_fifo_read
                0x10006028       0x9c CMakeFiles/tempNucleo.dir/C_/sdk/pico-sdk/lib/tinyusb/src/common/tusb_fifo.c.obj
                0x10006028                tu_fifo_read
 .text.tu_fifo_read_n
                0x100060c4       0xe8 CMakeFiles/tempNucleo.dir/C_/sdk/pico-sdk/lib/tinyusb/src/common/tusb_fifo.c.obj
                0x100060c4                tu_fifo_read_n
 .text.tu_fifo_write
                0x100061ac       0x88 CMakeFiles/tempNucleo.dir/C_/sdk/pico-sdk/lib/tinyusb/src/common/tusb_fifo.c.obj
                0x100061ac                tu_fifo_write
 .text.tu_fifo_write_n
                0x10006234      0x178 CMakeFiles/tempNucleo.dir/C_/sdk/pico-sdk/lib/tinyusb/src/common/tusb_fifo.c.obj
                0x10006234                tu_fifo_write_n
 .text.tu_fifo_clear
                0x100063ac       0x40 CMakeFiles/tempNucleo.dir/C_/sdk/pico-sdk/lib/tinyusb/src/common/tusb_fifo.c.obj
                0x100063ac                tu_fifo_clear
 .text.tu_fifo_set_overwritable
                0x100063ec       0x48 CMakeFiles/tempNucleo.dir/C_/sdk/pico-sdk/lib/tinyusb/src/common/tusb_fifo.c.obj
                0x100063ec                tu_fifo_set_overwritable
 .text.adc_init
                0x10006434       0x38 CMakeFiles/tempNucleo.dir/C_/sdk/pico-sdk/src/rp2_common/hardware_adc/adc.c.obj
                0x10006434                adc_init
 .text.strlen   0x1000646c       0x5c c:/bins/arm-gnu/bin/../lib/gcc/arm-none-eabi/12.3.1/thumb/v6-m/nofp\libc.a(libc_a-strlen-stub.o)
                0x1000646c                strlen
 *(.fini)
 .fini          0x100064c8        0x4 c:/bins/arm-gnu/bin/../lib/gcc/arm-none-eabi/12.3.1/thumb/v6-m/nofp/crti.o
                0x100064c8                _fini
 *fill*         0x100064cc        0x4 
 .fini.__stub   0x100064d0       0xc0 linker stubs
 *crtbegin.o(.ctors)
 *crtbegin?.o(.ctors)
 *(EXCLUDE_FILE(*crtend.o *crtend?.o) .ctors)
 *(SORT_BY_NAME(.ctors.*))
 *(.ctors)
 *crtbegin.o(.dtors)
 *crtbegin?.o(.dtors)
 *(EXCLUDE_FILE(*crtend.o *crtend?.o) .dtors)
 *(SORT_BY_NAME(.dtors.*))
 *(.dtors)
 *(.eh_frame*)
 .eh_frame      0x10006590        0x0 c:/bins/arm-gnu/bin/../lib/gcc/arm-none-eabi/12.3.1/thumb/v6-m/nofp/crtbegin.o
                0x10006590                        . = ALIGN (0x4)

.glue_7         0x10006590        0x0
 .glue_7        0x10006590        0x0 linker stubs

.glue_7t        0x10006590        0x0
 .glue_7t       0x10006590        0x0 linker stubs

.vfp11_veneer   0x10006590        0x0
 .vfp11_veneer  0x10006590        0x0 linker stubs

.v4_bx          0x10006590        0x0
 .v4_bx         0x10006590        0x0 linker stubs

.iplt           0x10006590        0x0
 .iplt          0x10006590        0x0 c:/bins/arm-gnu/bin/../lib/gcc/arm-none-eabi/12.3.1/thumb/v6-m/nofp/crtbegin.o

.rodata         0x10006590      0x540
 *(EXCLUDE_FILE(*libm.a: *libc.a:*lib_a-mem*.o *libgcc.a:) .rodata*)
 .rodata.main.str1.4
                0x10006590       0x4c CMakeFiles/tempNucleo.dir/main.c.obj
 .rodata.spin_lock_claim_unused.str1.4
                0x100065dc       0x1b CMakeFiles/tempNucleo.dir/C_/sdk/pico-sdk/src/rp2_common/hardware_sync/sync.c.obj
 *fill*         0x100065f7        0x1 
 .rodata.user_irq_claim_unused.str1.4
                0x100065f8       0x1b CMakeFiles/tempNucleo.dir/C_/sdk/pico-sdk/src/rp2_common/hardware_irq/irq.c.obj
 *fill*         0x10006613        0x1 
 .rodata.hardware_alarm_claim.str1.4
                0x10006614       0x22 CMakeFiles/tempNucleo.dir/C_/sdk/pico-sdk/src/rp2_common/hardware_timer/timer.c.obj
 *fill*         0x10006636        0x2 
 .rodata.panic.str1.4
                0x10006638       0x12 CMakeFiles/tempNucleo.dir/C_/sdk/pico-sdk/src/rp2_common/pico_runtime/runtime.c.obj
 *fill*         0x1000664a        0x2 
 .rodata.hard_assertion_failure.str1.4
                0x1000664c        0xc CMakeFiles/tempNucleo.dir/C_/sdk/pico-sdk/src/rp2_common/pico_runtime/runtime.c.obj
 .rodata._ftoa.str1.4
                0x10006658       0x15 CMakeFiles/tempNucleo.dir/C_/sdk/pico-sdk/src/rp2_common/pico_printf/printf.c.obj
 *fill*         0x1000666d        0x3 
 .rodata._vsnprintf
                0x10006670      0x19c CMakeFiles/tempNucleo.dir/C_/sdk/pico-sdk/src/rp2_common/pico_printf/printf.c.obj
 *fill*         0x1000680c        0x4 
 .rodata.pow10.0
                0x10006810       0x50 CMakeFiles/tempNucleo.dir/C_/sdk/pico-sdk/src/rp2_common/pico_printf/printf.c.obj
 .rodata.missing_double_func_shim.str1.4
                0x10006860       0x18 CMakeFiles/tempNucleo.dir/C_/sdk/pico-sdk/src/rp2_common/pico_double/double_init_rom.c.obj
 .rodata.missing_float_func_shim.str1.4
                0x10006878       0x18 CMakeFiles/tempNucleo.dir/C_/sdk/pico-sdk/src/rp2_common/pico_float/float_init_rom.c.obj
                                  0x1 (size before relaxing)
 .rodata.str1.4
                0x10006878       0x40 CMakeFiles/tempNucleo.dir/C_/sdk/pico-sdk/src/rp2_common/pico_standard_link/binary_info.c.obj
 .rodata.__bi_81
                0x100068b8        0xc CMakeFiles/tempNucleo.dir/C_/sdk/pico-sdk/src/rp2_common/pico_standard_link/binary_info.c.obj
 .rodata.__bi_75
                0x100068c4        0xc CMakeFiles/tempNucleo.dir/C_/sdk/pico-sdk/src/rp2_common/pico_standard_link/binary_info.c.obj
 .rodata.__bi_44
                0x100068d0        0xc CMakeFiles/tempNucleo.dir/C_/sdk/pico-sdk/src/rp2_common/pico_standard_link/binary_info.c.obj
 .rodata.crlf_str.0
                0x100068dc        0x2 CMakeFiles/tempNucleo.dir/C_/sdk/pico-sdk/src/rp2_common/pico_stdio/stdio.c.obj
 *fill*         0x100068de        0x2 
 .rodata._resetd_driver
                0x100068e0       0x18 CMakeFiles/tempNucleo.dir/C_/sdk/pico-sdk/src/rp2_common/pico_stdio_usb/reset_interface.c.obj
 .rodata.str1.4
                0x100068f8       0x13 CMakeFiles/tempNucleo.dir/C_/sdk/pico-sdk/src/rp2_common/pico_stdio_usb/stdio_usb.c.obj
 *fill*         0x1000690b        0x1 
 .rodata.__bi_188.0
                0x1000690c        0xc CMakeFiles/tempNucleo.dir/C_/sdk/pico-sdk/src/rp2_common/pico_stdio_usb/stdio_usb.c.obj
 .rodata.str1.4
                0x10006918       0x2a CMakeFiles/tempNucleo.dir/C_/sdk/pico-sdk/src/rp2_common/pico_stdio_usb/stdio_usb_descriptors.c.obj
 *fill*         0x10006942        0x2 
 .rodata.usbd_desc_str
                0x10006944       0x18 CMakeFiles/tempNucleo.dir/C_/sdk/pico-sdk/src/rp2_common/pico_stdio_usb/stdio_usb_descriptors.c.obj
 .rodata.usbd_desc_cfg
                0x1000695c       0x54 CMakeFiles/tempNucleo.dir/C_/sdk/pico-sdk/src/rp2_common/pico_stdio_usb/stdio_usb_descriptors.c.obj
 .rodata.usbd_desc_device
                0x100069b0       0x12 CMakeFiles/tempNucleo.dir/C_/sdk/pico-sdk/src/rp2_common/pico_stdio_usb/stdio_usb_descriptors.c.obj
 *fill*         0x100069c2        0x2 
 .rodata.str1.4
                0x100069c4       0x14 CMakeFiles/tempNucleo.dir/C_/sdk/pico-sdk/lib/tinyusb/src/portable/raspberrypi/rp2040/dcd_rp2040.c.obj
 .rodata.str1.4
                0x100069d8       0x53 CMakeFiles/tempNucleo.dir/C_/sdk/pico-sdk/lib/tinyusb/src/portable/raspberrypi/rp2040/rp2040_usb.c.obj
 *fill*         0x10006a2b        0x1 
 .rodata.tud_task_ext
                0x10006a2c       0x8c CMakeFiles/tempNucleo.dir/C_/sdk/pico-sdk/lib/tinyusb/src/device/usbd.c.obj
 .rodata._usbd_driver
                0x10006ab8       0x18 CMakeFiles/tempNucleo.dir/C_/sdk/pico-sdk/lib/tinyusb/src/device/usbd.c.obj
                0x10006ad0                        . = ALIGN (0x4)
 *(SORT_BY_ALIGNMENT(SORT_BY_NAME(.flashdata*)))
                0x10006ad0                        . = ALIGN (0x4)

.rel.dyn        0x10006ad0        0x0
 .rel.iplt      0x10006ad0        0x0 c:/bins/arm-gnu/bin/../lib/gcc/arm-none-eabi/12.3.1/thumb/v6-m/nofp/crtbegin.o

.ARM.extab
 *(.ARM.extab* .gnu.linkonce.armextab.*)
                0x10006ad0                        __exidx_start = .

.ARM.exidx
 *(.ARM.exidx* .gnu.linkonce.armexidx.*)
                0x10006ad0                        __exidx_end = .
                0x10006ad0                        . = ALIGN (0x4)
                0x10006ad0                        __binary_info_start = .

.binary_info    0x10006ad0       0x20
 *(.binary_info.keep.*)
 .binary_info.keep.__bi_ptr81
                0x10006ad0        0x4 CMakeFiles/tempNucleo.dir/C_/sdk/pico-sdk/src/rp2_common/pico_standard_link/binary_info.c.obj
 .binary_info.keep.__bi_ptr75
                0x10006ad4        0x4 CMakeFiles/tempNucleo.dir/C_/sdk/pico-sdk/src/rp2_common/pico_standard_link/binary_info.c.obj
 .binary_info.keep.__bi_ptr50
                0x10006ad8        0x4 CMakeFiles/tempNucleo.dir/C_/sdk/pico-sdk/src/rp2_common/pico_standard_link/binary_info.c.obj
 .binary_info.keep.__bi_ptr44
                0x10006adc        0x4 CMakeFiles/tempNucleo.dir/C_/sdk/pico-sdk/src/rp2_common/pico_standard_link/binary_info.c.obj
 .binary_info.keep.__bi_ptr38
                0x10006ae0        0x4 CMakeFiles/tempNucleo.dir/C_/sdk/pico-sdk/src/rp2_common/pico_standard_link/binary_info.c.obj
 .binary_info.keep.__bi_ptr30
                0x10006ae4        0x4 CMakeFiles/tempNucleo.dir/C_/sdk/pico-sdk/src/rp2_common/pico_standard_link/binary_info.c.obj
 .binary_info.keep.__bi_ptr22
                0x10006ae8        0x4 CMakeFiles/tempNucleo.dir/C_/sdk/pico-sdk/src/rp2_common/pico_standard_link/binary_info.c.obj
 *(.binary_info.*)
 .binary_info.__bi_ptr188
                0x10006aec        0x4 CMakeFiles/tempNucleo.dir/C_/sdk/pico-sdk/src/rp2_common/pico_stdio_usb/stdio_usb.c.obj
                0x10006af0                        __binary_info_end = .
                0x10006af0                        . = ALIGN (0x4)
                0x10006af0                        __etext = .

.ram_vector_table
                0x20000000       0xc0
 *(.ram_vector_table)
 .ram_vector_table
                0x20000000       0xc0 CMakeFiles/tempNucleo.dir/C_/sdk/pico-sdk/src/rp2_common/pico_runtime/runtime.c.obj
                0x20000000                ram_vector_table

.data           0x200000c0      0xe20 load address 0x10006af0
                0x200000c0                        __data_start__ = .
 *(vtable)
 *(.time_critical*)
 .time_critical.flash_init_boot2_copyout
                0x200000c0       0x30 CMakeFiles/tempNucleo.dir/C_/sdk/pico-sdk/src/rp2_common/hardware_flash/flash.c.obj
 .time_critical.flash_enable_xip_via_boot2
                0x200000f0        0xc CMakeFiles/tempNucleo.dir/C_/sdk/pico-sdk/src/rp2_common/hardware_flash/flash.c.obj
 .time_critical.flash_cs_force
                0x200000fc       0x38 CMakeFiles/tempNucleo.dir/C_/sdk/pico-sdk/src/rp2_common/hardware_flash/flash.c.obj
 .time_critical.flash_do_cmd
                0x20000134       0xc0 CMakeFiles/tempNucleo.dir/C_/sdk/pico-sdk/src/rp2_common/hardware_flash/flash.c.obj
                0x20000134                flash_do_cmd
 .time_critical.mutex_try_enter
                0x200001f4       0x40 CMakeFiles/tempNucleo.dir/C_/sdk/pico-sdk/src/common/pico_sync/mutex.c.obj
                0x200001f4                mutex_try_enter
 .time_critical.mutex_try_enter_block_until
                0x20000234       0x9c CMakeFiles/tempNucleo.dir/C_/sdk/pico-sdk/src/common/pico_sync/mutex.c.obj
                0x20000234                mutex_try_enter_block_until
 .time_critical.mutex_enter_timeout_ms
                0x200002d0       0x90 CMakeFiles/tempNucleo.dir/C_/sdk/pico-sdk/src/common/pico_sync/mutex.c.obj
                0x200002d0                mutex_enter_timeout_ms
 .time_critical.mutex_exit
                0x20000360       0x28 CMakeFiles/tempNucleo.dir/C_/sdk/pico-sdk/src/common/pico_sync/mutex.c.obj
                0x20000360                mutex_exit
 .time_critical.reset_non_control_endpoints
                0x20000388       0x68 CMakeFiles/tempNucleo.dir/C_/sdk/pico-sdk/lib/tinyusb/src/portable/raspberrypi/rp2040/dcd_rp2040.c.obj
 .time_critical.hw_handle_buff_status
                0x200003f0       0xac CMakeFiles/tempNucleo.dir/C_/sdk/pico-sdk/lib/tinyusb/src/portable/raspberrypi/rp2040/dcd_rp2040.c.obj
 .time_critical.dcd_rp2040_irq
                0x2000049c      0x510 CMakeFiles/tempNucleo.dir/C_/sdk/pico-sdk/lib/tinyusb/src/portable/raspberrypi/rp2040/dcd_rp2040.c.obj
 .time_critical.e15_is_bulkin_ep
                0x200009ac       0x28 CMakeFiles/tempNucleo.dir/C_/sdk/pico-sdk/lib/tinyusb/src/portable/raspberrypi/rp2040/rp2040_usb.c.obj
 .time_critical.e15_is_critical_frame_period
                0x200009d4       0x34 CMakeFiles/tempNucleo.dir/C_/sdk/pico-sdk/lib/tinyusb/src/portable/raspberrypi/rp2040/rp2040_usb.c.obj
 .time_critical.prepare_ep_buffer
                0x20000a08       0x6c CMakeFiles/tempNucleo.dir/C_/sdk/pico-sdk/lib/tinyusb/src/portable/raspberrypi/rp2040/rp2040_usb.c.obj
 .time_critical.sync_ep_buffer
                0x20000a74       0x48 CMakeFiles/tempNucleo.dir/C_/sdk/pico-sdk/lib/tinyusb/src/portable/raspberrypi/rp2040/rp2040_usb.c.obj
 .time_critical._hw_endpoint_xfer_sync
                0x20000abc       0x28 CMakeFiles/tempNucleo.dir/C_/sdk/pico-sdk/lib/tinyusb/src/portable/raspberrypi/rp2040/rp2040_usb.c.obj
 .time_critical.hw_endpoint_reset_transfer
                0x20000ae4        0xc CMakeFiles/tempNucleo.dir/C_/sdk/pico-sdk/lib/tinyusb/src/portable/raspberrypi/rp2040/rp2040_usb.c.obj
                0x20000ae4                hw_endpoint_reset_transfer
 .time_critical._hw_endpoint_buffer_control_update32
                0x20000af0       0x58 CMakeFiles/tempNucleo.dir/C_/sdk/pico-sdk/lib/tinyusb/src/portable/raspberrypi/rp2040/rp2040_usb.c.obj
                0x20000af0                _hw_endpoint_buffer_control_update32
 .time_critical.hw_endpoint_start_next_buffer
                0x20000b48       0x6c CMakeFiles/tempNucleo.dir/C_/sdk/pico-sdk/lib/tinyusb/src/portable/raspberrypi/rp2040/rp2040_usb.c.obj
                0x20000b48                hw_endpoint_start_next_buffer
 .time_critical.hw_endpoint_xfer_continue
                0x20000bb4       0x50 CMakeFiles/tempNucleo.dir/C_/sdk/pico-sdk/lib/tinyusb/src/portable/raspberrypi/rp2040/rp2040_usb.c.obj
                0x20000bb4                hw_endpoint_xfer_continue
 .time_critical.tinyusb
                0x20000c04      0x170 CMakeFiles/tempNucleo.dir/C_/sdk/pico-sdk/lib/tinyusb/src/device/usbd.c.obj
                0x20000c04                dcd_event_handler
 *(.text*)
 .text          0x20000d74        0x4 c:/bins/arm-gnu/bin/../lib/gcc/arm-none-eabi/12.3.1/thumb/v6-m/nofp\libgcc.a(_dvmd_tls.o)
                0x20000d74                __aeabi_idiv0
                0x20000d74                __aeabi_ldiv0
 .text.__stub   0x20000d78       0x70 linker stubs
                0x20000de8                        . = ALIGN (0x4)
 *(.rodata*)
                0x20000de8                        . = ALIGN (0x4)
 *(.data*)
 .data.striped_spin_lock_num
                0x20000de8        0x1 CMakeFiles/tempNucleo.dir/C_/sdk/pico-sdk/src/rp2_common/hardware_sync/sync.c.obj
 *fill*         0x20000de9        0x3 
 .data          0x20000dec       0x48 CMakeFiles/tempNucleo.dir/C_/sdk/pico-sdk/src/rp2_common/hardware_irq/irq_handler_chain.S.obj
                0x20000dec                irq_handler_chain_slots
                0x20000e1c                irq_handler_chain_first_slot
                0x20000e26                irq_handler_chain_remove_tail
 .data.default_alarm_pool
                0x20000e34       0x18 CMakeFiles/tempNucleo.dir/C_/sdk/pico-sdk/src/common/pico_time/time.c.obj
 .data.default_alarm_pool_heap
                0x20000e4c       0x10 CMakeFiles/tempNucleo.dir/C_/sdk/pico-sdk/src/common/pico_time/time.c.obj
 *fill*         0x20000e5c        0x4 
 .data.aeabi_bits_funcs
                0x20000e60       0x10 CMakeFiles/tempNucleo.dir/C_/sdk/pico-sdk/src/rp2_common/pico_bit_ops/bit_ops_aeabi.S.obj
                0x20000e60                aeabi_bits_funcs
                0x20000e70                aeabi_bits_funcs_end
 .data.aeabi_mem_funcs
                0x20000e70       0x10 CMakeFiles/tempNucleo.dir/C_/sdk/pico-sdk/src/rp2_common/pico_mem_ops/mem_ops_aeabi.S.obj
                0x20000e70                aeabi_mem_funcs
                0x20000e80                aeabi_mem_funcs_end
 .data.stdio_usb
                0x20000e80       0x18 CMakeFiles/tempNucleo.dir/C_/sdk/pico-sdk/src/rp2_common/pico_stdio_usb/stdio_usb.c.obj
                0x20000e80                stdio_usb
 .data.ep_dir_string
                0x20000e98        0x8 CMakeFiles/tempNucleo.dir/C_/sdk/pico-sdk/lib/tinyusb/src/portable/raspberrypi/rp2040/rp2040_usb.c.obj
                0x20000e98                ep_dir_string
 .data._usbd_qdef
                0x20000ea0       0x1c CMakeFiles/tempNucleo.dir/C_/sdk/pico-sdk/lib/tinyusb/src/device/usbd.c.obj
                0x20000ea0                _usbd_qdef
 .data._usbd_rhport
                0x20000ebc        0x1 CMakeFiles/tempNucleo.dir/C_/sdk/pico-sdk/lib/tinyusb/src/device/usbd.c.obj
                0x20000ec0                        . = ALIGN (0x4)
 *fill*         0x20000ebd        0x3 
 *(.after_data.*)
                0x20000ec0                        . = ALIGN (0x4)
                0x20000ec0                        PROVIDE (__mutex_array_start = .)
 *(SORT_BY_NAME(.mutex_array.*))
 *(.mutex_array)
 .mutex_array   0x20000ec0        0x8 CMakeFiles/tempNucleo.dir/C_/sdk/pico-sdk/src/rp2_common/pico_stdio/stdio.c.obj
                0x20000ec8                        PROVIDE (__mutex_array_end = .)
                0x20000ec8                        . = ALIGN (0x4)
                0x20000ec8                        PROVIDE (__preinit_array_start = .)
 *(SORT_BY_NAME(.preinit_array.*))
 .preinit_array.00001
                0x20000ec8        0x4 CMakeFiles/tempNucleo.dir/C_/sdk/pico-sdk/src/rp2_common/pico_mem_ops/mem_ops_aeabi.S.obj
 .preinit_array.00010
                0x20000ecc        0x4 CMakeFiles/tempNucleo.dir/C_/sdk/pico-sdk/src/rp2_common/pico_bit_ops/bit_ops_aeabi.S.obj
 .preinit_array.00020
                0x20000ed0        0x4 CMakeFiles/tempNucleo.dir/C_/sdk/pico-sdk/src/rp2_common/pico_double/double_aeabi.S.obj
 .preinit_array.00020
                0x20000ed4        0x4 CMakeFiles/tempNucleo.dir/C_/sdk/pico-sdk/src/rp2_common/pico_float/float_aeabi.S.obj
 *(.preinit_array)
                0x20000ed8                        PROVIDE (__preinit_array_end = .)
                0x20000ed8                        . = ALIGN (0x4)
                0x20000ed8                        PROVIDE (__init_array_start = .)
 *(SORT_BY_NAME(.init_array.*))
 *(.init_array)
 .init_array    0x20000ed8        0x4 c:/bins/arm-gnu/bin/../lib/gcc/arm-none-eabi/12.3.1/thumb/v6-m/nofp/crtbegin.o
 .init_array    0x20000edc        0x4 CMakeFiles/tempNucleo.dir/C_/sdk/pico-sdk/src/rp2_common/pico_unique_id/unique_id.c.obj
                0x20000ee0                        PROVIDE (__init_array_end = .)
                0x20000ee0                        . = ALIGN (0x4)
                [!provide]                        PROVIDE (__fini_array_start = .)
 *(SORT_BY_NAME(.fini_array.*))
 *(.fini_array)
                [!provide]                        PROVIDE (__fini_array_end = .)
 *(.jcr)
                0x20000ee0                        . = ALIGN (0x4)
                0x20000ee0                        __data_end__ = .

.tm_clone_table
                0x20000ee0        0x0 load address 0x10007910
 .tm_clone_table
                0x20000ee0        0x0 c:/bins/arm-gnu/bin/../lib/gcc/arm-none-eabi/12.3.1/thumb/v6-m/nofp/crtbegin.o
 .tm_clone_table
                0x20000ee0        0x0 c:/bins/arm-gnu/bin/../lib/gcc/arm-none-eabi/12.3.1/thumb/v6-m/nofp/crtend.o

.igot.plt       0x20000ee0        0x0 load address 0x10007910
 .igot.plt      0x20000ee0        0x0 c:/bins/arm-gnu/bin/../lib/gcc/arm-none-eabi/12.3.1/thumb/v6-m/nofp/crtbegin.o

.uninitialized_data
                0x20000ee0        0x0 load address 0x10007910
                0x20000ee0                        . = ALIGN (0x4)
 *(.uninitialized_data*)

.scratch_x      0x20040000        0x0 load address 0x10007910
                0x20040000                        __scratch_x_start__ = .
 *(.scratch_x.*)
                0x20040000                        . = ALIGN (0x4)
                0x20040000                        __scratch_x_end__ = .
                0x10007910                        __scratch_x_source__ = LOADADDR (.scratch_x)

.scratch_y      0x20041000        0x0 load address 0x10007910
                0x20041000                        __scratch_y_start__ = .
 *(.scratch_y.*)
                0x20041000                        . = ALIGN (0x4)
                0x20041000                        __scratch_y_end__ = .
                0x10007910                        __scratch_y_source__ = LOADADDR (.scratch_y)

.bss            0x20000ee0      0xd84
                0x20000ee0                        . = ALIGN (0x4)
                0x20000ee0                        __bss_start__ = .
 *(SORT_BY_ALIGNMENT(SORT_BY_NAME(.bss*)))
 .bss.configured_freq
                0x20000ee0       0x28 CMakeFiles/tempNucleo.dir/C_/sdk/pico-sdk/src/rp2_common/hardware_clocks/clocks.c.obj
 .bss.default_alarm_pool_entries
                0x20000f08      0x100 CMakeFiles/tempNucleo.dir/C_/sdk/pico-sdk/src/common/pico_time/time.c.obj
 .bss.last_avail_time.1
                0x20001008        0x8 CMakeFiles/tempNucleo.dir/C_/sdk/pico-sdk/src/rp2_common/pico_stdio_usb/stdio_usb.c.obj
 .bss.sd_table  0x20001010      0x100 CMakeFiles/tempNucleo.dir/C_/sdk/pico-sdk/src/rp2_common/pico_double/double_init_rom.c.obj
                0x20001010                sd_table
 .bss._app_driver
                0x20001110        0x4 CMakeFiles/tempNucleo.dir/C_/sdk/pico-sdk/lib/tinyusb/src/device/usbd.c.obj
 .bss._cdcd_itf
                0x20001114      0x2c8 CMakeFiles/tempNucleo.dir/C_/sdk/pico-sdk/lib/tinyusb/src/class/cdc/cdc_device.c.obj
 .bss._ctrl_xfer
                0x200013dc       0x14 CMakeFiles/tempNucleo.dir/C_/sdk/pico-sdk/lib/tinyusb/src/device/usbd_control.c.obj
 .bss._ubsd_mutexdef
                0x200013f0        0x8 CMakeFiles/tempNucleo.dir/C_/sdk/pico-sdk/lib/tinyusb/src/device/usbd.c.obj
 .bss._usbd_ctrl_buf
                0x200013f8       0x40 CMakeFiles/tempNucleo.dir/C_/sdk/pico-sdk/lib/tinyusb/src/device/usbd_control.c.obj
 .bss._usbd_dev
                0x20001438       0x53 CMakeFiles/tempNucleo.dir/C_/sdk/pico-sdk/lib/tinyusb/src/device/usbd.c.obj
 *fill*         0x2000148b        0x1 
 .bss._usbd_mutex
                0x2000148c        0x4 CMakeFiles/tempNucleo.dir/C_/sdk/pico-sdk/lib/tinyusb/src/device/usbd.c.obj
 .bss._usbd_q   0x20001490        0x4 CMakeFiles/tempNucleo.dir/C_/sdk/pico-sdk/lib/tinyusb/src/device/usbd.c.obj
 .bss._usbd_qdef_buf
                0x20001494       0xc0 CMakeFiles/tempNucleo.dir/C_/sdk/pico-sdk/lib/tinyusb/src/device/usbd.c.obj
                0x20001494                _usbd_qdef_buf
 .bss.alarm_callbacks
                0x20001554       0x10 CMakeFiles/tempNucleo.dir/C_/sdk/pico-sdk/src/rp2_common/hardware_timer/timer.c.obj
 .bss.boot2_copyout
                0x20001564      0x100 CMakeFiles/tempNucleo.dir/C_/sdk/pico-sdk/src/rp2_common/hardware_flash/flash.c.obj
 .bss.chars_available_callback
                0x20001664        0x4 CMakeFiles/tempNucleo.dir/C_/sdk/pico-sdk/src/rp2_common/pico_stdio_usb/stdio_usb.c.obj
 .bss.chars_available_param
                0x20001668        0x4 CMakeFiles/tempNucleo.dir/C_/sdk/pico-sdk/src/rp2_common/pico_stdio_usb/stdio_usb.c.obj
 .bss.claimed   0x2000166c        0x4 CMakeFiles/tempNucleo.dir/C_/sdk/pico-sdk/src/rp2_common/hardware_sync/sync.c.obj
 .bss.default_alarm_pool_entry_ids_high
                0x20001670       0x10 CMakeFiles/tempNucleo.dir/C_/sdk/pico-sdk/src/common/pico_time/time.c.obj
 .bss.default_alarm_pool_heap_nodes
                0x20001680       0x30 CMakeFiles/tempNucleo.dir/C_/sdk/pico-sdk/src/common/pico_time/time.c.obj
 .bss.desc_str.0
                0x200016b0       0x28 CMakeFiles/tempNucleo.dir/C_/sdk/pico-sdk/src/rp2_common/pico_stdio_usb/stdio_usb_descriptors.c.obj
 .bss.drivers   0x200016d8        0x4 CMakeFiles/tempNucleo.dir/C_/sdk/pico-sdk/src/rp2_common/pico_stdio/stdio.c.obj
 .bss.e15_last_sof
                0x200016dc        0x4 CMakeFiles/tempNucleo.dir/C_/sdk/pico-sdk/lib/tinyusb/src/portable/raspberrypi/rp2040/rp2040_usb.c.obj
                0x200016dc                e15_last_sof
 .bss.filter    0x200016e0        0x4 CMakeFiles/tempNucleo.dir/C_/sdk/pico-sdk/src/rp2_common/pico_stdio/stdio.c.obj
 .bss.hw_endpoints
                0x200016e4      0x400 CMakeFiles/tempNucleo.dir/C_/sdk/pico-sdk/lib/tinyusb/src/portable/raspberrypi/rp2040/dcd_rp2040.c.obj
 .bss.lazy_vsnprintf
                0x20001ae4        0x4 CMakeFiles/tempNucleo.dir/C_/sdk/pico-sdk/src/rp2_common/pico_printf/printf.c.obj
 .bss.load_value
                0x20001ae8        0x4 CMakeFiles/tempNucleo.dir/C_/sdk/pico-sdk/src/rp2_common/hardware_watchdog/watchdog.c.obj
 .bss.next_buffer_ptr
                0x20001aec        0x4 CMakeFiles/tempNucleo.dir/C_/sdk/pico-sdk/lib/tinyusb/src/portable/raspberrypi/rp2040/dcd_rp2040.c.obj
 .bss.object.0  0x20001af0       0x18 c:/bins/arm-gnu/bin/../lib/gcc/arm-none-eabi/12.3.1/thumb/v6-m/nofp/crtbegin.o
 .bss.one_shot_timer_crit_sec
                0x20001b08        0x8 CMakeFiles/tempNucleo.dir/C_/sdk/pico-sdk/src/rp2_common/pico_stdio_usb/stdio_usb.c.obj
 .bss.pools     0x20001b10       0x10 CMakeFiles/tempNucleo.dir/C_/sdk/pico-sdk/src/common/pico_time/time.c.obj
 .bss.retrieved_id
                0x20001b20        0x8 CMakeFiles/tempNucleo.dir/C_/sdk/pico-sdk/src/rp2_common/pico_unique_id/unique_id.c.obj
 .bss.sf_clz_func
                0x20001b28        0x4 CMakeFiles/tempNucleo.dir/C_/sdk/pico-sdk/src/rp2_common/pico_double/double_init_rom.c.obj
                0x20001b28                sf_clz_func
 .bss.sf_table  0x20001b2c      0x100 CMakeFiles/tempNucleo.dir/C_/sdk/pico-sdk/src/rp2_common/pico_float/float_init_rom.c.obj
                0x20001b2c                sf_table
 .bss.sleep_notifier
                0x20001c2c        0x4 CMakeFiles/tempNucleo.dir/C_/sdk/pico-sdk/src/common/pico_time/time.c.obj
 .bss.stdio_usb_mutex
                0x20001c30        0x8 CMakeFiles/tempNucleo.dir/C_/sdk/pico-sdk/src/rp2_common/pico_stdio_usb/stdio_usb.c.obj
 .bss.target_hi
                0x20001c38       0x10 CMakeFiles/tempNucleo.dir/C_/sdk/pico-sdk/src/rp2_common/hardware_timer/timer.c.obj
 .bss.usbd_serial_str
                0x20001c48       0x11 CMakeFiles/tempNucleo.dir/C_/sdk/pico-sdk/src/rp2_common/pico_stdio_usb/stdio_usb_descriptors.c.obj
 .bss._app_driver_count
                0x20001c59        0x1 CMakeFiles/tempNucleo.dir/C_/sdk/pico-sdk/lib/tinyusb/src/device/usbd.c.obj
 .bss._sof_enable
                0x20001c5a        0x1 CMakeFiles/tempNucleo.dir/C_/sdk/pico-sdk/lib/tinyusb/src/portable/raspberrypi/rp2040/dcd_rp2040.c.obj
 .bss.boot2_copyout_valid
                0x20001c5b        0x1 CMakeFiles/tempNucleo.dir/C_/sdk/pico-sdk/src/rp2_common/hardware_flash/flash.c.obj
 .bss.claimed   0x20001c5c        0x1 CMakeFiles/tempNucleo.dir/C_/sdk/pico-sdk/src/rp2_common/hardware_timer/timer.c.obj
 .bss.irq_hander_chain_free_slot_head
                0x20001c5d        0x1 CMakeFiles/tempNucleo.dir/C_/sdk/pico-sdk/src/rp2_common/hardware_irq/irq.c.obj
 .bss.itf_num   0x20001c5e        0x1 CMakeFiles/tempNucleo.dir/C_/sdk/pico-sdk/src/rp2_common/pico_stdio_usb/reset_interface.c.obj
 .bss.low_priority_irq_num
                0x20001c5f        0x1 CMakeFiles/tempNucleo.dir/C_/sdk/pico-sdk/src/rp2_common/pico_stdio_usb/stdio_usb.c.obj
 .bss.one_shot_timer_pending
                0x20001c60        0x1 CMakeFiles/tempNucleo.dir/C_/sdk/pico-sdk/src/rp2_common/pico_stdio_usb/stdio_usb.c.obj
 .bss.timer_callbacks_pending
                0x20001c61        0x1 CMakeFiles/tempNucleo.dir/C_/sdk/pico-sdk/src/rp2_common/hardware_timer/timer.c.obj
 .bss.user_irq_claimed
                0x20001c62        0x1 CMakeFiles/tempNucleo.dir/C_/sdk/pico-sdk/src/rp2_common/hardware_irq/irq.c.obj
 *(COMMON)
                0x20001c64                        . = ALIGN (0x4)
 *fill*         0x20001c63        0x1 
                0x20001c64                        __bss_end__ = .

.heap           0x20001c64      0x800
                0x20001c64                        __end__ = .
                0x20001c64                        end = __end__
 *(.heap*)
 .heap          0x20001c64      0x800 CMakeFiles/tempNucleo.dir/C_/sdk/pico-sdk/src/rp2_common/pico_standard_link/crt0.S.obj
                0x20002464                        __HeapLimit = .

.stack1_dummy
 *(.stack1*)

.stack_dummy    0x20041000      0x800
 *(.stack*)
 .stack         0x20041000      0x800 CMakeFiles/tempNucleo.dir/C_/sdk/pico-sdk/src/rp2_common/pico_standard_link/crt0.S.obj

.flash_end      0x10007910        0x0
                0x10007910                        __flash_binary_end = .
                0x20040000                        __StackLimit = (ORIGIN (RAM) + LENGTH (RAM))
                0x20041000                        __StackOneTop = (ORIGIN (SCRATCH_X) + LENGTH (SCRATCH_X))
                0x20042000                        __StackTop = (ORIGIN (SCRATCH_Y) + LENGTH (SCRATCH_Y))
                0x20041000                        __StackOneBottom = (__StackOneTop - SIZEOF (.stack1_dummy))
                0x20041800                        __StackBottom = (__StackTop - SIZEOF (.stack_dummy))
                0x20042000                        PROVIDE (__stack = __StackTop)
                0x00000001                        ASSERT ((__StackLimit >= __HeapLimit), region RAM overflowed)
                0x00000001                        ASSERT (((__binary_info_header_end - __logical_binary_start) <= 0x100), Binary info must be in first 256 bytes of the binary)
LOAD CMakeFiles/tempNucleo.dir/main.c.obj
LOAD CMakeFiles/tempNucleo.dir/C_/sdk/pico-sdk/src/rp2_common/pico_cyw43_arch/cyw43_arch.c.obj
LOAD CMakeFiles/tempNucleo.dir/C_/sdk/pico-sdk/src/rp2_common/pico_cyw43_arch/cyw43_arch_poll.c.obj
LOAD CMakeFiles/tempNucleo.dir/C_/sdk/pico-sdk/src/rp2_common/pico_cyw43_arch/cyw43_arch_threadsafe_background.c.obj
LOAD CMakeFiles/tempNucleo.dir/C_/sdk/pico-sdk/src/rp2_common/pico_cyw43_arch/cyw43_arch_freertos.c.obj
LOAD CMakeFiles/tempNucleo.dir/C_/sdk/pico-sdk/src/rp2_common/pico_unique_id/unique_id.c.obj
LOAD CMakeFiles/tempNucleo.dir/C_/sdk/pico-sdk/src/rp2_common/hardware_flash/flash.c.obj
LOAD CMakeFiles/tempNucleo.dir/C_/sdk/pico-sdk/src/rp2_common/pico_platform/platform.c.obj
LOAD CMakeFiles/tempNucleo.dir/C_/sdk/pico-sdk/src/rp2_common/hardware_claim/claim.c.obj
LOAD CMakeFiles/tempNucleo.dir/C_/sdk/pico-sdk/src/rp2_common/hardware_sync/sync.c.obj
LOAD CMakeFiles/tempNucleo.dir/C_/sdk/pico-sdk/src/rp2_common/pico_bootrom/bootrom.c.obj
LOAD CMakeFiles/tempNucleo.dir/C_/sdk/pico-sdk/src/rp2_common/pico_cyw43_driver/cyw43_bus_pio_spi.c.obj
LOAD CMakeFiles/tempNucleo.dir/C_/sdk/pico-sdk/lib/cyw43-driver/src/cyw43_ll.c.obj
LOAD CMakeFiles/tempNucleo.dir/C_/sdk/pico-sdk/lib/cyw43-driver/src/cyw43_stats.c.obj
LOAD CMakeFiles/tempNucleo.dir/C_/sdk/pico-sdk/lib/cyw43-driver/src/cyw43_lwip.c.obj
LOAD CMakeFiles/tempNucleo.dir/C_/sdk/pico-sdk/lib/cyw43-driver/src/cyw43_ctrl.c.obj
LOAD CMakeFiles/tempNucleo.dir/C_/sdk/pico-sdk/src/rp2_common/pico_cyw43_driver/cybt_shared_bus/cybt_shared_bus.c.obj
LOAD CMakeFiles/tempNucleo.dir/C_/sdk/pico-sdk/src/rp2_common/pico_cyw43_driver/cybt_shared_bus/cybt_shared_bus_driver.c.obj
LOAD CMakeFiles/tempNucleo.dir/C_/sdk/pico-sdk/src/rp2_common/hardware_pio/pio.c.obj
LOAD CMakeFiles/tempNucleo.dir/C_/sdk/pico-sdk/src/rp2_common/hardware_gpio/gpio.c.obj
LOAD CMakeFiles/tempNucleo.dir/C_/sdk/pico-sdk/src/rp2_common/hardware_irq/irq.c.obj
LOAD CMakeFiles/tempNucleo.dir/C_/sdk/pico-sdk/src/rp2_common/hardware_irq/irq_handler_chain.S.obj
LOAD CMakeFiles/tempNucleo.dir/C_/sdk/pico-sdk/src/common/pico_sync/sem.c.obj
LOAD CMakeFiles/tempNucleo.dir/C_/sdk/pico-sdk/src/common/pico_sync/lock_core.c.obj
LOAD CMakeFiles/tempNucleo.dir/C_/sdk/pico-sdk/src/common/pico_sync/mutex.c.obj
LOAD CMakeFiles/tempNucleo.dir/C_/sdk/pico-sdk/src/common/pico_sync/critical_section.c.obj
LOAD CMakeFiles/tempNucleo.dir/C_/sdk/pico-sdk/src/common/pico_time/time.c.obj
LOAD CMakeFiles/tempNucleo.dir/C_/sdk/pico-sdk/src/common/pico_time/timeout_helper.c.obj
LOAD CMakeFiles/tempNucleo.dir/C_/sdk/pico-sdk/src/rp2_common/hardware_timer/timer.c.obj
LOAD CMakeFiles/tempNucleo.dir/C_/sdk/pico-sdk/src/common/pico_util/datetime.c.obj
LOAD CMakeFiles/tempNucleo.dir/C_/sdk/pico-sdk/src/common/pico_util/pheap.c.obj
LOAD CMakeFiles/tempNucleo.dir/C_/sdk/pico-sdk/src/common/pico_util/queue.c.obj
LOAD CMakeFiles/tempNucleo.dir/C_/sdk/pico-sdk/src/rp2_common/hardware_dma/dma.c.obj
LOAD CMakeFiles/tempNucleo.dir/C_/sdk/pico-sdk/src/rp2_common/hardware_exception/exception.c.obj
LOAD CMakeFiles/tempNucleo.dir/C_/sdk/pico-sdk/src/rp2_common/pico_cyw43_driver/cyw43_driver.c.obj
LOAD CMakeFiles/tempNucleo.dir/C_/sdk/pico-sdk/src/rp2_common/pico_async_context/async_context_threadsafe_background.c.obj
LOAD CMakeFiles/tempNucleo.dir/C_/sdk/pico-sdk/src/rp2_common/pico_async_context/async_context_base.c.obj
LOAD CMakeFiles/tempNucleo.dir/C_/sdk/pico-sdk/src/rp2_common/pico_stdlib/stdlib.c.obj
LOAD CMakeFiles/tempNucleo.dir/C_/sdk/pico-sdk/src/rp2_common/hardware_uart/uart.c.obj
LOAD CMakeFiles/tempNucleo.dir/C_/sdk/pico-sdk/src/rp2_common/hardware_clocks/clocks.c.obj
LOAD CMakeFiles/tempNucleo.dir/C_/sdk/pico-sdk/src/rp2_common/hardware_pll/pll.c.obj
LOAD CMakeFiles/tempNucleo.dir/C_/sdk/pico-sdk/src/rp2_common/hardware_vreg/vreg.c.obj
LOAD CMakeFiles/tempNucleo.dir/C_/sdk/pico-sdk/src/rp2_common/hardware_watchdog/watchdog.c.obj
LOAD CMakeFiles/tempNucleo.dir/C_/sdk/pico-sdk/src/rp2_common/hardware_xosc/xosc.c.obj
LOAD CMakeFiles/tempNucleo.dir/C_/sdk/pico-sdk/src/rp2_common/hardware_divider/divider.S.obj
LOAD CMakeFiles/tempNucleo.dir/C_/sdk/pico-sdk/src/rp2_common/pico_runtime/runtime.c.obj
LOAD CMakeFiles/tempNucleo.dir/C_/sdk/pico-sdk/src/rp2_common/pico_printf/printf.c.obj
LOAD CMakeFiles/tempNucleo.dir/C_/sdk/pico-sdk/src/rp2_common/pico_bit_ops/bit_ops_aeabi.S.obj
LOAD CMakeFiles/tempNucleo.dir/C_/sdk/pico-sdk/src/rp2_common/pico_divider/divider.S.obj
LOAD CMakeFiles/tempNucleo.dir/C_/sdk/pico-sdk/src/rp2_common/pico_double/double_aeabi.S.obj
LOAD CMakeFiles/tempNucleo.dir/C_/sdk/pico-sdk/src/rp2_common/pico_double/double_init_rom.c.obj
LOAD CMakeFiles/tempNucleo.dir/C_/sdk/pico-sdk/src/rp2_common/pico_double/double_math.c.obj
LOAD CMakeFiles/tempNucleo.dir/C_/sdk/pico-sdk/src/rp2_common/pico_double/double_v1_rom_shim.S.obj
LOAD CMakeFiles/tempNucleo.dir/C_/sdk/pico-sdk/src/rp2_common/pico_int64_ops/pico_int64_ops_aeabi.S.obj
LOAD CMakeFiles/tempNucleo.dir/C_/sdk/pico-sdk/src/rp2_common/pico_float/float_aeabi.S.obj
LOAD CMakeFiles/tempNucleo.dir/C_/sdk/pico-sdk/src/rp2_common/pico_float/float_init_rom.c.obj
LOAD CMakeFiles/tempNucleo.dir/C_/sdk/pico-sdk/src/rp2_common/pico_float/float_math.c.obj
LOAD CMakeFiles/tempNucleo.dir/C_/sdk/pico-sdk/src/rp2_common/pico_float/float_v1_rom_shim.S.obj
LOAD CMakeFiles/tempNucleo.dir/C_/sdk/pico-sdk/src/rp2_common/pico_malloc/pico_malloc.c.obj
LOAD CMakeFiles/tempNucleo.dir/C_/sdk/pico-sdk/src/rp2_common/pico_mem_ops/mem_ops_aeabi.S.obj
LOAD CMakeFiles/tempNucleo.dir/C_/sdk/pico-sdk/src/rp2_common/pico_standard_link/crt0.S.obj
LOAD CMakeFiles/tempNucleo.dir/C_/sdk/pico-sdk/src/rp2_common/pico_standard_link/new_delete.cpp.obj
LOAD CMakeFiles/tempNucleo.dir/C_/sdk/pico-sdk/src/rp2_common/pico_standard_link/binary_info.c.obj
LOAD CMakeFiles/tempNucleo.dir/C_/sdk/pico-sdk/src/rp2_common/pico_stdio/stdio.c.obj
LOAD CMakeFiles/tempNucleo.dir/C_/sdk/pico-sdk/src/rp2_common/pico_stdio_usb/reset_interface.c.obj
LOAD CMakeFiles/tempNucleo.dir/C_/sdk/pico-sdk/src/rp2_common/pico_stdio_usb/stdio_usb.c.obj
LOAD CMakeFiles/tempNucleo.dir/C_/sdk/pico-sdk/src/rp2_common/pico_stdio_usb/stdio_usb_descriptors.c.obj
LOAD CMakeFiles/tempNucleo.dir/C_/sdk/pico-sdk/lib/tinyusb/src/portable/raspberrypi/rp2040/dcd_rp2040.c.obj
LOAD CMakeFiles/tempNucleo.dir/C_/sdk/pico-sdk/lib/tinyusb/src/portable/raspberrypi/rp2040/rp2040_usb.c.obj
LOAD CMakeFiles/tempNucleo.dir/C_/sdk/pico-sdk/lib/tinyusb/src/device/usbd.c.obj
LOAD CMakeFiles/tempNucleo.dir/C_/sdk/pico-sdk/lib/tinyusb/src/device/usbd_control.c.obj
LOAD CMakeFiles/tempNucleo.dir/C_/sdk/pico-sdk/lib/tinyusb/src/class/audio/audio_device.c.obj
LOAD CMakeFiles/tempNucleo.dir/C_/sdk/pico-sdk/lib/tinyusb/src/class/cdc/cdc_device.c.obj
LOAD CMakeFiles/tempNucleo.dir/C_/sdk/pico-sdk/lib/tinyusb/src/class/dfu/dfu_device.c.obj
LOAD CMakeFiles/tempNucleo.dir/C_/sdk/pico-sdk/lib/tinyusb/src/class/dfu/dfu_rt_device.c.obj
LOAD CMakeFiles/tempNucleo.dir/C_/sdk/pico-sdk/lib/tinyusb/src/class/hid/hid_device.c.obj
LOAD CMakeFiles/tempNucleo.dir/C_/sdk/pico-sdk/lib/tinyusb/src/class/midi/midi_device.c.obj
LOAD CMakeFiles/tempNucleo.dir/C_/sdk/pico-sdk/lib/tinyusb/src/class/msc/msc_device.c.obj
LOAD CMakeFiles/tempNucleo.dir/C_/sdk/pico-sdk/lib/tinyusb/src/class/net/ecm_rndis_device.c.obj
LOAD CMakeFiles/tempNucleo.dir/C_/sdk/pico-sdk/lib/tinyusb/src/class/net/ncm_device.c.obj
LOAD CMakeFiles/tempNucleo.dir/C_/sdk/pico-sdk/lib/tinyusb/src/class/usbtmc/usbtmc_device.c.obj
LOAD CMakeFiles/tempNucleo.dir/C_/sdk/pico-sdk/lib/tinyusb/src/class/vendor/vendor_device.c.obj
LOAD CMakeFiles/tempNucleo.dir/C_/sdk/pico-sdk/lib/tinyusb/src/class/video/video_device.c.obj
LOAD CMakeFiles/tempNucleo.dir/C_/sdk/pico-sdk/lib/tinyusb/src/tusb.c.obj
LOAD CMakeFiles/tempNucleo.dir/C_/sdk/pico-sdk/lib/tinyusb/src/common/tusb_fifo.c.obj
LOAD CMakeFiles/tempNucleo.dir/C_/sdk/pico-sdk/src/rp2_common/pico_fix/rp2040_usb_device_enumeration/rp2040_usb_device_enumeration.c.obj
LOAD CMakeFiles/tempNucleo.dir/C_/sdk/pico-sdk/src/rp2_common/hardware_adc/adc.c.obj
LOAD C:\Users\447554\AppData\Local\Temp\ccEVVguA.o
LOAD c:/bins/arm-gnu/bin/../lib/gcc/arm-none-eabi/12.3.1/thumb/v6-m/nofp\libstdc++.a
LOAD c:/bins/arm-gnu/bin/../lib/gcc/arm-none-eabi/12.3.1/thumb/v6-m/nofp\libm.a
START GROUP
LOAD c:/bins/arm-gnu/bin/../lib/gcc/arm-none-eabi/12.3.1/thumb/v6-m/nofp\libgcc.a
LOAD c:/bins/arm-gnu/bin/../lib/gcc/arm-none-eabi/12.3.1/thumb/v6-m/nofp\libc.a
END GROUP
START GROUP
LOAD c:/bins/arm-gnu/bin/../lib/gcc/arm-none-eabi/12.3.1/thumb/v6-m/nofp\libgcc.a
LOAD c:/bins/arm-gnu/bin/../lib/gcc/arm-none-eabi/12.3.1/thumb/v6-m/nofp\libc.a
LOAD c:/bins/arm-gnu/bin/../lib/gcc/arm-none-eabi/12.3.1/thumb/v6-m/nofp\libnosys.a
END GROUP
LOAD c:/bins/arm-gnu/bin/../lib/gcc/arm-none-eabi/12.3.1/thumb/v6-m/nofp/crtend.o
LOAD c:/bins/arm-gnu/bin/../lib/gcc/arm-none-eabi/12.3.1/thumb/v6-m/nofp/crtn.o
OUTPUT(tempNucleo.elf elf32-littlearm)
LOAD linker stubs

.ARM.attributes
                0x00000000       0x28
 .ARM.attributes
                0x00000000       0x1e c:/bins/arm-gnu/bin/../lib/gcc/arm-none-eabi/12.3.1/thumb/v6-m/nofp/crti.o
 .ARM.attributes
                0x0000001e       0x2c c:/bins/arm-gnu/bin/../lib/gcc/arm-none-eabi/12.3.1/thumb/v6-m/nofp/crtbegin.o
 .ARM.attributes
                0x0000004a       0x2c CMakeFiles/tempNucleo.dir/main.c.obj
 .ARM.attributes
                0x00000076       0x2c CMakeFiles/tempNucleo.dir/C_/sdk/pico-sdk/src/rp2_common/pico_unique_id/unique_id.c.obj
 .ARM.attributes
                0x000000a2       0x2c CMakeFiles/tempNucleo.dir/C_/sdk/pico-sdk/src/rp2_common/hardware_flash/flash.c.obj
 .ARM.attributes
                0x000000ce       0x2c CMakeFiles/tempNucleo.dir/C_/sdk/pico-sdk/src/rp2_common/pico_platform/platform.c.obj
 .ARM.attributes
                0x000000fa       0x2c CMakeFiles/tempNucleo.dir/C_/sdk/pico-sdk/src/rp2_common/hardware_claim/claim.c.obj
 .ARM.attributes
                0x00000126       0x2c CMakeFiles/tempNucleo.dir/C_/sdk/pico-sdk/src/rp2_common/hardware_sync/sync.c.obj
 .ARM.attributes
                0x00000152       0x2c CMakeFiles/tempNucleo.dir/C_/sdk/pico-sdk/src/rp2_common/pico_bootrom/bootrom.c.obj
 .ARM.attributes
                0x0000017e       0x2c CMakeFiles/tempNucleo.dir/C_/sdk/pico-sdk/src/rp2_common/hardware_irq/irq.c.obj
 .ARM.attributes
                0x000001aa       0x22 CMakeFiles/tempNucleo.dir/C_/sdk/pico-sdk/src/rp2_common/hardware_irq/irq_handler_chain.S.obj
 .ARM.attributes
                0x000001cc       0x2c CMakeFiles/tempNucleo.dir/C_/sdk/pico-sdk/src/common/pico_sync/lock_core.c.obj
 .ARM.attributes
                0x000001f8       0x2c CMakeFiles/tempNucleo.dir/C_/sdk/pico-sdk/src/common/pico_sync/mutex.c.obj
 .ARM.attributes
                0x00000224       0x2c CMakeFiles/tempNucleo.dir/C_/sdk/pico-sdk/src/common/pico_sync/critical_section.c.obj
 .ARM.attributes
                0x00000250       0x2c CMakeFiles/tempNucleo.dir/C_/sdk/pico-sdk/src/common/pico_time/time.c.obj
 .ARM.attributes
                0x0000027c       0x2c CMakeFiles/tempNucleo.dir/C_/sdk/pico-sdk/src/rp2_common/hardware_timer/timer.c.obj
 .ARM.attributes
                0x000002a8       0x2c CMakeFiles/tempNucleo.dir/C_/sdk/pico-sdk/src/common/pico_util/pheap.c.obj
 .ARM.attributes
                0x000002d4       0x2c CMakeFiles/tempNucleo.dir/C_/sdk/pico-sdk/src/rp2_common/hardware_clocks/clocks.c.obj
 .ARM.attributes
                0x00000300       0x2c CMakeFiles/tempNucleo.dir/C_/sdk/pico-sdk/src/rp2_common/hardware_pll/pll.c.obj
 .ARM.attributes
                0x0000032c       0x2c CMakeFiles/tempNucleo.dir/C_/sdk/pico-sdk/src/rp2_common/hardware_watchdog/watchdog.c.obj
 .ARM.attributes
                0x00000358       0x2c CMakeFiles/tempNucleo.dir/C_/sdk/pico-sdk/src/rp2_common/hardware_xosc/xosc.c.obj
 .ARM.attributes
                0x00000384       0x2c CMakeFiles/tempNucleo.dir/C_/sdk/pico-sdk/src/rp2_common/pico_runtime/runtime.c.obj
 .ARM.attributes
                0x000003b0       0x2c CMakeFiles/tempNucleo.dir/C_/sdk/pico-sdk/src/rp2_common/pico_printf/printf.c.obj
 .ARM.attributes
                0x000003dc       0x22 CMakeFiles/tempNucleo.dir/C_/sdk/pico-sdk/src/rp2_common/pico_bit_ops/bit_ops_aeabi.S.obj
 .ARM.attributes
                0x000003fe       0x22 CMakeFiles/tempNucleo.dir/C_/sdk/pico-sdk/src/rp2_common/pico_divider/divider.S.obj
 .ARM.attributes
                0x00000420       0x22 CMakeFiles/tempNucleo.dir/C_/sdk/pico-sdk/src/rp2_common/pico_double/double_aeabi.S.obj
 .ARM.attributes
                0x00000442       0x2c CMakeFiles/tempNucleo.dir/C_/sdk/pico-sdk/src/rp2_common/pico_double/double_init_rom.c.obj
 .ARM.attributes
                0x0000046e       0x22 CMakeFiles/tempNucleo.dir/C_/sdk/pico-sdk/src/rp2_common/pico_double/double_v1_rom_shim.S.obj
 .ARM.attributes
                0x00000490       0x22 CMakeFiles/tempNucleo.dir/C_/sdk/pico-sdk/src/rp2_common/pico_int64_ops/pico_int64_ops_aeabi.S.obj
 .ARM.attributes
                0x000004b2       0x22 CMakeFiles/tempNucleo.dir/C_/sdk/pico-sdk/src/rp2_common/pico_float/float_aeabi.S.obj
 .ARM.attributes
                0x000004d4       0x2c CMakeFiles/tempNucleo.dir/C_/sdk/pico-sdk/src/rp2_common/pico_float/float_init_rom.c.obj
 .ARM.attributes
                0x00000500       0x22 CMakeFiles/tempNucleo.dir/C_/sdk/pico-sdk/src/rp2_common/pico_mem_ops/mem_ops_aeabi.S.obj
 .ARM.attributes
                0x00000522       0x22 CMakeFiles/tempNucleo.dir/C_/sdk/pico-sdk/src/rp2_common/pico_standard_link/crt0.S.obj
 .ARM.attributes
                0x00000544       0x2c CMakeFiles/tempNucleo.dir/C_/sdk/pico-sdk/src/rp2_common/pico_standard_link/binary_info.c.obj
 .ARM.attributes
                0x00000570       0x2c CMakeFiles/tempNucleo.dir/C_/sdk/pico-sdk/src/rp2_common/pico_stdio/stdio.c.obj
 .ARM.attributes
                0x0000059c       0x2c CMakeFiles/tempNucleo.dir/C_/sdk/pico-sdk/src/rp2_common/pico_stdio_usb/reset_interface.c.obj
 .ARM.attributes
                0x000005c8       0x2c CMakeFiles/tempNucleo.dir/C_/sdk/pico-sdk/src/rp2_common/pico_stdio_usb/stdio_usb.c.obj
 .ARM.attributes
                0x000005f4       0x2c CMakeFiles/tempNucleo.dir/C_/sdk/pico-sdk/src/rp2_common/pico_stdio_usb/stdio_usb_descriptors.c.obj
 .ARM.attributes
                0x00000620       0x2c CMakeFiles/tempNucleo.dir/C_/sdk/pico-sdk/lib/tinyusb/src/portable/raspberrypi/rp2040/dcd_rp2040.c.obj
 .ARM.attributes
                0x0000064c       0x2c CMakeFiles/tempNucleo.dir/C_/sdk/pico-sdk/lib/tinyusb/src/portable/raspberrypi/rp2040/rp2040_usb.c.obj
 .ARM.attributes
                0x00000678       0x2c CMakeFiles/tempNucleo.dir/C_/sdk/pico-sdk/lib/tinyusb/src/device/usbd.c.obj
 .ARM.attributes
                0x000006a4       0x2c CMakeFiles/tempNucleo.dir/C_/sdk/pico-sdk/lib/tinyusb/src/device/usbd_control.c.obj
 .ARM.attributes
                0x000006d0       0x2c CMakeFiles/tempNucleo.dir/C_/sdk/pico-sdk/lib/tinyusb/src/class/cdc/cdc_device.c.obj
 .ARM.attributes
                0x000006fc       0x2c CMakeFiles/tempNucleo.dir/C_/sdk/pico-sdk/lib/tinyusb/src/tusb.c.obj
 .ARM.attributes
                0x00000728       0x2c CMakeFiles/tempNucleo.dir/C_/sdk/pico-sdk/lib/tinyusb/src/common/tusb_fifo.c.obj
 .ARM.attributes
                0x00000754       0x2c CMakeFiles/tempNucleo.dir/C_/sdk/pico-sdk/src/rp2_common/hardware_adc/adc.c.obj
 .ARM.attributes
                0x00000780       0x22 C:\Users\447554\AppData\Local\Temp\ccEVVguA.o
 .ARM.attributes
                0x000007a2       0x1e c:/bins/arm-gnu/bin/../lib/gcc/arm-none-eabi/12.3.1/thumb/v6-m/nofp\libgcc.a(_dvmd_tls.o)
 .ARM.attributes
                0x000007c0       0x2c c:/bins/arm-gnu/bin/../lib/gcc/arm-none-eabi/12.3.1/thumb/v6-m/nofp\libc.a(libc_a-strlen-stub.o)
 .ARM.attributes
                0x000007ec       0x2c c:/bins/arm-gnu/bin/../lib/gcc/arm-none-eabi/12.3.1/thumb/v6-m/nofp/crtend.o

.comment        0x00000000       0x45
 .comment       0x00000000       0x45 CMakeFiles/tempNucleo.dir/main.c.obj
                                 0x46 (size before relaxing)
 .comment       0x00000045       0x46 CMakeFiles/tempNucleo.dir/C_/sdk/pico-sdk/src/rp2_common/pico_unique_id/unique_id.c.obj
 .comment       0x00000045       0x46 CMakeFiles/tempNucleo.dir/C_/sdk/pico-sdk/src/rp2_common/hardware_flash/flash.c.obj
 .comment       0x00000045       0x46 CMakeFiles/tempNucleo.dir/C_/sdk/pico-sdk/src/rp2_common/pico_platform/platform.c.obj
 .comment       0x00000045       0x46 CMakeFiles/tempNucleo.dir/C_/sdk/pico-sdk/src/rp2_common/hardware_claim/claim.c.obj
 .comment       0x00000045       0x46 CMakeFiles/tempNucleo.dir/C_/sdk/pico-sdk/src/rp2_common/hardware_sync/sync.c.obj
 .comment       0x00000045       0x46 CMakeFiles/tempNucleo.dir/C_/sdk/pico-sdk/src/rp2_common/pico_bootrom/bootrom.c.obj
 .comment       0x00000045       0x46 CMakeFiles/tempNucleo.dir/C_/sdk/pico-sdk/src/rp2_common/hardware_irq/irq.c.obj
 .comment       0x00000045       0x46 CMakeFiles/tempNucleo.dir/C_/sdk/pico-sdk/src/common/pico_sync/lock_core.c.obj
 .comment       0x00000045       0x46 CMakeFiles/tempNucleo.dir/C_/sdk/pico-sdk/src/common/pico_sync/mutex.c.obj
 .comment       0x00000045       0x46 CMakeFiles/tempNucleo.dir/C_/sdk/pico-sdk/src/common/pico_sync/critical_section.c.obj
 .comment       0x00000045       0x46 CMakeFiles/tempNucleo.dir/C_/sdk/pico-sdk/src/common/pico_time/time.c.obj
 .comment       0x00000045       0x46 CMakeFiles/tempNucleo.dir/C_/sdk/pico-sdk/src/rp2_common/hardware_timer/timer.c.obj
 .comment       0x00000045       0x46 CMakeFiles/tempNucleo.dir/C_/sdk/pico-sdk/src/common/pico_util/pheap.c.obj
 .comment       0x00000045       0x46 CMakeFiles/tempNucleo.dir/C_/sdk/pico-sdk/src/rp2_common/hardware_clocks/clocks.c.obj
 .comment       0x00000045       0x46 CMakeFiles/tempNucleo.dir/C_/sdk/pico-sdk/src/rp2_common/hardware_pll/pll.c.obj
 .comment       0x00000045       0x46 CMakeFiles/tempNucleo.dir/C_/sdk/pico-sdk/src/rp2_common/hardware_watchdog/watchdog.c.obj
 .comment       0x00000045       0x46 CMakeFiles/tempNucleo.dir/C_/sdk/pico-sdk/src/rp2_common/hardware_xosc/xosc.c.obj
 .comment       0x00000045       0x46 CMakeFiles/tempNucleo.dir/C_/sdk/pico-sdk/src/rp2_common/pico_runtime/runtime.c.obj
 .comment       0x00000045       0x46 CMakeFiles/tempNucleo.dir/C_/sdk/pico-sdk/src/rp2_common/pico_printf/printf.c.obj
 .comment       0x00000045       0x46 CMakeFiles/tempNucleo.dir/C_/sdk/pico-sdk/src/rp2_common/pico_double/double_init_rom.c.obj
 .comment       0x00000045       0x46 CMakeFiles/tempNucleo.dir/C_/sdk/pico-sdk/src/rp2_common/pico_float/float_init_rom.c.obj
 .comment       0x00000045       0x46 CMakeFiles/tempNucleo.dir/C_/sdk/pico-sdk/src/rp2_common/pico_standard_link/binary_info.c.obj
 .comment       0x00000045       0x46 CMakeFiles/tempNucleo.dir/C_/sdk/pico-sdk/src/rp2_common/pico_stdio/stdio.c.obj
 .comment       0x00000045       0x46 CMakeFiles/tempNucleo.dir/C_/sdk/pico-sdk/src/rp2_common/pico_stdio_usb/reset_interface.c.obj
 .comment       0x00000045       0x46 CMakeFiles/tempNucleo.dir/C_/sdk/pico-sdk/src/rp2_common/pico_stdio_usb/stdio_usb.c.obj
 .comment       0x00000045       0x46 CMakeFiles/tempNucleo.dir/C_/sdk/pico-sdk/src/rp2_common/pico_stdio_usb/stdio_usb_descriptors.c.obj
 .comment       0x00000045       0x46 CMakeFiles/tempNucleo.dir/C_/sdk/pico-sdk/lib/tinyusb/src/portable/raspberrypi/rp2040/dcd_rp2040.c.obj
 .comment       0x00000045       0x46 CMakeFiles/tempNucleo.dir/C_/sdk/pico-sdk/lib/tinyusb/src/portable/raspberrypi/rp2040/rp2040_usb.c.obj
 .comment       0x00000045       0x46 CMakeFiles/tempNucleo.dir/C_/sdk/pico-sdk/lib/tinyusb/src/device/usbd.c.obj
 .comment       0x00000045       0x46 CMakeFiles/tempNucleo.dir/C_/sdk/pico-sdk/lib/tinyusb/src/device/usbd_control.c.obj
 .comment       0x00000045       0x46 CMakeFiles/tempNucleo.dir/C_/sdk/pico-sdk/lib/tinyusb/src/class/cdc/cdc_device.c.obj
 .comment       0x00000045       0x46 CMakeFiles/tempNucleo.dir/C_/sdk/pico-sdk/lib/tinyusb/src/tusb.c.obj
 .comment       0x00000045       0x46 CMakeFiles/tempNucleo.dir/C_/sdk/pico-sdk/lib/tinyusb/src/common/tusb_fifo.c.obj
 .comment       0x00000045       0x46 CMakeFiles/tempNucleo.dir/C_/sdk/pico-sdk/src/rp2_common/hardware_adc/adc.c.obj

.debug_line_str
                0x00000000       0xc9
 .debug_line_str
                0x00000000       0xc9 c:/bins/arm-gnu/bin/../lib/gcc/arm-none-eabi/12.3.1/thumb/v6-m/nofp\libgcc.a(_dvmd_tls.o)

.debug_frame    0x00000000       0x28
 .debug_frame   0x00000000       0x28 c:/bins/arm-gnu/bin/../lib/gcc/arm-none-eabi/12.3.1/thumb/v6-m/nofp\libc.a(libc_a-strlen-stub.o)
