Archive member included to satisfy reference by file (symbol)

c:/progra~1/raspbe~1/picosd~1.1/gcc-ar~1/bin/../lib/gcc/arm-none-eabi/10.3.1/thumb/v6-m/nofp\libgcc.a(_dvmd_tls.o)
                              CMakeFiles/tempNucleo.dir/C_/Program_Files/Raspberry_Pi/Pico_SDK_v1.5.1/pico-sdk/src/rp2_common/pico_divider/divider.S.obj (__aeabi_idiv0)
c:/progra~1/raspbe~1/picosd~1.1/gcc-ar~1/bin/../lib/gcc/arm-none-eabi/10.3.1/../../../../arm-none-eabi/lib/thumb/v6-m/nofp\libg.a(lib_a-calloc.o)
                              CMakeFiles/tempNucleo.dir/C_/Program_Files/Raspberry_Pi/Pico_SDK_v1.5.1/pico-sdk/src/rp2_common/pico_malloc/pico_malloc.c.obj (calloc)
c:/progra~1/raspbe~1/picosd~1.1/gcc-ar~1/bin/../lib/gcc/arm-none-eabi/10.3.1/../../../../arm-none-eabi/lib/thumb/v6-m/nofp\libg.a(lib_a-callocr.o)
                              c:/progra~1/raspbe~1/picosd~1.1/gcc-ar~1/bin/../lib/gcc/arm-none-eabi/10.3.1/../../../../arm-none-eabi/lib/thumb/v6-m/nofp\libg.a(lib_a-calloc.o) (_calloc_r)
c:/progra~1/raspbe~1/picosd~1.1/gcc-ar~1/bin/../lib/gcc/arm-none-eabi/10.3.1/../../../../arm-none-eabi/lib/thumb/v6-m/nofp\libg.a(lib_a-errno.o)
                              c:/progra~1/raspbe~1/picosd~1.1/gcc-ar~1/bin/../lib/gcc/arm-none-eabi/10.3.1/../../../../arm-none-eabi/lib/thumb/v6-m/nofp\libg.a(lib_a-callocr.o) (__errno)
c:/progra~1/raspbe~1/picosd~1.1/gcc-ar~1/bin/../lib/gcc/arm-none-eabi/10.3.1/../../../../arm-none-eabi/lib/thumb/v6-m/nofp\libg.a(lib_a-impure.o)
                              c:/progra~1/raspbe~1/picosd~1.1/gcc-ar~1/bin/../lib/gcc/arm-none-eabi/10.3.1/../../../../arm-none-eabi/lib/thumb/v6-m/nofp\libg.a(lib_a-calloc.o) (_impure_ptr)
c:/progra~1/raspbe~1/picosd~1.1/gcc-ar~1/bin/../lib/gcc/arm-none-eabi/10.3.1/../../../../arm-none-eabi/lib/thumb/v6-m/nofp\libg.a(lib_a-init.o)
                              c:/progra~1/raspbe~1/picosd~1.1/gcc-ar~1/bin/../lib/gcc/arm-none-eabi/10.3.1/../../../../arm-none-eabi/lib/thumb/v6-m/nofp/crt0.o (__libc_init_array)
c:/progra~1/raspbe~1/picosd~1.1/gcc-ar~1/bin/../lib/gcc/arm-none-eabi/10.3.1/../../../../arm-none-eabi/lib/thumb/v6-m/nofp\libg.a(lib_a-malloc.o)
                              CMakeFiles/tempNucleo.dir/C_/Program_Files/Raspberry_Pi/Pico_SDK_v1.5.1/pico-sdk/src/rp2_common/pico_malloc/pico_malloc.c.obj (malloc)
c:/progra~1/raspbe~1/picosd~1.1/gcc-ar~1/bin/../lib/gcc/arm-none-eabi/10.3.1/../../../../arm-none-eabi/lib/thumb/v6-m/nofp\libg.a(lib_a-mallocr.o)
                              c:/progra~1/raspbe~1/picosd~1.1/gcc-ar~1/bin/../lib/gcc/arm-none-eabi/10.3.1/../../../../arm-none-eabi/lib/thumb/v6-m/nofp\libg.a(lib_a-callocr.o) (_malloc_r)
c:/progra~1/raspbe~1/picosd~1.1/gcc-ar~1/bin/../lib/gcc/arm-none-eabi/10.3.1/../../../../arm-none-eabi/lib/thumb/v6-m/nofp\libg.a(lib_a-memcmp.o)
                              CMakeFiles/tempNucleo.dir/C_/Program_Files/Raspberry_Pi/Pico_SDK_v1.5.1/pico-sdk/lib/cyw43-driver/src/cyw43_ll.c.obj (memcmp)
c:/progra~1/raspbe~1/picosd~1.1/gcc-ar~1/bin/../lib/gcc/arm-none-eabi/10.3.1/../../../../arm-none-eabi/lib/thumb/v6-m/nofp\libg.a(lib_a-memmove.o)
                              CMakeFiles/tempNucleo.dir/C_/Program_Files/Raspberry_Pi/Pico_SDK_v1.5.1/pico-sdk/lib/cyw43-driver/src/cyw43_ll.c.obj (memmove)
c:/progra~1/raspbe~1/picosd~1.1/gcc-ar~1/bin/../lib/gcc/arm-none-eabi/10.3.1/../../../../arm-none-eabi/lib/thumb/v6-m/nofp\libg.a(lib_a-mlock.o)
                              c:/progra~1/raspbe~1/picosd~1.1/gcc-ar~1/bin/../lib/gcc/arm-none-eabi/10.3.1/../../../../arm-none-eabi/lib/thumb/v6-m/nofp\libg.a(lib_a-mallocr.o) (__malloc_lock)
c:/progra~1/raspbe~1/picosd~1.1/gcc-ar~1/bin/../lib/gcc/arm-none-eabi/10.3.1/../../../../arm-none-eabi/lib/thumb/v6-m/nofp\libg.a(lib_a-realloc.o)
                              CMakeFiles/tempNucleo.dir/C_/Program_Files/Raspberry_Pi/Pico_SDK_v1.5.1/pico-sdk/src/rp2_common/pico_malloc/pico_malloc.c.obj (realloc)
c:/progra~1/raspbe~1/picosd~1.1/gcc-ar~1/bin/../lib/gcc/arm-none-eabi/10.3.1/../../../../arm-none-eabi/lib/thumb/v6-m/nofp\libg.a(lib_a-reallocr.o)
                              c:/progra~1/raspbe~1/picosd~1.1/gcc-ar~1/bin/../lib/gcc/arm-none-eabi/10.3.1/../../../../arm-none-eabi/lib/thumb/v6-m/nofp\libg.a(lib_a-realloc.o) (_realloc_r)
c:/progra~1/raspbe~1/picosd~1.1/gcc-ar~1/bin/../lib/gcc/arm-none-eabi/10.3.1/../../../../arm-none-eabi/lib/thumb/v6-m/nofp\libg.a(lib_a-sbrkr.o)
                              c:/progra~1/raspbe~1/picosd~1.1/gcc-ar~1/bin/../lib/gcc/arm-none-eabi/10.3.1/../../../../arm-none-eabi/lib/thumb/v6-m/nofp\libg.a(lib_a-mallocr.o) (_sbrk_r)
c:/progra~1/raspbe~1/picosd~1.1/gcc-ar~1/bin/../lib/gcc/arm-none-eabi/10.3.1/../../../../arm-none-eabi/lib/thumb/v6-m/nofp\libg.a(lib_a-strlen-stub.o)
                              CMakeFiles/tempNucleo.dir/C_/Program_Files/Raspberry_Pi/Pico_SDK_v1.5.1/pico-sdk/src/rp2_common/pico_cyw43_arch/cyw43_arch.c.obj (strlen)
[...]
Memory Configuration

Name             Origin             Length             Attributes
FLASH            0x10000000         0x00200000         xr
RAM              0x20000000         0x00040000         xrw
SCRATCH_X        0x20040000         0x00001000         xrw
SCRATCH_Y        0x20041000         0x00001000         xrw
*default*        0x00000000         0xffffffff

Linker script and memory map

LOAD c:/progra~1/raspbe~1/picosd~1.1/gcc-ar~1/bin/../lib/gcc/arm-none-eabi/10.3.1/thumb/v6-m/nofp/crti.o
LOAD c:/progra~1/raspbe~1/picosd~1.1/gcc-ar~1/bin/../lib/gcc/arm-none-eabi/10.3.1/thumb/v6-m/nofp/crtbegin.o
LOAD c:/progra~1/raspbe~1/picosd~1.1/gcc-ar~1/bin/../lib/gcc/arm-none-eabi/10.3.1/../../../../arm-none-eabi/lib/thumb/v6-m/nofp/crt0.o

.flash_begin    0x10000000        0x0
                0x10000000                __flash_binary_start = .

.boot2          0x10000000      0x100
                0x10000000                __boot2_start__ = .
 *(.boot2)
 .boot2         0x10000000      0x100 C:\Users\LABDIG~1\AppData\Local\Temp\ccaQnDgQ.o
                0x10000100                __boot2_end__ = .
                0x00000001                ASSERT (((__boot2_end__ - __boot2_start__) == 0x100), ERROR: Pico second stage bootloader must be 256 bytes in size)

.text           0x10000100     0x67c8
                0x10000100                __logical_binary_start = .
 *(.vectors)
 .vectors       0x10000100       0xd4 CMakeFiles/tempNucleo.dir/C_/Program_Files/Raspberry_Pi/Pico_SDK_v1.5.1/pico-sdk/src/rp2_common/pico_standard_link/crt0.S.obj
                0x10000100                __VECTOR_TABLE
                0x10000100                __vectors
                0x100001c0                isr_invalid
                0x100001c0                __default_isrs_start
                0x100001c2                isr_nmi
                0x100001c4                isr_hardfault
                0x100001c6                isr_svcall
                0x100001c8                isr_pendsv
                0x100001ca                isr_systick
                0x100001cc                isr_irq23
                0x100001cc                isr_irq18
                0x100001cc                isr_irq11
                0x100001cc                isr_irq28
                0x100001cc                isr_irq19
                0x100001cc                isr_irq0
                0x100001cc                isr_irq6
                0x100001cc                isr_irq5
                0x100001cc                isr_irq12
                0x100001cc                isr_irq22
                0x100001cc                isr_irq31
                0x100001cc                isr_irq17
                0x100001cc                isr_irq27
                0x100001cc                isr_irq30
                0x100001cc                isr_irq2
                0x100001cc                isr_irq10
                0x100001cc                isr_irq8
                0x100001cc                isr_irq24
                0x100001cc                isr_irq1
                0x100001cc                isr_irq7
                0x100001cc                isr_irq21
                0x100001cc                isr_irq20
                0x100001cc                isr_irq15
                0x100001cc                isr_irq25
                0x100001cc                isr_irq13
                0x100001cc                __unhandled_user_irq
                0x100001cc                isr_irq4
                0x100001cc                isr_irq16
                0x100001cc                isr_irq29
                0x100001cc                isr_irq26
                0x100001cc                __default_isrs_end
                0x100001cc                isr_irq3
                0x100001cc                isr_irq14
                0x100001cc                isr_irq9
                0x100001d2                unhandled_user_irq_num_in_r0
 *(.binary_info_header)
 .binary_info_header
                0x100001d4       0x14 CMakeFiles/tempNucleo.dir/C_/Program_Files/Raspberry_Pi/Pico_SDK_v1.5.1/pico-sdk/src/rp2_common/pico_standard_link/crt0.S.obj
                0x100001e8                __binary_info_header_end = .
 *(.reset)
 .reset         0x100001e8       0xa0 CMakeFiles/tempNucleo.dir/C_/Program_Files/Raspberry_Pi/Pico_SDK_v1.5.1/pico-sdk/src/rp2_common/pico_standard_link/crt0.S.obj
                0x100001e8                _entry_point
 .reset         0x10000288       0x30 CMakeFiles/tempNucleo.dir/C_/Program_Files/Raspberry_Pi/Pico_SDK_v1.5.1/pico-sdk/src/rp2_common/pico_standard_link/binary_info.c.obj
 *(.init)
 .init          0x100002b8        0x4 c:/progra~1/raspbe~1/picosd~1.1/gcc-ar~1/bin/../lib/gcc/arm-none-eabi/10.3.1/thumb/v6-m/nofp/crti.o
                0x100002b8                _init
 *(EXCLUDE_FILE(*libm.a: *libc.a:*lib_a-mem*.o *libgcc.a:) .text*)
 .text          0x100002bc       0x48 c:/progra~1/raspbe~1/picosd~1.1/gcc-ar~1/bin/../lib/gcc/arm-none-eabi/10.3.1/thumb/v6-m/nofp/crtbegin.o
 .text.main     0x10000304       0xb8 CMakeFiles/tempNucleo.dir/main.c.obj
                0x10000304                main
 .text._retrieve_unique_id_on_boot
                0x100003bc       0x10 CMakeFiles/tempNucleo.dir/C_/Program_Files/Raspberry_Pi/Pico_SDK_v1.5.1/pico-sdk/src/rp2_common/pico_unique_id/unique_id.c.obj
 .text.pico_get_unique_board_id_string
                0x100003cc       0x60 CMakeFiles/tempNucleo.dir/C_/Program_Files/Raspberry_Pi/Pico_SDK_v1.5.1/pico-sdk/src/rp2_common/pico_unique_id/unique_id.c.obj
                0x100003cc                pico_get_unique_board_id_string
 .text.flash_get_unique_id
                0x1000042c       0x46 CMakeFiles/tempNucleo.dir/C_/Program_Files/Raspberry_Pi/Pico_SDK_v1.5.1/pico-sdk/src/rp2_common/hardware_flash/flash.c.obj
                0x1000042c                flash_get_unique_id
 *fill*         0x10000472        0x2 
 .text.running_on_fpga
                0x10000474       0x14 CMakeFiles/tempNucleo.dir/C_/Program_Files/Raspberry_Pi/Pico_SDK_v1.5.1/pico-sdk/src/rp2_common/pico_platform/platform.c.obj
                0x10000474                running_on_fpga
 .text.hw_claim_lock
                0x10000488       0x18 CMakeFiles/tempNucleo.dir/C_/Program_Files/Raspberry_Pi/Pico_SDK_v1.5.1/pico-sdk/src/rp2_common/hardware_claim/claim.c.obj
                0x10000488                hw_claim_lock
 .text.hw_claim_unlock
                0x100004a0       0x14 CMakeFiles/tempNucleo.dir/C_/Program_Files/Raspberry_Pi/Pico_SDK_v1.5.1/pico-sdk/src/rp2_common/hardware_claim/claim.c.obj
                0x100004a0                hw_claim_unlock
 .text.hw_claim_or_assert
                0x100004b4       0x32 CMakeFiles/tempNucleo.dir/C_/Program_Files/Raspberry_Pi/Pico_SDK_v1.5.1/pico-sdk/src/rp2_common/hardware_claim/claim.c.obj
                0x100004b4                hw_claim_or_assert
 .text.hw_claim_unused_from_range
                0x100004e6       0x50 CMakeFiles/tempNucleo.dir/C_/Program_Files/Raspberry_Pi/Pico_SDK_v1.5.1/pico-sdk/src/rp2_common/hardware_claim/claim.c.obj
                0x100004e6                hw_claim_unused_from_range
 *fill*         0x10000536        0x2 
 .text.spin_locks_reset
                0x10000538       0x20 CMakeFiles/tempNucleo.dir/C_/Program_Files/Raspberry_Pi/Pico_SDK_v1.5.1/pico-sdk/src/rp2_common/hardware_sync/sync.c.obj
                0x10000538                spin_locks_reset
 .text.next_striped_spin_lock_num
                0x10000558       0x1c CMakeFiles/tempNucleo.dir/C_/Program_Files/Raspberry_Pi/Pico_SDK_v1.5.1/pico-sdk/src/rp2_common/hardware_sync/sync.c.obj
                0x10000558                next_striped_spin_lock_num
 .text.spin_lock_claim_unused
                0x10000574       0x20 CMakeFiles/tempNucleo.dir/C_/Program_Files/Raspberry_Pi/Pico_SDK_v1.5.1/pico-sdk/src/rp2_common/hardware_sync/sync.c.obj
                0x10000574                spin_lock_claim_unused
 .text.rom_func_lookup
                0x10000594       0x10 CMakeFiles/tempNucleo.dir/C_/Program_Files/Raspberry_Pi/Pico_SDK_v1.5.1/pico-sdk/src/rp2_common/pico_bootrom/bootrom.c.obj
                0x10000594                rom_func_lookup
 .text.rom_data_lookup
                0x100005a4       0x10 CMakeFiles/tempNucleo.dir/C_/Program_Files/Raspberry_Pi/Pico_SDK_v1.5.1/pico-sdk/src/rp2_common/pico_bootrom/bootrom.c.obj
                0x100005a4                rom_data_lookup
 .text.rom_funcs_lookup
                0x100005b4       0x36 CMakeFiles/tempNucleo.dir/C_/Program_Files/Raspberry_Pi/Pico_SDK_v1.5.1/pico-sdk/src/rp2_common/pico_bootrom/bootrom.c.obj
                0x100005b4                rom_funcs_lookup
 *fill*         0x100005ea        0x2 
 .text.set_raw_irq_handler_and_unlock
                0x100005ec       0x28 CMakeFiles/tempNucleo.dir/C_/Program_Files/Raspberry_Pi/Pico_SDK_v1.5.1/pico-sdk/src/rp2_common/hardware_irq/irq.c.obj
 .text.make_branch
                0x10000614       0x48 CMakeFiles/tempNucleo.dir/C_/Program_Files/Raspberry_Pi/Pico_SDK_v1.5.1/pico-sdk/src/rp2_common/hardware_irq/irq.c.obj
 .text.insert_branch_and_link
                0x1000065c       0x40 CMakeFiles/tempNucleo.dir/C_/Program_Files/Raspberry_Pi/Pico_SDK_v1.5.1/pico-sdk/src/rp2_common/hardware_irq/irq.c.obj
 .text.irq_is_enabled
                0x1000069c       0x18 CMakeFiles/tempNucleo.dir/C_/Program_Files/Raspberry_Pi/Pico_SDK_v1.5.1/pico-sdk/src/rp2_common/hardware_irq/irq.c.obj
                0x1000069c                irq_is_enabled
 .text.irq_set_mask_enabled
                0x100006b4       0x20 CMakeFiles/tempNucleo.dir/C_/Program_Files/Raspberry_Pi/Pico_SDK_v1.5.1/pico-sdk/src/rp2_common/hardware_irq/irq.c.obj
                0x100006b4                irq_set_mask_enabled
 .text.irq_set_enabled
                0x100006d4        0xe CMakeFiles/tempNucleo.dir/C_/Program_Files/Raspberry_Pi/Pico_SDK_v1.5.1/pico-sdk/src/rp2_common/hardware_irq/irq.c.obj
                0x100006d4                irq_set_enabled
 *fill*         0x100006e2        0x2 
 .text.irq_set_pending
                0x100006e4       0x10 CMakeFiles/tempNucleo.dir/C_/Program_Files/Raspberry_Pi/Pico_SDK_v1.5.1/pico-sdk/src/rp2_common/hardware_irq/irq.c.obj
                0x100006e4                irq_set_pending
 .text.irq_get_vtable_handler
                0x100006f4       0x10 CMakeFiles/tempNucleo.dir/C_/Program_Files/Raspberry_Pi/Pico_SDK_v1.5.1/pico-sdk/src/rp2_common/hardware_irq/irq.c.obj
                0x100006f4                irq_get_vtable_handler
 .text.irq_has_shared_handler
                0x10000704       0x24 CMakeFiles/tempNucleo.dir/C_/Program_Files/Raspberry_Pi/Pico_SDK_v1.5.1/pico-sdk/src/rp2_common/hardware_irq/irq.c.obj
                0x10000704                irq_has_shared_handler
 .text.irq_set_exclusive_handler
                0x10000728       0x54 CMakeFiles/tempNucleo.dir/C_/Program_Files/Raspberry_Pi/Pico_SDK_v1.5.1/pico-sdk/src/rp2_common/hardware_irq/irq.c.obj
                0x10000728                irq_set_exclusive_handler
 .text.irq_add_shared_handler
                0x1000077c      0x234 CMakeFiles/tempNucleo.dir/C_/Program_Files/Raspberry_Pi/Pico_SDK_v1.5.1/pico-sdk/src/rp2_common/hardware_irq/irq.c.obj
                0x1000077c                irq_add_shared_handler
 .text.irq_remove_handler
                0x100009b0      0x1ac CMakeFiles/tempNucleo.dir/C_/Program_Files/Raspberry_Pi/Pico_SDK_v1.5.1/pico-sdk/src/rp2_common/hardware_irq/irq.c.obj
                0x100009b0                irq_remove_handler
 .text.irq_add_tail_to_free_list
                0x10000b5c       0xf0 CMakeFiles/tempNucleo.dir/C_/Program_Files/Raspberry_Pi/Pico_SDK_v1.5.1/pico-sdk/src/rp2_common/hardware_irq/irq.c.obj
                0x10000b5c                irq_add_tail_to_free_list
 .text.irq_init_priorities
                0x10000c4c       0x1c CMakeFiles/tempNucleo.dir/C_/Program_Files/Raspberry_Pi/Pico_SDK_v1.5.1/pico-sdk/src/rp2_common/hardware_irq/irq.c.obj
                0x10000c4c                irq_init_priorities
 .text.user_irq_claim_unused
                0x10000c68       0x28 CMakeFiles/tempNucleo.dir/C_/Program_Files/Raspberry_Pi/Pico_SDK_v1.5.1/pico-sdk/src/rp2_common/hardware_irq/irq.c.obj
                0x10000c68                user_irq_claim_unused
 .text.lock_init
                0x10000c90       0x10 CMakeFiles/tempNucleo.dir/C_/Program_Files/Raspberry_Pi/Pico_SDK_v1.5.1/pico-sdk/src/common/pico_sync/lock_core.c.obj
                0x10000c90                lock_init
 .text.mutex_init
                0x10000ca0       0x1a CMakeFiles/tempNucleo.dir/C_/Program_Files/Raspberry_Pi/Pico_SDK_v1.5.1/pico-sdk/src/common/pico_sync/mutex.c.obj
                0x10000ca0                mutex_init
 .text.recursive_mutex_init
                0x10000cba       0x1e CMakeFiles/tempNucleo.dir/C_/Program_Files/Raspberry_Pi/Pico_SDK_v1.5.1/pico-sdk/src/common/pico_sync/mutex.c.obj
                0x10000cba                recursive_mutex_init
 .text.critical_section_init_with_lock_num
                0x10000cd8       0x14 CMakeFiles/tempNucleo.dir/C_/Program_Files/Raspberry_Pi/Pico_SDK_v1.5.1/pico-sdk/src/common/pico_sync/critical_section.c.obj
                0x10000cd8                critical_section_init_with_lock_num
 .text.critical_section_init
                0x10000cec       0x14 CMakeFiles/tempNucleo.dir/C_/Program_Files/Raspberry_Pi/Pico_SDK_v1.5.1/pico-sdk/src/common/pico_sync/critical_section.c.obj
                0x10000cec                critical_section_init
 .text.alarm_pool_post_alloc_init
                0x10000d00       0x40 CMakeFiles/tempNucleo.dir/C_/Program_Files/Raspberry_Pi/Pico_SDK_v1.5.1/pico-sdk/src/common/pico_time/time.c.obj
 .text.sleep_until_callback
                0x10000d40       0x30 CMakeFiles/tempNucleo.dir/C_/Program_Files/Raspberry_Pi/Pico_SDK_v1.5.1/pico-sdk/src/common/pico_time/time.c.obj
 .text.timer_pool_entry_comparator
                0x10000d70       0x7c CMakeFiles/tempNucleo.dir/C_/Program_Files/Raspberry_Pi/Pico_SDK_v1.5.1/pico-sdk/src/common/pico_time/time.c.obj
                0x10000d70                timer_pool_entry_comparator
 .text.ph_add_child_node
                0x10000dec       0xa4 CMakeFiles/tempNucleo.dir/C_/Program_Files/Raspberry_Pi/Pico_SDK_v1.5.1/pico-sdk/src/common/pico_time/time.c.obj
 .text.ph_merge_nodes
                0x10000e90       0x3e CMakeFiles/tempNucleo.dir/C_/Program_Files/Raspberry_Pi/Pico_SDK_v1.5.1/pico-sdk/src/common/pico_time/time.c.obj
 *fill*         0x10000ece        0x2 
 .text.add_alarm_under_lock
                0x10000ed0      0x174 CMakeFiles/tempNucleo.dir/C_/Program_Files/Raspberry_Pi/Pico_SDK_v1.5.1/pico-sdk/src/common/pico_time/time.c.obj
 .text.alarm_pool_alarm_callback
                0x10001044      0x33c CMakeFiles/tempNucleo.dir/C_/Program_Files/Raspberry_Pi/Pico_SDK_v1.5.1/pico-sdk/src/common/pico_time/time.c.obj
 .text.alarm_pool_init_default
                0x10001380       0x40 CMakeFiles/tempNucleo.dir/C_/Program_Files/Raspberry_Pi/Pico_SDK_v1.5.1/pico-sdk/src/common/pico_time/time.c.obj
                0x10001380                alarm_pool_init_default
 .text.alarm_pool_get_default
                0x100013c0       0x2c CMakeFiles/tempNucleo.dir/C_/Program_Files/Raspberry_Pi/Pico_SDK_v1.5.1/pico-sdk/src/common/pico_time/time.c.obj
                0x100013c0                alarm_pool_get_default
 .text.alarm_pool_add_alarm_at
                0x100013ec      0x168 CMakeFiles/tempNucleo.dir/C_/Program_Files/Raspberry_Pi/Pico_SDK_v1.5.1/pico-sdk/src/common/pico_time/time.c.obj
                0x100013ec                alarm_pool_add_alarm_at
 .text.alarm_pool_cancel_alarm
                0x10001554       0xf8 CMakeFiles/tempNucleo.dir/C_/Program_Files/Raspberry_Pi/Pico_SDK_v1.5.1/pico-sdk/src/common/pico_time/time.c.obj
                0x10001554                alarm_pool_cancel_alarm
 .text.alarm_pool_core_num
                0x1000164c        0x4 CMakeFiles/tempNucleo.dir/C_/Program_Files/Raspberry_Pi/Pico_SDK_v1.5.1/pico-sdk/src/common/pico_time/time.c.obj
                0x1000164c                alarm_pool_core_num
 .text.sleep_until
                0x10001650       0xfc CMakeFiles/tempNucleo.dir/C_/Program_Files/Raspberry_Pi/Pico_SDK_v1.5.1/pico-sdk/src/common/pico_time/time.c.obj
                0x10001650                sleep_until
 .text.sleep_us
                0x1000174c       0x58 CMakeFiles/tempNucleo.dir/C_/Program_Files/Raspberry_Pi/Pico_SDK_v1.5.1/pico-sdk/src/common/pico_time/time.c.obj
                0x1000174c                sleep_us
 .text.sleep_ms
                0x100017a4       0x14 CMakeFiles/tempNucleo.dir/C_/Program_Files/Raspberry_Pi/Pico_SDK_v1.5.1/pico-sdk/src/common/pico_time/time.c.obj
                0x100017a4                sleep_ms
 .text.best_effort_wfe_or_timeout
                0x100017b8       0xac CMakeFiles/tempNucleo.dir/C_/Program_Files/Raspberry_Pi/Pico_SDK_v1.5.1/pico-sdk/src/common/pico_time/time.c.obj
                0x100017b8                best_effort_wfe_or_timeout
 .text.hardware_alarm_irq_handler
                0x10001864       0x90 CMakeFiles/tempNucleo.dir/C_/Program_Files/Raspberry_Pi/Pico_SDK_v1.5.1/pico-sdk/src/rp2_common/hardware_timer/timer.c.obj
 .text.hardware_alarm_claim
                0x100018f4       0x18 CMakeFiles/tempNucleo.dir/C_/Program_Files/Raspberry_Pi/Pico_SDK_v1.5.1/pico-sdk/src/rp2_common/hardware_timer/timer.c.obj
                0x100018f4                hardware_alarm_claim
 .text.time_us_64
                0x1000190c       0x18 CMakeFiles/tempNucleo.dir/C_/Program_Files/Raspberry_Pi/Pico_SDK_v1.5.1/pico-sdk/src/rp2_common/hardware_timer/timer.c.obj
                0x1000190c                time_us_64
 .text.busy_wait_until
                0x10001924       0x28 CMakeFiles/tempNucleo.dir/C_/Program_Files/Raspberry_Pi/Pico_SDK_v1.5.1/pico-sdk/src/rp2_common/hardware_timer/timer.c.obj
                0x10001924                busy_wait_until
 .text.hardware_alarm_set_callback
                0x1000194c       0x90 CMakeFiles/tempNucleo.dir/C_/Program_Files/Raspberry_Pi/Pico_SDK_v1.5.1/pico-sdk/src/rp2_common/hardware_timer/timer.c.obj
                0x1000194c                hardware_alarm_set_callback
 .text.hardware_alarm_set_target
                0x100019dc       0xe8 CMakeFiles/tempNucleo.dir/C_/Program_Files/Raspberry_Pi/Pico_SDK_v1.5.1/pico-sdk/src/rp2_common/hardware_timer/timer.c.obj
                0x100019dc                hardware_alarm_set_target
 .text.hardware_alarm_cancel
                0x10001ac4       0x40 CMakeFiles/tempNucleo.dir/C_/Program_Files/Raspberry_Pi/Pico_SDK_v1.5.1/pico-sdk/src/rp2_common/hardware_timer/timer.c.obj
                0x10001ac4                hardware_alarm_cancel
 .text.ph_add_child_node
                0x10001b04       0xa4 CMakeFiles/tempNucleo.dir/C_/Program_Files/Raspberry_Pi/Pico_SDK_v1.5.1/pico-sdk/src/common/pico_util/pheap.c.obj
 .text.ph_merge_nodes
                0x10001ba8       0x3e CMakeFiles/tempNucleo.dir/C_/Program_Files/Raspberry_Pi/Pico_SDK_v1.5.1/pico-sdk/src/common/pico_util/pheap.c.obj
 *fill*         0x10001be6        0x2 
 .text.ph_clear
                0x10001be8       0x70 CMakeFiles/tempNucleo.dir/C_/Program_Files/Raspberry_Pi/Pico_SDK_v1.5.1/pico-sdk/src/common/pico_util/pheap.c.obj
                0x10001be8                ph_clear
 .text.ph_post_alloc_init
                0x10001c58        0xe CMakeFiles/tempNucleo.dir/C_/Program_Files/Raspberry_Pi/Pico_SDK_v1.5.1/pico-sdk/src/common/pico_util/pheap.c.obj
                0x10001c58                ph_post_alloc_init
 *fill*         0x10001c66        0x2 
 .text.ph_merge_two_pass
                0x10001c68       0xa8 CMakeFiles/tempNucleo.dir/C_/Program_Files/Raspberry_Pi/Pico_SDK_v1.5.1/pico-sdk/src/common/pico_util/pheap.c.obj
                0x10001c68                ph_merge_two_pass
 .text.ph_remove_any_head
                0x10001d10      0x128 CMakeFiles/tempNucleo.dir/C_/Program_Files/Raspberry_Pi/Pico_SDK_v1.5.1/pico-sdk/src/common/pico_util/pheap.c.obj
 .text.ph_remove_head
                0x10001e38       0x14 CMakeFiles/tempNucleo.dir/C_/Program_Files/Raspberry_Pi/Pico_SDK_v1.5.1/pico-sdk/src/common/pico_util/pheap.c.obj
                0x10001e38                ph_remove_head
 .text.ph_remove_and_free_node
                0x10001e4c       0xf8 CMakeFiles/tempNucleo.dir/C_/Program_Files/Raspberry_Pi/Pico_SDK_v1.5.1/pico-sdk/src/common/pico_util/pheap.c.obj
                0x10001e4c                ph_remove_and_free_node
 .text.clock_configure
                0x10001f44      0x108 CMakeFiles/tempNucleo.dir/C_/Program_Files/Raspberry_Pi/Pico_SDK_v1.5.1/pico-sdk/src/rp2_common/hardware_clocks/clocks.c.obj
                0x10001f44                clock_configure
 .text.clocks_init
                0x1000204c      0x100 CMakeFiles/tempNucleo.dir/C_/Program_Files/Raspberry_Pi/Pico_SDK_v1.5.1/pico-sdk/src/rp2_common/hardware_clocks/clocks.c.obj
                0x1000204c                clocks_init
 .text.pll_init
                0x1000214c      0x120 CMakeFiles/tempNucleo.dir/C_/Program_Files/Raspberry_Pi/Pico_SDK_v1.5.1/pico-sdk/src/rp2_common/hardware_pll/pll.c.obj
                0x1000214c                pll_init
 .text.watchdog_start_tick
                0x1000226c       0x10 CMakeFiles/tempNucleo.dir/C_/Program_Files/Raspberry_Pi/Pico_SDK_v1.5.1/pico-sdk/src/rp2_common/hardware_watchdog/watchdog.c.obj
                0x1000226c                watchdog_start_tick
 .text.watchdog_update
                0x1000227c       0x14 CMakeFiles/tempNucleo.dir/C_/Program_Files/Raspberry_Pi/Pico_SDK_v1.5.1/pico-sdk/src/rp2_common/hardware_watchdog/watchdog.c.obj
                0x1000227c                watchdog_update
 .text._watchdog_enable
                0x10002290       0x78 CMakeFiles/tempNucleo.dir/C_/Program_Files/Raspberry_Pi/Pico_SDK_v1.5.1/pico-sdk/src/rp2_common/hardware_watchdog/watchdog.c.obj
                0x10002290                _watchdog_enable
 .text.watchdog_reboot
                0x10002308       0x48 CMakeFiles/tempNucleo.dir/C_/Program_Files/Raspberry_Pi/Pico_SDK_v1.5.1/pico-sdk/src/rp2_common/hardware_watchdog/watchdog.c.obj
                0x10002308                watchdog_reboot
 .text.xosc_init
                0x10002350       0x28 CMakeFiles/tempNucleo.dir/C_/Program_Files/Raspberry_Pi/Pico_SDK_v1.5.1/pico-sdk/src/rp2_common/hardware_xosc/xosc.c.obj
                0x10002350                xosc_init
 .text._exit    0x10002378        0x4 CMakeFiles/tempNucleo.dir/C_/Program_Files/Raspberry_Pi/Pico_SDK_v1.5.1/pico-sdk/src/rp2_common/pico_runtime/runtime.c.obj
                0x10002378                _exit
 .text.exit     0x1000237c        0x6 CMakeFiles/tempNucleo.dir/C_/Program_Files/Raspberry_Pi/Pico_SDK_v1.5.1/pico-sdk/src/rp2_common/pico_runtime/runtime.c.obj
                0x1000237c                exit
 *fill*         0x10002382        0x2 
 .text.__assert_func
                0x10002384       0x3c CMakeFiles/tempNucleo.dir/C_/Program_Files/Raspberry_Pi/Pico_SDK_v1.5.1/pico-sdk/src/rp2_common/pico_runtime/runtime.c.obj
                0x10002384                __assert_func
 .text.runtime_init
                0x100023c0       0xf8 CMakeFiles/tempNucleo.dir/C_/Program_Files/Raspberry_Pi/Pico_SDK_v1.5.1/pico-sdk/src/rp2_common/pico_runtime/runtime.c.obj
                0x100023c0                runtime_init
 .text.panic    0x100024b8       0x30 CMakeFiles/tempNucleo.dir/C_/Program_Files/Raspberry_Pi/Pico_SDK_v1.5.1/pico-sdk/src/rp2_common/pico_runtime/runtime.c.obj
                0x100024b8                panic
 .text._out_null
                0x100024e8        0x2 CMakeFiles/tempNucleo.dir/C_/Program_Files/Raspberry_Pi/Pico_SDK_v1.5.1/pico-sdk/src/rp2_common/pico_printf/printf.c.obj
 .text._out_fct
                0x100024ea        0xe CMakeFiles/tempNucleo.dir/C_/Program_Files/Raspberry_Pi/Pico_SDK_v1.5.1/pico-sdk/src/rp2_common/pico_printf/printf.c.obj
 .text._atoi    0x100024f8       0x24 CMakeFiles/tempNucleo.dir/C_/Program_Files/Raspberry_Pi/Pico_SDK_v1.5.1/pico-sdk/src/rp2_common/pico_printf/printf.c.obj
 .text._out_rev
                0x1000251c       0xae CMakeFiles/tempNucleo.dir/C_/Program_Files/Raspberry_Pi/Pico_SDK_v1.5.1/pico-sdk/src/rp2_common/pico_printf/printf.c.obj
 .text._ntoa_format
                0x100025ca      0x112 CMakeFiles/tempNucleo.dir/C_/Program_Files/Raspberry_Pi/Pico_SDK_v1.5.1/pico-sdk/src/rp2_common/pico_printf/printf.c.obj
 .text._ntoa_long
                0x100026dc       0xbc CMakeFiles/tempNucleo.dir/C_/Program_Files/Raspberry_Pi/Pico_SDK_v1.5.1/pico-sdk/src/rp2_common/pico_printf/printf.c.obj
 .text._ntoa_long_long
                0x10002798       0xe2 CMakeFiles/tempNucleo.dir/C_/Program_Files/Raspberry_Pi/Pico_SDK_v1.5.1/pico-sdk/src/rp2_common/pico_printf/printf.c.obj
 *fill*         0x1000287a        0x2 
 .text._etoa    0x1000287c      0x414 CMakeFiles/tempNucleo.dir/C_/Program_Files/Raspberry_Pi/Pico_SDK_v1.5.1/pico-sdk/src/rp2_common/pico_printf/printf.c.obj
 .text._ftoa    0x10002c90      0x354 CMakeFiles/tempNucleo.dir/C_/Program_Files/Raspberry_Pi/Pico_SDK_v1.5.1/pico-sdk/src/rp2_common/pico_printf/printf.c.obj
 .text._vsnprintf
                0x10002fe4      0x624 CMakeFiles/tempNucleo.dir/C_/Program_Files/Raspberry_Pi/Pico_SDK_v1.5.1/pico-sdk/src/rp2_common/pico_printf/printf.c.obj
 .text.vfctprintf
                0x10003608       0x20 CMakeFiles/tempNucleo.dir/C_/Program_Files/Raspberry_Pi/Pico_SDK_v1.5.1/pico-sdk/src/rp2_common/pico_printf/printf.c.obj
                0x10003608                vfctprintf
 .text          0x10003628       0x10 CMakeFiles/tempNucleo.dir/C_/Program_Files/Raspberry_Pi/Pico_SDK_v1.5.1/pico-sdk/src/rp2_common/pico_bit_ops/bit_ops_aeabi.S.obj
 .text.__wrap___aeabi_idiv
                0x10003638       0x50 CMakeFiles/tempNucleo.dir/C_/Program_Files/Raspberry_Pi/Pico_SDK_v1.5.1/pico-sdk/src/rp2_common/pico_divider/divider.S.obj
                0x10003638                __wrap___aeabi_idivmod
                0x10003638                divmod_s32s32
                0x10003638                div_s32s32
                0x10003638                __wrap___aeabi_idiv
                0x10003640                divmod_s32s32_unsafe
                0x1000366c                divmod_s32s32_savestate
 .text.__wrap___aeabi_uidiv
                0x10003688       0x4c CMakeFiles/tempNucleo.dir/C_/Program_Files/Raspberry_Pi/Pico_SDK_v1.5.1/pico-sdk/src/rp2_common/pico_divider/divider.S.obj
                0x10003688                __wrap___aeabi_uidiv
                0x10003688                __wrap___aeabi_uidivmod
                0x10003688                div_u32u32
                0x10003688                divmod_u32u32
                0x10003690                divmod_u32u32_unsafe
                0x100036b8                divmod_u32u32_savestate
 .text.__wrap___aeabi_ldiv
                0x100036d4      0x424 CMakeFiles/tempNucleo.dir/C_/Program_Files/Raspberry_Pi/Pico_SDK_v1.5.1/pico-sdk/src/rp2_common/pico_divider/divider.S.obj
                0x100036d4                div_s64s64
                0x100036d4                divmod_s64s64
                0x100036d4                __wrap___aeabi_ldivmod
                0x10003704                divmod_u64u64
                0x10003704                div_u64u64
                0x10003704                __wrap___aeabi_uldivmod
                0x10003714                divmod_u64u64_savestate
                0x10003734                divmod_s64s64_unsafe
                0x100037bc                divmod_u64u64_unsafe
 .text.__wrap___aeabi_darithmetic
                0x10003af8       0x60 CMakeFiles/tempNucleo.dir/C_/Program_Files/Raspberry_Pi/Pico_SDK_v1.5.1/pico-sdk/src/rp2_common/pico_double/double_aeabi.S.obj
                0x10003af8                __wrap___aeabi_drsub
                0x10003afe                __wrap___aeabi_dsub
                0x10003b08                __wrap___aeabi_dadd
                0x10003b12                __wrap___aeabi_ddiv
                0x10003b46                __wrap___aeabi_dmul
 .text.__wrap___aeabi_cdcmple
                0x10003b58       0x6c CMakeFiles/tempNucleo.dir/C_/Program_Files/Raspberry_Pi/Pico_SDK_v1.5.1/pico-sdk/src/rp2_common/pico_double/double_aeabi.S.obj
                0x10003b58                __wrap___aeabi_cdrcmple
                0x10003b68                __wrap___aeabi_cdcmpeq
                0x10003b68                __wrap___aeabi_cdcmple
 .text.__wrap___aeabi_dcmplt
                0x10003bc4        0xc CMakeFiles/tempNucleo.dir/C_/Program_Files/Raspberry_Pi/Pico_SDK_v1.5.1/pico-sdk/src/rp2_common/pico_double/double_aeabi.S.obj
                0x10003bc4                __wrap___aeabi_dcmplt
 .text.__wrap___aeabi_dcmple
                0x10003bd0       0x10 CMakeFiles/tempNucleo.dir/C_/Program_Files/Raspberry_Pi/Pico_SDK_v1.5.1/pico-sdk/src/rp2_common/pico_double/double_aeabi.S.obj
                0x10003bd0                __wrap___aeabi_dcmple
 .text.__wrap___aeabi_dcmpge
                0x10003be0       0x10 CMakeFiles/tempNucleo.dir/C_/Program_Files/Raspberry_Pi/Pico_SDK_v1.5.1/pico-sdk/src/rp2_common/pico_double/double_aeabi.S.obj
                0x10003be0                __wrap___aeabi_dcmpge
 .text.__wrap___aeabi_dcmpgt
                0x10003bf0        0xa CMakeFiles/tempNucleo.dir/C_/Program_Files/Raspberry_Pi/Pico_SDK_v1.5.1/pico-sdk/src/rp2_common/pico_double/double_aeabi.S.obj
                0x10003bf0                __wrap___aeabi_dcmpgt
 .text.__wrap___aeabi_dcmpun
                0x10003bfa       0x1c CMakeFiles/tempNucleo.dir/C_/Program_Files/Raspberry_Pi/Pico_SDK_v1.5.1/pico-sdk/src/rp2_common/pico_double/double_aeabi.S.obj
                0x10003bfa                __wrap___aeabi_dcmpun
 *fill*         0x10003c16        0x2 
 .text.__wrap___aeabi_i2d
                0x10003c18       0x38 CMakeFiles/tempNucleo.dir/C_/Program_Files/Raspberry_Pi/Pico_SDK_v1.5.1/pico-sdk/src/rp2_common/pico_double/double_aeabi.S.obj
                0x10003c18                __wrap___aeabi_ui2d
                0x10003c20                __wrap___aeabi_i2d
 .text.__wrap___aeabi_d2iz
                0x10003c50       0x48 CMakeFiles/tempNucleo.dir/C_/Program_Files/Raspberry_Pi/Pico_SDK_v1.5.1/pico-sdk/src/rp2_common/pico_double/double_aeabi.S.obj
                0x10003c50                double2int_z
                0x10003c50                __wrap___aeabi_d2iz
 .text.__wrap___aeabi_d2uiz
                0x10003c98       0x10 CMakeFiles/tempNucleo.dir/C_/Program_Files/Raspberry_Pi/Pico_SDK_v1.5.1/pico-sdk/src/rp2_common/pico_double/double_aeabi.S.obj
                0x10003c98                __wrap___aeabi_d2uiz
                0x10003c98                double2uint
 .text.__wrap___aeabi_d2f
                0x10003ca8       0x10 CMakeFiles/tempNucleo.dir/C_/Program_Files/Raspberry_Pi/Pico_SDK_v1.5.1/pico-sdk/src/rp2_common/pico_double/double_aeabi.S.obj
                0x10003ca8                __wrap___aeabi_d2f
 .text.missing_double_func_shim
                0x10003cb8        0xc CMakeFiles/tempNucleo.dir/C_/Program_Files/Raspberry_Pi/Pico_SDK_v1.5.1/pico-sdk/src/rp2_common/pico_double/double_init_rom.c.obj
 .text.__aeabi_double_init
                0x10003cc4       0xcc CMakeFiles/tempNucleo.dir/C_/Program_Files/Raspberry_Pi/Pico_SDK_v1.5.1/pico-sdk/src/rp2_common/pico_double/double_init_rom.c.obj
                0x10003cc4                __aeabi_double_init
 .text.double_table_shim_on_use_helper
                0x10003d90       0x34 CMakeFiles/tempNucleo.dir/C_/Program_Files/Raspberry_Pi/Pico_SDK_v1.5.1/pico-sdk/src/rp2_common/pico_double/double_v1_rom_shim.S.obj
                0x10003d90                double_table_shim_on_use_helper
 .text.__aeabi_lmul
                0x10003dc4       0x32 CMakeFiles/tempNucleo.dir/C_/Program_Files/Raspberry_Pi/Pico_SDK_v1.5.1/pico-sdk/src/rp2_common/pico_int64_ops/pico_int64_ops_aeabi.S.obj
                0x10003dc4                __wrap___aeabi_lmul
 *fill*         0x10003df6        0x2 
 .text.__wrap___aeabi_farithmetic
                0x10003df8       0x48 CMakeFiles/tempNucleo.dir/C_/Program_Files/Raspberry_Pi/Pico_SDK_v1.5.1/pico-sdk/src/rp2_common/pico_float/float_aeabi.S.obj
                0x10003df8                __wrap___aeabi_frsub
                0x10003dfe                __wrap___aeabi_fsub
                0x10003e04                __wrap___aeabi_fadd
                0x10003e0a                __wrap___aeabi_fdiv
                0x10003e32                __wrap___aeabi_fmul
 .text.__wrap___aeabi_i2f
                0x10003e40       0x44 CMakeFiles/tempNucleo.dir/C_/Program_Files/Raspberry_Pi/Pico_SDK_v1.5.1/pico-sdk/src/rp2_common/pico_float/float_aeabi.S.obj
                0x10003e40                __wrap___aeabi_i2f
 .text.__wrap___aeabi_f2d
                0x10003e84        0xc CMakeFiles/tempNucleo.dir/C_/Program_Files/Raspberry_Pi/Pico_SDK_v1.5.1/pico-sdk/src/rp2_common/pico_float/float_aeabi.S.obj
                0x10003e84                __wrap___aeabi_f2d
 .text.missing_float_func_shim
                0x10003e90        0xc CMakeFiles/tempNucleo.dir/C_/Program_Files/Raspberry_Pi/Pico_SDK_v1.5.1/pico-sdk/src/rp2_common/pico_float/float_init_rom.c.obj
 .text.__aeabi_float_init
                0x10003e9c       0x88 CMakeFiles/tempNucleo.dir/C_/Program_Files/Raspberry_Pi/Pico_SDK_v1.5.1/pico-sdk/src/rp2_common/pico_float/float_init_rom.c.obj
                0x10003e9c                __aeabi_float_init
 .text          0x10003f24       0x10 CMakeFiles/tempNucleo.dir/C_/Program_Files/Raspberry_Pi/Pico_SDK_v1.5.1/pico-sdk/src/rp2_common/pico_mem_ops/mem_ops_aeabi.S.obj
                0x10003f24                __aeabi_mem_init
 .text.memset   0x10003f34        0xc CMakeFiles/tempNucleo.dir/C_/Program_Files/Raspberry_Pi/Pico_SDK_v1.5.1/pico-sdk/src/rp2_common/pico_mem_ops/mem_ops_aeabi.S.obj
                0x10003f34                __wrap_memset
 .text.memcpy   0x10003f40        0xc CMakeFiles/tempNucleo.dir/C_/Program_Files/Raspberry_Pi/Pico_SDK_v1.5.1/pico-sdk/src/rp2_common/pico_mem_ops/mem_ops_aeabi.S.obj
                0x10003f40                __wrap_memcpy
                0x10003f40                __wrap___aeabi_memcpy
 .text.stdio_out_chars_no_crlf
                0x10003f4c        0xe CMakeFiles/tempNucleo.dir/C_/Program_Files/Raspberry_Pi/Pico_SDK_v1.5.1/pico-sdk/src/rp2_common/pico_stdio/stdio.c.obj
 *fill*         0x10003f5a        0x2 
 .text.stdio_out_chars_crlf
                0x10003f5c       0x80 CMakeFiles/tempNucleo.dir/C_/Program_Files/Raspberry_Pi/Pico_SDK_v1.5.1/pico-sdk/src/rp2_common/pico_stdio/stdio.c.obj
 .text.stdio_stack_buffer_flush
                0x10003fdc       0x44 CMakeFiles/tempNucleo.dir/C_/Program_Files/Raspberry_Pi/Pico_SDK_v1.5.1/pico-sdk/src/rp2_common/pico_stdio/stdio.c.obj
 .text.stdio_buffered_printer
                0x10004020       0x20 CMakeFiles/tempNucleo.dir/C_/Program_Files/Raspberry_Pi/Pico_SDK_v1.5.1/pico-sdk/src/rp2_common/pico_stdio/stdio.c.obj
 .text.stdout_serialize_begin
                0x10004040       0x5c CMakeFiles/tempNucleo.dir/C_/Program_Files/Raspberry_Pi/Pico_SDK_v1.5.1/pico-sdk/src/rp2_common/pico_stdio/stdio.c.obj
                0x10004040                stdout_serialize_begin
 .text.stdout_serialize_end
                0x1000409c       0x10 CMakeFiles/tempNucleo.dir/C_/Program_Files/Raspberry_Pi/Pico_SDK_v1.5.1/pico-sdk/src/rp2_common/pico_stdio/stdio.c.obj
                0x1000409c                stdout_serialize_end
 .text.stdio_put_string
                0x100040ac       0x98 CMakeFiles/tempNucleo.dir/C_/Program_Files/Raspberry_Pi/Pico_SDK_v1.5.1/pico-sdk/src/rp2_common/pico_stdio/stdio.c.obj
 .text.stdio_set_driver_enabled
                0x10004144       0x2c CMakeFiles/tempNucleo.dir/C_/Program_Files/Raspberry_Pi/Pico_SDK_v1.5.1/pico-sdk/src/rp2_common/pico_stdio/stdio.c.obj
                0x10004144                stdio_set_driver_enabled
 .text.stdio_flush
                0x10004170       0x20 CMakeFiles/tempNucleo.dir/C_/Program_Files/Raspberry_Pi/Pico_SDK_v1.5.1/pico-sdk/src/rp2_common/pico_stdio/stdio.c.obj
                0x10004170                stdio_flush
 .text.__wrap_puts
                0x10004190       0x1e CMakeFiles/tempNucleo.dir/C_/Program_Files/Raspberry_Pi/Pico_SDK_v1.5.1/pico-sdk/src/rp2_common/pico_stdio/stdio.c.obj
                0x10004190                __wrap_puts
 *fill*         0x100041ae        0x2 
 .text.__wrap_vprintf
                0x100041b0       0x40 CMakeFiles/tempNucleo.dir/C_/Program_Files/Raspberry_Pi/Pico_SDK_v1.5.1/pico-sdk/src/rp2_common/pico_stdio/stdio.c.obj
                0x100041b0                __wrap_vprintf
 .text.__wrap_printf
                0x100041f0       0x18 CMakeFiles/tempNucleo.dir/C_/Program_Files/Raspberry_Pi/Pico_SDK_v1.5.1/pico-sdk/src/rp2_common/pico_stdio/stdio.c.obj
                0x100041f0                __wrap_printf
 .text.stdio_init_all
                0x10004208        0x8 CMakeFiles/tempNucleo.dir/C_/Program_Files/Raspberry_Pi/Pico_SDK_v1.5.1/pico-sdk/src/rp2_common/pico_stdio/stdio.c.obj
                0x10004208                stdio_init_all
 .text.resetd_init
                0x10004210        0x2 CMakeFiles/tempNucleo.dir/C_/Program_Files/Raspberry_Pi/Pico_SDK_v1.5.1/pico-sdk/src/rp2_common/pico_stdio_usb/reset_interface.c.obj
 *fill*         0x10004212        0x2 
 .text.resetd_reset
                0x10004214        0xc CMakeFiles/tempNucleo.dir/C_/Program_Files/Raspberry_Pi/Pico_SDK_v1.5.1/pico-sdk/src/rp2_common/pico_stdio_usb/reset_interface.c.obj
 .text.resetd_open
                0x10004220       0x34 CMakeFiles/tempNucleo.dir/C_/Program_Files/Raspberry_Pi/Pico_SDK_v1.5.1/pico-sdk/src/rp2_common/pico_stdio_usb/reset_interface.c.obj
 .text.resetd_xfer_cb
                0x10004254        0x4 CMakeFiles/tempNucleo.dir/C_/Program_Files/Raspberry_Pi/Pico_SDK_v1.5.1/pico-sdk/src/rp2_common/pico_stdio_usb/reset_interface.c.obj
 .text.reset_usb_boot
                0x10004258       0x18 CMakeFiles/tempNucleo.dir/C_/Program_Files/Raspberry_Pi/Pico_SDK_v1.5.1/pico-sdk/src/rp2_common/pico_stdio_usb/reset_interface.c.obj
 .text.resetd_control_xfer_cb
                0x10004270       0x5c CMakeFiles/tempNucleo.dir/C_/Program_Files/Raspberry_Pi/Pico_SDK_v1.5.1/pico-sdk/src/rp2_common/pico_stdio_usb/reset_interface.c.obj
 .text.usbd_app_driver_get_cb
                0x100042cc        0xc CMakeFiles/tempNucleo.dir/C_/Program_Files/Raspberry_Pi/Pico_SDK_v1.5.1/pico-sdk/src/rp2_common/pico_stdio_usb/reset_interface.c.obj
                0x100042cc                usbd_app_driver_get_cb
 .text.tud_cdc_line_coding_cb
                0x100042d8       0x28 CMakeFiles/tempNucleo.dir/C_/Program_Files/Raspberry_Pi/Pico_SDK_v1.5.1/pico-sdk/src/rp2_common/pico_stdio_usb/reset_interface.c.obj
                0x100042d8                tud_cdc_line_coding_cb
 .text.stdio_usb_set_chars_available_callback
                0x10004300       0x14 CMakeFiles/tempNucleo.dir/C_/Program_Files/Raspberry_Pi/Pico_SDK_v1.5.1/pico-sdk/src/rp2_common/pico_stdio_usb/stdio_usb.c.obj
                0x10004300                stdio_usb_set_chars_available_callback
 .text.usb_irq  0x10004314       0x10 CMakeFiles/tempNucleo.dir/C_/Program_Files/Raspberry_Pi/Pico_SDK_v1.5.1/pico-sdk/src/rp2_common/pico_stdio_usb/stdio_usb.c.obj
 .text.timer_task
                0x10004324       0x5c CMakeFiles/tempNucleo.dir/C_/Program_Files/Raspberry_Pi/Pico_SDK_v1.5.1/pico-sdk/src/rp2_common/pico_stdio_usb/stdio_usb.c.obj
 .text.low_priority_worker_irq
                0x10004380       0xdc CMakeFiles/tempNucleo.dir/C_/Program_Files/Raspberry_Pi/Pico_SDK_v1.5.1/pico-sdk/src/rp2_common/pico_stdio_usb/stdio_usb.c.obj
 .text.tud_cdc_rx_cb
                0x1000445c       0x20 CMakeFiles/tempNucleo.dir/C_/Program_Files/Raspberry_Pi/Pico_SDK_v1.5.1/pico-sdk/src/rp2_common/pico_stdio_usb/stdio_usb.c.obj
                0x1000445c                tud_cdc_rx_cb
 .text.stdio_usb_init
                0x1000447c      0x11c CMakeFiles/tempNucleo.dir/C_/Program_Files/Raspberry_Pi/Pico_SDK_v1.5.1/pico-sdk/src/rp2_common/pico_stdio_usb/stdio_usb.c.obj
                0x1000447c                stdio_usb_init
 .text.stdio_usb_connected
                0x10004598        0xa CMakeFiles/tempNucleo.dir/C_/Program_Files/Raspberry_Pi/Pico_SDK_v1.5.1/pico-sdk/src/rp2_common/pico_stdio_usb/stdio_usb.c.obj
                0x10004598                stdio_usb_connected
 *fill*         0x100045a2        0x2 
 .text.stdio_usb_in_chars
                0x100045a4       0xc4 CMakeFiles/tempNucleo.dir/C_/Program_Files/Raspberry_Pi/Pico_SDK_v1.5.1/pico-sdk/src/rp2_common/pico_stdio_usb/stdio_usb.c.obj
                0x100045a4                stdio_usb_in_chars
 .text.stdio_usb_out_chars
                0x10004668      0x114 CMakeFiles/tempNucleo.dir/C_/Program_Files/Raspberry_Pi/Pico_SDK_v1.5.1/pico-sdk/src/rp2_common/pico_stdio_usb/stdio_usb.c.obj
 .text.tud_descriptor_device_cb
                0x1000477c        0x8 CMakeFiles/tempNucleo.dir/C_/Program_Files/Raspberry_Pi/Pico_SDK_v1.5.1/pico-sdk/src/rp2_common/pico_stdio_usb/stdio_usb_descriptors.c.obj
                0x1000477c                tud_descriptor_device_cb
 .text.tud_descriptor_configuration_cb
                0x10004784        0x8 CMakeFiles/tempNucleo.dir/C_/Program_Files/Raspberry_Pi/Pico_SDK_v1.5.1/pico-sdk/src/rp2_common/pico_stdio_usb/stdio_usb_descriptors.c.obj
                0x10004784                tud_descriptor_configuration_cb
 .text.tud_descriptor_string_cb
                0x1000478c       0x6c CMakeFiles/tempNucleo.dir/C_/Program_Files/Raspberry_Pi/Pico_SDK_v1.5.1/pico-sdk/src/rp2_common/pico_stdio_usb/stdio_usb_descriptors.c.obj
                0x1000478c                tud_descriptor_string_cb
 .text.hw_endpoint_get_by_addr
                0x100047f8       0x18 CMakeFiles/tempNucleo.dir/C_/Program_Files/Raspberry_Pi/Pico_SDK_v1.5.1/pico-sdk/lib/tinyusb/src/portable/raspberrypi/rp2040/dcd_rp2040.c.obj
 .text._hw_endpoint_alloc
                0x10004810       0x70 CMakeFiles/tempNucleo.dir/C_/Program_Files/Raspberry_Pi/Pico_SDK_v1.5.1/pico-sdk/lib/tinyusb/src/portable/raspberrypi/rp2040/dcd_rp2040.c.obj
 .text.hw_endpoint_init
                0x10004880       0x88 CMakeFiles/tempNucleo.dir/C_/Program_Files/Raspberry_Pi/Pico_SDK_v1.5.1/pico-sdk/lib/tinyusb/src/portable/raspberrypi/rp2040/dcd_rp2040.c.obj
 .text.hw_endpoint_xfer
                0x10004908       0x14 CMakeFiles/tempNucleo.dir/C_/Program_Files/Raspberry_Pi/Pico_SDK_v1.5.1/pico-sdk/lib/tinyusb/src/portable/raspberrypi/rp2040/dcd_rp2040.c.obj
 .text.dcd_int_enable
                0x1000491c       0x2c CMakeFiles/tempNucleo.dir/C_/Program_Files/Raspberry_Pi/Pico_SDK_v1.5.1/pico-sdk/lib/tinyusb/src/portable/raspberrypi/rp2040/dcd_rp2040.c.obj
                0x1000491c                dcd_int_enable
 .text.dcd_set_address
                0x10004948       0x2c CMakeFiles/tempNucleo.dir/C_/Program_Files/Raspberry_Pi/Pico_SDK_v1.5.1/pico-sdk/lib/tinyusb/src/portable/raspberrypi/rp2040/dcd_rp2040.c.obj
                0x10004948                dcd_set_address
 .text.dcd_connect
                0x10004974       0x10 CMakeFiles/tempNucleo.dir/C_/Program_Files/Raspberry_Pi/Pico_SDK_v1.5.1/pico-sdk/lib/tinyusb/src/portable/raspberrypi/rp2040/dcd_rp2040.c.obj
                0x10004974                dcd_connect
 .text.dcd_init
                0x10004984       0x80 CMakeFiles/tempNucleo.dir/C_/Program_Files/Raspberry_Pi/Pico_SDK_v1.5.1/pico-sdk/lib/tinyusb/src/portable/raspberrypi/rp2040/dcd_rp2040.c.obj
                0x10004984                dcd_init
 .text.dcd_edpt0_status_complete
                0x10004a04       0x1c CMakeFiles/tempNucleo.dir/C_/Program_Files/Raspberry_Pi/Pico_SDK_v1.5.1/pico-sdk/lib/tinyusb/src/portable/raspberrypi/rp2040/dcd_rp2040.c.obj
                0x10004a04                dcd_edpt0_status_complete
 .text.dcd_edpt_open
                0x10004a20       0x40 CMakeFiles/tempNucleo.dir/C_/Program_Files/Raspberry_Pi/Pico_SDK_v1.5.1/pico-sdk/lib/tinyusb/src/portable/raspberrypi/rp2040/dcd_rp2040.c.obj
                0x10004a20                dcd_edpt_open
 .text.dcd_edpt_close_all
                0x10004a60        0x8 CMakeFiles/tempNucleo.dir/C_/Program_Files/Raspberry_Pi/Pico_SDK_v1.5.1/pico-sdk/lib/tinyusb/src/portable/raspberrypi/rp2040/dcd_rp2040.c.obj
                0x10004a60                dcd_edpt_close_all
 .text.dcd_edpt_xfer
                0x10004a68       0x34 CMakeFiles/tempNucleo.dir/C_/Program_Files/Raspberry_Pi/Pico_SDK_v1.5.1/pico-sdk/lib/tinyusb/src/portable/raspberrypi/rp2040/dcd_rp2040.c.obj
                0x10004a68                dcd_edpt_xfer
 .text.dcd_edpt_stall
                0x10004a9c       0x2c CMakeFiles/tempNucleo.dir/C_/Program_Files/Raspberry_Pi/Pico_SDK_v1.5.1/pico-sdk/lib/tinyusb/src/portable/raspberrypi/rp2040/dcd_rp2040.c.obj
                0x10004a9c                dcd_edpt_stall
 .text.dcd_edpt_clear_stall
                0x10004ac8       0x20 CMakeFiles/tempNucleo.dir/C_/Program_Files/Raspberry_Pi/Pico_SDK_v1.5.1/pico-sdk/lib/tinyusb/src/portable/raspberrypi/rp2040/dcd_rp2040.c.obj
                0x10004ac8                dcd_edpt_clear_stall
 .text.rp2040_usb_init
                0x10004ae8       0x4c CMakeFiles/tempNucleo.dir/C_/Program_Files/Raspberry_Pi/Pico_SDK_v1.5.1/pico-sdk/lib/tinyusb/src/portable/raspberrypi/rp2040/rp2040_usb.c.obj
                0x10004ae8                rp2040_usb_init
 .text.hw_endpoint_xfer_start
                0x10004b34       0x50 CMakeFiles/tempNucleo.dir/C_/Program_Files/Raspberry_Pi/Pico_SDK_v1.5.1/pico-sdk/lib/tinyusb/src/portable/raspberrypi/rp2040/rp2040_usb.c.obj
                0x10004b34                hw_endpoint_xfer_start
 .text.configuration_reset
                0x10004b84       0x84 CMakeFiles/tempNucleo.dir/C_/Program_Files/Raspberry_Pi/Pico_SDK_v1.5.1/pico-sdk/lib/tinyusb/src/device/usbd.c.obj
 .text.usbd_reset
                0x10004c08        0xc CMakeFiles/tempNucleo.dir/C_/Program_Files/Raspberry_Pi/Pico_SDK_v1.5.1/pico-sdk/lib/tinyusb/src/device/usbd.c.obj
 .text.invoke_class_control
                0x10004c14       0x1a CMakeFiles/tempNucleo.dir/C_/Program_Files/Raspberry_Pi/Pico_SDK_v1.5.1/pico-sdk/lib/tinyusb/src/device/usbd.c.obj
 *fill*         0x10004c2e        0x2 
 .text.process_set_config
                0x10004c30      0x178 CMakeFiles/tempNucleo.dir/C_/Program_Files/Raspberry_Pi/Pico_SDK_v1.5.1/pico-sdk/lib/tinyusb/src/device/usbd.c.obj
 .text.process_get_descriptor
                0x10004da8       0xdc CMakeFiles/tempNucleo.dir/C_/Program_Files/Raspberry_Pi/Pico_SDK_v1.5.1/pico-sdk/lib/tinyusb/src/device/usbd.c.obj
 .text.tud_mounted
                0x10004e84       0x10 CMakeFiles/tempNucleo.dir/C_/Program_Files/Raspberry_Pi/Pico_SDK_v1.5.1/pico-sdk/lib/tinyusb/src/device/usbd.c.obj
                0x10004e84                tud_mounted
 .text.tud_suspended
                0x10004e94       0x10 CMakeFiles/tempNucleo.dir/C_/Program_Files/Raspberry_Pi/Pico_SDK_v1.5.1/pico-sdk/lib/tinyusb/src/device/usbd.c.obj
                0x10004e94                tud_suspended
 .text.tud_inited
                0x10004ea4       0x14 CMakeFiles/tempNucleo.dir/C_/Program_Files/Raspberry_Pi/Pico_SDK_v1.5.1/pico-sdk/lib/tinyusb/src/device/usbd.c.obj
                0x10004ea4                tud_inited
 .text.tud_init
                0x10004eb8       0xcc CMakeFiles/tempNucleo.dir/C_/Program_Files/Raspberry_Pi/Pico_SDK_v1.5.1/pico-sdk/lib/tinyusb/src/device/usbd.c.obj
                0x10004eb8                tud_init
 .text.usbd_defer_func
                0x10004f84       0x2a CMakeFiles/tempNucleo.dir/C_/Program_Files/Raspberry_Pi/Pico_SDK_v1.5.1/pico-sdk/lib/tinyusb/src/device/usbd.c.obj
                0x10004f84                usbd_defer_func
 *fill*         0x10004fae        0x2 
 .text.usbd_edpt_open
                0x10004fb0       0x34 CMakeFiles/tempNucleo.dir/C_/Program_Files/Raspberry_Pi/Pico_SDK_v1.5.1/pico-sdk/lib/tinyusb/src/device/usbd.c.obj
                0x10004fb0                usbd_edpt_open
 .text.usbd_open_edpt_pair
                0x10004fe4       0x62 CMakeFiles/tempNucleo.dir/C_/Program_Files/Raspberry_Pi/Pico_SDK_v1.5.1/pico-sdk/lib/tinyusb/src/device/usbd.c.obj
                0x10004fe4                usbd_open_edpt_pair
 *fill*         0x10005046        0x2 
 .text.usbd_edpt_claim
                0x10005048       0x28 CMakeFiles/tempNucleo.dir/C_/Program_Files/Raspberry_Pi/Pico_SDK_v1.5.1/pico-sdk/lib/tinyusb/src/device/usbd.c.obj
                0x10005048                usbd_edpt_claim
 .text.usbd_edpt_release
                0x10005070       0x28 CMakeFiles/tempNucleo.dir/C_/Program_Files/Raspberry_Pi/Pico_SDK_v1.5.1/pico-sdk/lib/tinyusb/src/device/usbd.c.obj
                0x10005070                usbd_edpt_release
 .text.usbd_edpt_xfer
                0x10005098       0x78 CMakeFiles/tempNucleo.dir/C_/Program_Files/Raspberry_Pi/Pico_SDK_v1.5.1/pico-sdk/lib/tinyusb/src/device/usbd.c.obj
                0x10005098                usbd_edpt_xfer
 .text.usbd_edpt_stall
                0x10005110       0x48 CMakeFiles/tempNucleo.dir/C_/Program_Files/Raspberry_Pi/Pico_SDK_v1.5.1/pico-sdk/lib/tinyusb/src/device/usbd.c.obj
                0x10005110                usbd_edpt_stall
 .text.usbd_edpt_clear_stall
                0x10005158       0x48 CMakeFiles/tempNucleo.dir/C_/Program_Files/Raspberry_Pi/Pico_SDK_v1.5.1/pico-sdk/lib/tinyusb/src/device/usbd.c.obj
                0x10005158                usbd_edpt_clear_stall
 .text.usbd_edpt_stalled
                0x100051a0       0x1c CMakeFiles/tempNucleo.dir/C_/Program_Files/Raspberry_Pi/Pico_SDK_v1.5.1/pico-sdk/lib/tinyusb/src/device/usbd.c.obj
                0x100051a0                usbd_edpt_stalled
 .text.process_control_request
                0x100051bc      0x37c CMakeFiles/tempNucleo.dir/C_/Program_Files/Raspberry_Pi/Pico_SDK_v1.5.1/pico-sdk/lib/tinyusb/src/device/usbd.c.obj
 .text.tud_task_ext
                0x10005538      0x1b8 CMakeFiles/tempNucleo.dir/C_/Program_Files/Raspberry_Pi/Pico_SDK_v1.5.1/pico-sdk/lib/tinyusb/src/device/usbd.c.obj
                0x10005538                tud_task_ext
 .text._data_stage_xact
                0x100056f0       0x58 CMakeFiles/tempNucleo.dir/C_/Program_Files/Raspberry_Pi/Pico_SDK_v1.5.1/pico-sdk/lib/tinyusb/src/device/usbd_control.c.obj
 .text.tud_control_status
                0x10005748       0x38 CMakeFiles/tempNucleo.dir/C_/Program_Files/Raspberry_Pi/Pico_SDK_v1.5.1/pico-sdk/lib/tinyusb/src/device/usbd_control.c.obj
                0x10005748                tud_control_status
 .text.tud_control_xfer
                0x10005780       0x74 CMakeFiles/tempNucleo.dir/C_/Program_Files/Raspberry_Pi/Pico_SDK_v1.5.1/pico-sdk/lib/tinyusb/src/device/usbd_control.c.obj
                0x10005780                tud_control_xfer
 .text.usbd_control_reset
                0x100057f4       0x14 CMakeFiles/tempNucleo.dir/C_/Program_Files/Raspberry_Pi/Pico_SDK_v1.5.1/pico-sdk/lib/tinyusb/src/device/usbd_control.c.obj
                0x100057f4                usbd_control_reset
 .text.usbd_control_set_complete_callback
                0x10005808        0xc CMakeFiles/tempNucleo.dir/C_/Program_Files/Raspberry_Pi/Pico_SDK_v1.5.1/pico-sdk/lib/tinyusb/src/device/usbd_control.c.obj
                0x10005808                usbd_control_set_complete_callback
 .text.usbd_control_set_request
                0x10005814       0x1c CMakeFiles/tempNucleo.dir/C_/Program_Files/Raspberry_Pi/Pico_SDK_v1.5.1/pico-sdk/lib/tinyusb/src/device/usbd_control.c.obj
                0x10005814                usbd_control_set_request
 .text.usbd_control_xfer_cb
                0x10005830       0xcc CMakeFiles/tempNucleo.dir/C_/Program_Files/Raspberry_Pi/Pico_SDK_v1.5.1/pico-sdk/lib/tinyusb/src/device/usbd_control.c.obj
                0x10005830                usbd_control_xfer_cb
 .text._prep_out_transaction
                0x100058fc       0x4a CMakeFiles/tempNucleo.dir/C_/Program_Files/Raspberry_Pi/Pico_SDK_v1.5.1/pico-sdk/lib/tinyusb/src/class/cdc/cdc_device.c.obj
 *fill*         0x10005946        0x2 
 .text.tud_cdc_n_connected
                0x10005948       0x44 CMakeFiles/tempNucleo.dir/C_/Program_Files/Raspberry_Pi/Pico_SDK_v1.5.1/pico-sdk/lib/tinyusb/src/class/cdc/cdc_device.c.obj
                0x10005948                tud_cdc_n_connected
 .text.tud_cdc_n_available
                0x1000598c       0x18 CMakeFiles/tempNucleo.dir/C_/Program_Files/Raspberry_Pi/Pico_SDK_v1.5.1/pico-sdk/lib/tinyusb/src/class/cdc/cdc_device.c.obj
                0x1000598c                tud_cdc_n_available
 .text.tud_cdc_n_read
                0x100059a4       0x28 CMakeFiles/tempNucleo.dir/C_/Program_Files/Raspberry_Pi/Pico_SDK_v1.5.1/pico-sdk/lib/tinyusb/src/class/cdc/cdc_device.c.obj
                0x100059a4                tud_cdc_n_read
 .text.tud_cdc_n_write_flush
                0x100059cc       0xb8 CMakeFiles/tempNucleo.dir/C_/Program_Files/Raspberry_Pi/Pico_SDK_v1.5.1/pico-sdk/lib/tinyusb/src/class/cdc/cdc_device.c.obj
                0x100059cc                tud_cdc_n_write_flush
 .text.tud_cdc_n_write
                0x10005a84       0x38 CMakeFiles/tempNucleo.dir/C_/Program_Files/Raspberry_Pi/Pico_SDK_v1.5.1/pico-sdk/lib/tinyusb/src/class/cdc/cdc_device.c.obj
                0x10005a84                tud_cdc_n_write
 .text.tud_cdc_n_write_available
                0x10005abc       0x1c CMakeFiles/tempNucleo.dir/C_/Program_Files/Raspberry_Pi/Pico_SDK_v1.5.1/pico-sdk/lib/tinyusb/src/class/cdc/cdc_device.c.obj
                0x10005abc                tud_cdc_n_write_available
 .text.cdcd_init
                0x10005ad8       0xbc CMakeFiles/tempNucleo.dir/C_/Program_Files/Raspberry_Pi/Pico_SDK_v1.5.1/pico-sdk/lib/tinyusb/src/class/cdc/cdc_device.c.obj
                0x10005ad8                cdcd_init
 .text.cdcd_reset
                0x10005b94       0x44 CMakeFiles/tempNucleo.dir/C_/Program_Files/Raspberry_Pi/Pico_SDK_v1.5.1/pico-sdk/lib/tinyusb/src/class/cdc/cdc_device.c.obj
                0x10005b94                cdcd_reset
 .text.cdcd_open
                0x10005bd8       0xcc CMakeFiles/tempNucleo.dir/C_/Program_Files/Raspberry_Pi/Pico_SDK_v1.5.1/pico-sdk/lib/tinyusb/src/class/cdc/cdc_device.c.obj
                0x10005bd8                cdcd_open
 .text.cdcd_control_xfer_cb
                0x10005ca4      0x134 CMakeFiles/tempNucleo.dir/C_/Program_Files/Raspberry_Pi/Pico_SDK_v1.5.1/pico-sdk/lib/tinyusb/src/class/cdc/cdc_device.c.obj
                0x10005ca4                cdcd_control_xfer_cb
 .text.cdcd_xfer_cb
                0x10005dd8      0x130 CMakeFiles/tempNucleo.dir/C_/Program_Files/Raspberry_Pi/Pico_SDK_v1.5.1/pico-sdk/lib/tinyusb/src/class/cdc/cdc_device.c.obj
                0x10005dd8                cdcd_xfer_cb
 .text.tusb_init
                0x10005f08        0xa CMakeFiles/tempNucleo.dir/C_/Program_Files/Raspberry_Pi/Pico_SDK_v1.5.1/pico-sdk/lib/tinyusb/src/tusb.c.obj
                0x10005f08                tusb_init
 .text.tusb_inited
                0x10005f12        0xe CMakeFiles/tempNucleo.dir/C_/Program_Files/Raspberry_Pi/Pico_SDK_v1.5.1/pico-sdk/lib/tinyusb/src/tusb.c.obj
                0x10005f12                tusb_inited
 .text.tu_edpt_claim
                0x10005f20       0x50 CMakeFiles/tempNucleo.dir/C_/Program_Files/Raspberry_Pi/Pico_SDK_v1.5.1/pico-sdk/lib/tinyusb/src/tusb.c.obj
                0x10005f20                tu_edpt_claim
 .text.tu_edpt_release
                0x10005f70       0x3c CMakeFiles/tempNucleo.dir/C_/Program_Files/Raspberry_Pi/Pico_SDK_v1.5.1/pico-sdk/lib/tinyusb/src/tusb.c.obj
                0x10005f70                tu_edpt_release
 .text.tu_edpt_validate
                0x10005fac       0x78 CMakeFiles/tempNucleo.dir/C_/Program_Files/Raspberry_Pi/Pico_SDK_v1.5.1/pico-sdk/lib/tinyusb/src/tusb.c.obj
                0x10005fac                tu_edpt_validate
 .text.tu_edpt_bind_driver
                0x10006024       0x26 CMakeFiles/tempNucleo.dir/C_/Program_Files/Raspberry_Pi/Pico_SDK_v1.5.1/pico-sdk/lib/tinyusb/src/tusb.c.obj
                0x10006024                tu_edpt_bind_driver
 .text.advance_index
                0x1000604a       0x1a CMakeFiles/tempNucleo.dir/C_/Program_Files/Raspberry_Pi/Pico_SDK_v1.5.1/pico-sdk/lib/tinyusb/src/common/tusb_fifo.c.obj
 .text._tu_fifo_peek
                0x10006064       0x56 CMakeFiles/tempNucleo.dir/C_/Program_Files/Raspberry_Pi/Pico_SDK_v1.5.1/pico-sdk/lib/tinyusb/src/common/tusb_fifo.c.obj
 .text._ff_pull_const_addr
                0x100060ba       0x4c CMakeFiles/tempNucleo.dir/C_/Program_Files/Raspberry_Pi/Pico_SDK_v1.5.1/pico-sdk/lib/tinyusb/src/common/tusb_fifo.c.obj
 .text._ff_pull_n
                0x10006106      0x110 CMakeFiles/tempNucleo.dir/C_/Program_Files/Raspberry_Pi/Pico_SDK_v1.5.1/pico-sdk/lib/tinyusb/src/common/tusb_fifo.c.obj
 .text._tu_fifo_peek_n
                0x10006216       0x6a CMakeFiles/tempNucleo.dir/C_/Program_Files/Raspberry_Pi/Pico_SDK_v1.5.1/pico-sdk/lib/tinyusb/src/common/tusb_fifo.c.obj
 .text._tu_fifo_read_n
                0x10006280       0x4e CMakeFiles/tempNucleo.dir/C_/Program_Files/Raspberry_Pi/Pico_SDK_v1.5.1/pico-sdk/lib/tinyusb/src/common/tusb_fifo.c.obj
 .text._ff_push_const_addr
                0x100062ce       0x40 CMakeFiles/tempNucleo.dir/C_/Program_Files/Raspberry_Pi/Pico_SDK_v1.5.1/pico-sdk/lib/tinyusb/src/common/tusb_fifo.c.obj
 .text._ff_push_n
                0x1000630e      0x10c CMakeFiles/tempNucleo.dir/C_/Program_Files/Raspberry_Pi/Pico_SDK_v1.5.1/pico-sdk/lib/tinyusb/src/common/tusb_fifo.c.obj
 .text._tu_fifo_write_n
                0x1000641a       0xf0 CMakeFiles/tempNucleo.dir/C_/Program_Files/Raspberry_Pi/Pico_SDK_v1.5.1/pico-sdk/lib/tinyusb/src/common/tusb_fifo.c.obj
 .text.tu_fifo_config
                0x1000650a       0x7c CMakeFiles/tempNucleo.dir/C_/Program_Files/Raspberry_Pi/Pico_SDK_v1.5.1/pico-sdk/lib/tinyusb/src/common/tusb_fifo.c.obj
                0x1000650a                tu_fifo_config
 .text.tu_fifo_count
                0x10006586       0x2a CMakeFiles/tempNucleo.dir/C_/Program_Files/Raspberry_Pi/Pico_SDK_v1.5.1/pico-sdk/lib/tinyusb/src/common/tusb_fifo.c.obj
                0x10006586                tu_fifo_count
 .text.tu_fifo_empty
                0x100065b0       0x10 CMakeFiles/tempNucleo.dir/C_/Program_Files/Raspberry_Pi/Pico_SDK_v1.5.1/pico-sdk/lib/tinyusb/src/common/tusb_fifo.c.obj
                0x100065b0                tu_fifo_empty
 .text.tu_fifo_full
                0x100065c0       0x28 CMakeFiles/tempNucleo.dir/C_/Program_Files/Raspberry_Pi/Pico_SDK_v1.5.1/pico-sdk/lib/tinyusb/src/common/tusb_fifo.c.obj
                0x100065c0                tu_fifo_full
 .text.tu_fifo_remaining
                0x100065e8       0x2c CMakeFiles/tempNucleo.dir/C_/Program_Files/Raspberry_Pi/Pico_SDK_v1.5.1/pico-sdk/lib/tinyusb/src/common/tusb_fifo.c.obj
                0x100065e8                tu_fifo_remaining
 .text.tu_fifo_read
                0x10006614       0x42 CMakeFiles/tempNucleo.dir/C_/Program_Files/Raspberry_Pi/Pico_SDK_v1.5.1/pico-sdk/lib/tinyusb/src/common/tusb_fifo.c.obj
                0x10006614                tu_fifo_read
 .text.tu_fifo_read_n
                0x10006656        0xa CMakeFiles/tempNucleo.dir/C_/Program_Files/Raspberry_Pi/Pico_SDK_v1.5.1/pico-sdk/lib/tinyusb/src/common/tusb_fifo.c.obj
                0x10006656                tu_fifo_read_n
 .text.tu_fifo_write
                0x10006660       0x64 CMakeFiles/tempNucleo.dir/C_/Program_Files/Raspberry_Pi/Pico_SDK_v1.5.1/pico-sdk/lib/tinyusb/src/common/tusb_fifo.c.obj
                0x10006660                tu_fifo_write
 .text.tu_fifo_write_n
                0x100066c4        0xa CMakeFiles/tempNucleo.dir/C_/Program_Files/Raspberry_Pi/Pico_SDK_v1.5.1/pico-sdk/lib/tinyusb/src/common/tusb_fifo.c.obj
                0x100066c4                tu_fifo_write_n
 .text.tu_fifo_clear
                0x100066ce       0x3e CMakeFiles/tempNucleo.dir/C_/Program_Files/Raspberry_Pi/Pico_SDK_v1.5.1/pico-sdk/lib/tinyusb/src/common/tusb_fifo.c.obj
                0x100066ce                tu_fifo_clear
 .text.tu_fifo_set_overwritable
                0x1000670c       0x46 CMakeFiles/tempNucleo.dir/C_/Program_Files/Raspberry_Pi/Pico_SDK_v1.5.1/pico-sdk/lib/tinyusb/src/common/tusb_fifo.c.obj
                0x1000670c                tu_fifo_set_overwritable
 *fill*         0x10006752        0x2 
 .text.adc_init
                0x10006754       0x34 CMakeFiles/tempNucleo.dir/C_/Program_Files/Raspberry_Pi/Pico_SDK_v1.5.1/pico-sdk/src/rp2_common/hardware_adc/adc.c.obj
                0x10006754                adc_init
 .text.strlen   0x10006788       0x5c c:/progra~1/raspbe~1/picosd~1.1/gcc-ar~1/bin/../lib/gcc/arm-none-eabi/10.3.1/../../../../arm-none-eabi/lib/thumb/v6-m/nofp\libg.a(lib_a-strlen-stub.o)
                0x10006788                strlen
 *(.fini)
 .fini          0x100067e4        0x4 c:/progra~1/raspbe~1/picosd~1.1/gcc-ar~1/bin/../lib/gcc/arm-none-eabi/10.3.1/thumb/v6-m/nofp/crti.o
                0x100067e4                _fini
 .fini.__stub   0x100067e8       0xe0 linker stubs
 *crtbegin.o(.ctors)
 *crtbegin?.o(.ctors)
 *(EXCLUDE_FILE(*crtend.o *crtend?.o) .ctors)
 *(SORT_BY_NAME(.ctors.*))
 *(.ctors)
 *crtbegin.o(.dtors)
 *crtbegin?.o(.dtors)
 *(EXCLUDE_FILE(*crtend.o *crtend?.o) .dtors)
 *(SORT_BY_NAME(.dtors.*))
 *(.dtors)
 *(.eh_frame*)
 .eh_frame      0x100068c8        0x0 c:/progra~1/raspbe~1/picosd~1.1/gcc-ar~1/bin/../lib/gcc/arm-none-eabi/10.3.1/thumb/v6-m/nofp/crtbegin.o
                0x100068c8                . = ALIGN (0x4)

.glue_7         0x100068c8        0x0
 .glue_7        0x100068c8        0x0 linker stubs

.glue_7t        0x100068c8        0x0
 .glue_7t       0x100068c8        0x0 linker stubs

.vfp11_veneer   0x100068c8        0x0
 .vfp11_veneer  0x100068c8        0x0 linker stubs

.v4_bx          0x100068c8        0x0
 .v4_bx         0x100068c8        0x0 linker stubs

.iplt           0x100068c8        0x0
 .iplt          0x100068c8        0x0 c:/progra~1/raspbe~1/picosd~1.1/gcc-ar~1/bin/../lib/gcc/arm-none-eabi/10.3.1/thumb/v6-m/nofp/crtbegin.o

.rodata         0x100068c8     0x1794
 *(EXCLUDE_FILE(*libm.a: *libc.a:*lib_a-mem*.o *libgcc.a:) .rodata*)
 .rodata.main.str1.4
                0x100068c8       0x4c CMakeFiles/tempNucleo.dir/main.c.obj
 .rodata.pico_get_unique_board_id_string.str1.4
                0x10006914       0x69 CMakeFiles/tempNucleo.dir/C_/Program_Files/Raspberry_Pi/Pico_SDK_v1.5.1/pico-sdk/src/rp2_common/pico_unique_id/unique_id.c.obj
 *fill*         0x1000697d        0x3 
 .rodata.__func__.0
                0x10006980       0x20 CMakeFiles/tempNucleo.dir/C_/Program_Files/Raspberry_Pi/Pico_SDK_v1.5.1/pico-sdk/src/rp2_common/pico_unique_id/unique_id.c.obj
 .rodata.str1.4
                0x100069a0      0x176 CMakeFiles/tempNucleo.dir/C_/Program_Files/Raspberry_Pi/Pico_SDK_v1.5.1/pico-sdk/src/rp2_common/hardware_flash/flash.c.obj
 *fill*         0x10006b16        0x2 
 .rodata.__func__.0
                0x10006b18        0xd CMakeFiles/tempNucleo.dir/C_/Program_Files/Raspberry_Pi/Pico_SDK_v1.5.1/pico-sdk/src/rp2_common/hardware_flash/flash.c.obj
 *fill*         0x10006b25        0x3 
 .rodata.spin_lock_claim_unused.str1.4
                0x10006b28       0x1b CMakeFiles/tempNucleo.dir/C_/Program_Files/Raspberry_Pi/Pico_SDK_v1.5.1/pico-sdk/src/rp2_common/hardware_sync/sync.c.obj
 *fill*         0x10006b43        0x1 
 .rodata.make_branch.str1.4
                0x10006b44       0x89 CMakeFiles/tempNucleo.dir/C_/Program_Files/Raspberry_Pi/Pico_SDK_v1.5.1/pico-sdk/src/rp2_common/hardware_irq/irq.c.obj
 *fill*         0x10006bcd        0x3 
 .rodata.insert_branch_and_link.str1.4
                0x10006bd0       0x10 CMakeFiles/tempNucleo.dir/C_/Program_Files/Raspberry_Pi/Pico_SDK_v1.5.1/pico-sdk/src/rp2_common/hardware_irq/irq.c.obj
 .rodata.irq_set_exclusive_handler.str1.4
                0x10006be0       0x36 CMakeFiles/tempNucleo.dir/C_/Program_Files/Raspberry_Pi/Pico_SDK_v1.5.1/pico-sdk/src/rp2_common/hardware_irq/irq.c.obj
 *fill*         0x10006c16        0x2 
 .rodata.irq_add_shared_handler.str1.4
                0x10006c18       0xd9 CMakeFiles/tempNucleo.dir/C_/Program_Files/Raspberry_Pi/Pico_SDK_v1.5.1/pico-sdk/src/rp2_common/hardware_irq/irq.c.obj
 *fill*         0x10006cf1        0x3 
 .rodata.irq_remove_handler.str1.4
                0x10006cf4       0x3a CMakeFiles/tempNucleo.dir/C_/Program_Files/Raspberry_Pi/Pico_SDK_v1.5.1/pico-sdk/src/rp2_common/hardware_irq/irq.c.obj
 *fill*         0x10006d2e        0x2 
 .rodata.irq_add_tail_to_free_list.str1.4
                0x10006d30       0x3a CMakeFiles/tempNucleo.dir/C_/Program_Files/Raspberry_Pi/Pico_SDK_v1.5.1/pico-sdk/src/rp2_common/hardware_irq/irq.c.obj
 *fill*         0x10006d6a        0x2 
 .rodata.user_irq_claim_unused.str1.4
                0x10006d6c       0x1b CMakeFiles/tempNucleo.dir/C_/Program_Files/Raspberry_Pi/Pico_SDK_v1.5.1/pico-sdk/src/rp2_common/hardware_irq/irq.c.obj
 *fill*         0x10006d87        0x1 
 .rodata.__func__.0
                0x10006d88       0x1a CMakeFiles/tempNucleo.dir/C_/Program_Files/Raspberry_Pi/Pico_SDK_v1.5.1/pico-sdk/src/rp2_common/hardware_irq/irq.c.obj
 *fill*         0x10006da2        0x2 
 .rodata.__func__.1
                0x10006da4       0x17 CMakeFiles/tempNucleo.dir/C_/Program_Files/Raspberry_Pi/Pico_SDK_v1.5.1/pico-sdk/src/rp2_common/hardware_irq/irq.c.obj
 *fill*         0x10006dbb        0x1 
 .rodata.__func__.2
                0x10006dbc       0x13 CMakeFiles/tempNucleo.dir/C_/Program_Files/Raspberry_Pi/Pico_SDK_v1.5.1/pico-sdk/src/rp2_common/hardware_irq/irq.c.obj
 *fill*         0x10006dcf        0x1 
 .rodata.__func__.3
                0x10006dd0        0xc CMakeFiles/tempNucleo.dir/C_/Program_Files/Raspberry_Pi/Pico_SDK_v1.5.1/pico-sdk/src/rp2_common/hardware_irq/irq.c.obj
 .rodata.__func__.4
                0x10006ddc        0xf CMakeFiles/tempNucleo.dir/C_/Program_Files/Raspberry_Pi/Pico_SDK_v1.5.1/pico-sdk/src/rp2_common/hardware_irq/irq.c.obj
 *fill*         0x10006deb        0x1 
 .rodata.__func__.5
                0x10006dec       0x17 CMakeFiles/tempNucleo.dir/C_/Program_Files/Raspberry_Pi/Pico_SDK_v1.5.1/pico-sdk/src/rp2_common/hardware_irq/irq.c.obj
 *fill*         0x10006e03        0x1 
 .rodata.__func__.6
                0x10006e04       0x1a CMakeFiles/tempNucleo.dir/C_/Program_Files/Raspberry_Pi/Pico_SDK_v1.5.1/pico-sdk/src/rp2_common/hardware_irq/irq.c.obj
 *fill*         0x10006e1e        0x2 
 .rodata.str1.4
                0x10006e20      0x125 CMakeFiles/tempNucleo.dir/C_/Program_Files/Raspberry_Pi/Pico_SDK_v1.5.1/pico-sdk/src/common/pico_sync/mutex.c.obj
 *fill*         0x10006f45        0x3 
 .rodata.__func__.1
                0x10006f48        0xb CMakeFiles/tempNucleo.dir/C_/Program_Files/Raspberry_Pi/Pico_SDK_v1.5.1/pico-sdk/src/common/pico_sync/mutex.c.obj
 *fill*         0x10006f53        0x1 
 .rodata.__func__.3
                0x10006f54       0x18 CMakeFiles/tempNucleo.dir/C_/Program_Files/Raspberry_Pi/Pico_SDK_v1.5.1/pico-sdk/src/common/pico_sync/mutex.c.obj
 .rodata.__func__.4
                0x10006f6c       0x15 CMakeFiles/tempNucleo.dir/C_/Program_Files/Raspberry_Pi/Pico_SDK_v1.5.1/pico-sdk/src/common/pico_sync/mutex.c.obj
 *fill*         0x10006f81        0x3 
 .rodata.repeating_timer_callback.str1.4
                0x10006f84       0x67 CMakeFiles/tempNucleo.dir/C_/Program_Files/Raspberry_Pi/Pico_SDK_v1.5.1/pico-sdk/src/common/pico_time/time.c.obj
 *fill*         0x10006feb        0x1 
 .rodata.timer_pool_entry_comparator.str1.4
                0x10006fec       0x22 CMakeFiles/tempNucleo.dir/C_/Program_Files/Raspberry_Pi/Pico_SDK_v1.5.1/pico-sdk/src/common/pico_time/time.c.obj
 *fill*         0x1000700e        0x2 
 .rodata.ph_add_child_node.str1.4
                0x10007010       0xb2 CMakeFiles/tempNucleo.dir/C_/Program_Files/Raspberry_Pi/Pico_SDK_v1.5.1/pico-sdk/src/common/pico_time/time.c.obj
 *fill*         0x100070c2        0x2 
 .rodata.add_alarm_under_lock.str1.4
                0x100070c4       0x28 CMakeFiles/tempNucleo.dir/C_/Program_Files/Raspberry_Pi/Pico_SDK_v1.5.1/pico-sdk/src/common/pico_time/time.c.obj
                                 0x2b (size before relaxing)
 .rodata.alarm_pool_alarm_callback.str1.4
                0x100070ec       0x98 CMakeFiles/tempNucleo.dir/C_/Program_Files/Raspberry_Pi/Pico_SDK_v1.5.1/pico-sdk/src/common/pico_time/time.c.obj
                                0x118 (size before relaxing)
 .rodata.alarm_pool_get_default.str1.4
                0x10007184       0x21 CMakeFiles/tempNucleo.dir/C_/Program_Files/Raspberry_Pi/Pico_SDK_v1.5.1/pico-sdk/src/common/pico_time/time.c.obj
 *fill*         0x100071a5        0x3 
 .rodata.alarm_pool_cancel_alarm.str1.4
                0x100071a8       0x27 CMakeFiles/tempNucleo.dir/C_/Program_Files/Raspberry_Pi/Pico_SDK_v1.5.1/pico-sdk/src/common/pico_time/time.c.obj
 *fill*         0x100071cf        0x1 
 .rodata.sleep_until.str1.4
                0x100071d0       0x4d CMakeFiles/tempNucleo.dir/C_/Program_Files/Raspberry_Pi/Pico_SDK_v1.5.1/pico-sdk/src/common/pico_time/time.c.obj
 *fill*         0x1000721d        0x3 
 .rodata.__func__.1
                0x10007220       0x18 CMakeFiles/tempNucleo.dir/C_/Program_Files/Raspberry_Pi/Pico_SDK_v1.5.1/pico-sdk/src/common/pico_time/time.c.obj
 .rodata.__func__.10
                0x10007238       0x15 CMakeFiles/tempNucleo.dir/C_/Program_Files/Raspberry_Pi/Pico_SDK_v1.5.1/pico-sdk/src/common/pico_time/time.c.obj
 *fill*         0x1000724d        0x3 
 .rodata.__func__.11
                0x10007250       0x1a CMakeFiles/tempNucleo.dir/C_/Program_Files/Raspberry_Pi/Pico_SDK_v1.5.1/pico-sdk/src/common/pico_time/time.c.obj
 *fill*         0x1000726a        0x2 
 .rodata.__func__.12
                0x1000726c        0xa CMakeFiles/tempNucleo.dir/C_/Program_Files/Raspberry_Pi/Pico_SDK_v1.5.1/pico-sdk/src/common/pico_time/time.c.obj
 *fill*         0x10007276        0x2 
 .rodata.__func__.3
                0x10007278       0x17 CMakeFiles/tempNucleo.dir/C_/Program_Files/Raspberry_Pi/Pico_SDK_v1.5.1/pico-sdk/src/common/pico_time/time.c.obj
 *fill*         0x1000728f        0x1 
 .rodata.__func__.4
                0x10007290       0x12 CMakeFiles/tempNucleo.dir/C_/Program_Files/Raspberry_Pi/Pico_SDK_v1.5.1/pico-sdk/src/common/pico_time/time.c.obj
 *fill*         0x100072a2        0x2 
 .rodata.__func__.5
                0x100072a4        0xd CMakeFiles/tempNucleo.dir/C_/Program_Files/Raspberry_Pi/Pico_SDK_v1.5.1/pico-sdk/src/common/pico_time/time.c.obj
 *fill*         0x100072b1        0x3 
 .rodata.__func__.6
                0x100072b4       0x12 CMakeFiles/tempNucleo.dir/C_/Program_Files/Raspberry_Pi/Pico_SDK_v1.5.1/pico-sdk/src/common/pico_time/time.c.obj
 *fill*         0x100072c6        0x2 
 .rodata.__func__.7
                0x100072c8        0xf CMakeFiles/tempNucleo.dir/C_/Program_Files/Raspberry_Pi/Pico_SDK_v1.5.1/pico-sdk/src/common/pico_time/time.c.obj
 *fill*         0x100072d7        0x1 
 .rodata.__func__.8
                0x100072d8        0xc CMakeFiles/tempNucleo.dir/C_/Program_Files/Raspberry_Pi/Pico_SDK_v1.5.1/pico-sdk/src/common/pico_time/time.c.obj
 .rodata.__func__.9
                0x100072e4       0x15 CMakeFiles/tempNucleo.dir/C_/Program_Files/Raspberry_Pi/Pico_SDK_v1.5.1/pico-sdk/src/common/pico_time/time.c.obj
 *fill*         0x100072f9        0x3 
 .rodata.hardware_alarm_claim.str1.4
                0x100072fc       0x22 CMakeFiles/tempNucleo.dir/C_/Program_Files/Raspberry_Pi/Pico_SDK_v1.5.1/pico-sdk/src/rp2_common/hardware_timer/timer.c.obj
 *fill*         0x1000731e        0x2 
 .rodata.hardware_alarm_set_target.str1.4
                0x10007320       0x81 CMakeFiles/tempNucleo.dir/C_/Program_Files/Raspberry_Pi/Pico_SDK_v1.5.1/pico-sdk/src/rp2_common/hardware_timer/timer.c.obj
 *fill*         0x100073a1        0x3 
 .rodata.__func__.0
                0x100073a4       0x1a CMakeFiles/tempNucleo.dir/C_/Program_Files/Raspberry_Pi/Pico_SDK_v1.5.1/pico-sdk/src/rp2_common/hardware_timer/timer.c.obj
 .rodata.ph_add_child_node.str1.4
                0x100073be       0xb2 CMakeFiles/tempNucleo.dir/C_/Program_Files/Raspberry_Pi/Pico_SDK_v1.5.1/pico-sdk/src/common/pico_util/pheap.c.obj
 *fill*         0x100073be        0x2 
 .rodata.ph_remove_any_head.str1.4
                0x100073c0       0xa8 CMakeFiles/tempNucleo.dir/C_/Program_Files/Raspberry_Pi/Pico_SDK_v1.5.1/pico-sdk/src/common/pico_util/pheap.c.obj
                                 0xbc (size before relaxing)
 .rodata.ph_remove_and_free_node.str1.4
                0x10007468       0x1e CMakeFiles/tempNucleo.dir/C_/Program_Files/Raspberry_Pi/Pico_SDK_v1.5.1/pico-sdk/src/common/pico_util/pheap.c.obj
                                 0x26 (size before relaxing)
 *fill*         0x10007486        0x2 
 .rodata.__func__.0
                0x10007488       0x18 CMakeFiles/tempNucleo.dir/C_/Program_Files/Raspberry_Pi/Pico_SDK_v1.5.1/pico-sdk/src/common/pico_util/pheap.c.obj
 .rodata.__func__.1
                0x100074a0       0x13 CMakeFiles/tempNucleo.dir/C_/Program_Files/Raspberry_Pi/Pico_SDK_v1.5.1/pico-sdk/src/common/pico_util/pheap.c.obj
 *fill*         0x100074b3        0x1 
 .rodata.__func__.2
                0x100074b4       0x12 CMakeFiles/tempNucleo.dir/C_/Program_Files/Raspberry_Pi/Pico_SDK_v1.5.1/pico-sdk/src/common/pico_util/pheap.c.obj
 *fill*         0x100074c6        0x2 
 .rodata.__func__.3
                0x100074c8        0xc CMakeFiles/tempNucleo.dir/C_/Program_Files/Raspberry_Pi/Pico_SDK_v1.5.1/pico-sdk/src/common/pico_util/pheap.c.obj
 .rodata.clock_configure.str1.4
                0x100074d4       0x73 CMakeFiles/tempNucleo.dir/C_/Program_Files/Raspberry_Pi/Pico_SDK_v1.5.1/pico-sdk/src/rp2_common/hardware_clocks/clocks.c.obj
 *fill*         0x10007547        0x1 
 .rodata.__func__.1
                0x10007548       0x10 CMakeFiles/tempNucleo.dir/C_/Program_Files/Raspberry_Pi/Pico_SDK_v1.5.1/pico-sdk/src/rp2_common/hardware_clocks/clocks.c.obj
 .rodata.pll_init.str1.4
                0x10007558      0x140 CMakeFiles/tempNucleo.dir/C_/Program_Files/Raspberry_Pi/Pico_SDK_v1.5.1/pico-sdk/src/rp2_common/hardware_pll/pll.c.obj
 .rodata.__func__.0
                0x10007698        0x9 CMakeFiles/tempNucleo.dir/C_/Program_Files/Raspberry_Pi/Pico_SDK_v1.5.1/pico-sdk/src/rp2_common/hardware_pll/pll.c.obj
 *fill*         0x100076a1        0x3 
 .rodata.__assert_func.str1.4
                0x100076a4       0x3f CMakeFiles/tempNucleo.dir/C_/Program_Files/Raspberry_Pi/Pico_SDK_v1.5.1/pico-sdk/src/rp2_common/pico_runtime/runtime.c.obj
                                 0x43 (size before relaxing)
 *fill*         0x100076e3        0x1 
 .rodata.runtime_init.str1.4
                0x100076e4       0x7d CMakeFiles/tempNucleo.dir/C_/Program_Files/Raspberry_Pi/Pico_SDK_v1.5.1/pico-sdk/src/rp2_common/pico_runtime/runtime.c.obj
 *fill*         0x10007761        0x3 
 .rodata.panic.str1.4
                0x10007764       0x12 CMakeFiles/tempNucleo.dir/C_/Program_Files/Raspberry_Pi/Pico_SDK_v1.5.1/pico-sdk/src/rp2_common/pico_runtime/runtime.c.obj
 *fill*         0x10007776        0x2 
 .rodata.__func__.2
                0x10007778        0xd CMakeFiles/tempNucleo.dir/C_/Program_Files/Raspberry_Pi/Pico_SDK_v1.5.1/pico-sdk/src/rp2_common/pico_runtime/runtime.c.obj
 *fill*         0x10007785        0x3 
 .rodata._ftoa.str1.4
                0x10007788       0x15 CMakeFiles/tempNucleo.dir/C_/Program_Files/Raspberry_Pi/Pico_SDK_v1.5.1/pico-sdk/src/rp2_common/pico_printf/printf.c.obj
 *fill*         0x1000779d        0x3 
 .rodata._vsnprintf
                0x100077a0      0x1e0 CMakeFiles/tempNucleo.dir/C_/Program_Files/Raspberry_Pi/Pico_SDK_v1.5.1/pico-sdk/src/rp2_common/pico_printf/printf.c.obj
 .rodata.pow10.0
                0x10007980       0x50 CMakeFiles/tempNucleo.dir/C_/Program_Files/Raspberry_Pi/Pico_SDK_v1.5.1/pico-sdk/src/rp2_common/pico_printf/printf.c.obj
 .rodata.missing_double_func_shim.str1.4
                0x100079d0       0x18 CMakeFiles/tempNucleo.dir/C_/Program_Files/Raspberry_Pi/Pico_SDK_v1.5.1/pico-sdk/src/rp2_common/pico_double/double_init_rom.c.obj
 .rodata.__aeabi_double_init.str1.4
                0x100079e8       0xb8 CMakeFiles/tempNucleo.dir/C_/Program_Files/Raspberry_Pi/Pico_SDK_v1.5.1/pico-sdk/src/rp2_common/pico_double/double_init_rom.c.obj
 .rodata.__func__.0
                0x10007aa0       0x14 CMakeFiles/tempNucleo.dir/C_/Program_Files/Raspberry_Pi/Pico_SDK_v1.5.1/pico-sdk/src/rp2_common/pico_double/double_init_rom.c.obj
 .rodata.missing_float_func_shim.str1.4
                0x10007ab4        0x1 CMakeFiles/tempNucleo.dir/C_/Program_Files/Raspberry_Pi/Pico_SDK_v1.5.1/pico-sdk/src/rp2_common/pico_float/float_init_rom.c.obj
 .rodata.__aeabi_float_init.str1.4
                0x10007ab4       0x96 CMakeFiles/tempNucleo.dir/C_/Program_Files/Raspberry_Pi/Pico_SDK_v1.5.1/pico-sdk/src/rp2_common/pico_float/float_init_rom.c.obj
 *fill*         0x10007b4a        0x2 
 .rodata.__func__.0
                0x10007b4c       0x13 CMakeFiles/tempNucleo.dir/C_/Program_Files/Raspberry_Pi/Pico_SDK_v1.5.1/pico-sdk/src/rp2_common/pico_float/float_init_rom.c.obj
 *fill*         0x10007b5f        0x1 
 .rodata.str1.4
                0x10007b60       0x40 CMakeFiles/tempNucleo.dir/C_/Program_Files/Raspberry_Pi/Pico_SDK_v1.5.1/pico-sdk/src/rp2_common/pico_standard_link/binary_info.c.obj
 .rodata.__bi_44
                0x10007ba0        0xc CMakeFiles/tempNucleo.dir/C_/Program_Files/Raspberry_Pi/Pico_SDK_v1.5.1/pico-sdk/src/rp2_common/pico_standard_link/binary_info.c.obj
 .rodata.__bi_75
                0x10007bac        0xc CMakeFiles/tempNucleo.dir/C_/Program_Files/Raspberry_Pi/Pico_SDK_v1.5.1/pico-sdk/src/rp2_common/pico_standard_link/binary_info.c.obj
 .rodata.__bi_81
                0x10007bb8        0xc CMakeFiles/tempNucleo.dir/C_/Program_Files/Raspberry_Pi/Pico_SDK_v1.5.1/pico-sdk/src/rp2_common/pico_standard_link/binary_info.c.obj
 .rodata.stdout_serialize_begin.str1.4
                0x10007bc4       0x7d CMakeFiles/tempNucleo.dir/C_/Program_Files/Raspberry_Pi/Pico_SDK_v1.5.1/pico-sdk/src/rp2_common/pico_stdio/stdio.c.obj
 .rodata.__func__.3
                0x10007bc4       0x15 CMakeFiles/tempNucleo.dir/C_/Program_Files/Raspberry_Pi/Pico_SDK_v1.5.1/pico-sdk/src/rp2_common/pico_stdio/stdio.c.obj
 *fill*         0x10007bd9        0x3 
 .rodata.crlf_str.2
                0x10007bdc        0x2 CMakeFiles/tempNucleo.dir/C_/Program_Files/Raspberry_Pi/Pico_SDK_v1.5.1/pico-sdk/src/rp2_common/pico_stdio/stdio.c.obj
 *fill*         0x10007bde        0x2 
 .rodata._resetd_driver
                0x10007be0       0x18 CMakeFiles/tempNucleo.dir/C_/Program_Files/Raspberry_Pi/Pico_SDK_v1.5.1/pico-sdk/src/rp2_common/pico_stdio_usb/reset_interface.c.obj
 .rodata.low_priority_worker_irq.str1.4
                0x10007bf8       0x7d CMakeFiles/tempNucleo.dir/C_/Program_Files/Raspberry_Pi/Pico_SDK_v1.5.1/pico-sdk/src/rp2_common/pico_stdio_usb/stdio_usb.c.obj
 .rodata.stdio_usb_init.str1.4
                0x10007bf8       0x61 CMakeFiles/tempNucleo.dir/C_/Program_Files/Raspberry_Pi/Pico_SDK_v1.5.1/pico-sdk/src/rp2_common/pico_stdio_usb/stdio_usb.c.obj
                                 0x69 (size before relaxing)
 *fill*         0x10007c59        0x3 
 .rodata.str1.4
                0x10007c5c       0x13 CMakeFiles/tempNucleo.dir/C_/Program_Files/Raspberry_Pi/Pico_SDK_v1.5.1/pico-sdk/src/rp2_common/pico_stdio_usb/stdio_usb.c.obj
 *fill*         0x10007c6f        0x1 
 .rodata.__bi_182.0
                0x10007c70        0xc CMakeFiles/tempNucleo.dir/C_/Program_Files/Raspberry_Pi/Pico_SDK_v1.5.1/pico-sdk/src/rp2_common/pico_stdio_usb/stdio_usb.c.obj
 .rodata.__func__.1
                0x10007c7c        0xf CMakeFiles/tempNucleo.dir/C_/Program_Files/Raspberry_Pi/Pico_SDK_v1.5.1/pico-sdk/src/rp2_common/pico_stdio_usb/stdio_usb.c.obj
 *fill*         0x10007c8b        0x1 
 .rodata.__func__.3
                0x10007c8c       0x15 CMakeFiles/tempNucleo.dir/C_/Program_Files/Raspberry_Pi/Pico_SDK_v1.5.1/pico-sdk/src/rp2_common/pico_stdio_usb/stdio_usb.c.obj
 *fill*         0x10007ca1        0x3 
 .rodata.str1.4
                0x10007ca4       0x2a CMakeFiles/tempNucleo.dir/C_/Program_Files/Raspberry_Pi/Pico_SDK_v1.5.1/pico-sdk/src/rp2_common/pico_stdio_usb/stdio_usb_descriptors.c.obj
 *fill*         0x10007cce        0x2 
 .rodata.usbd_desc_cfg
                0x10007cd0       0x54 CMakeFiles/tempNucleo.dir/C_/Program_Files/Raspberry_Pi/Pico_SDK_v1.5.1/pico-sdk/src/rp2_common/pico_stdio_usb/stdio_usb_descriptors.c.obj
 .rodata.usbd_desc_device
                0x10007d24       0x12 CMakeFiles/tempNucleo.dir/C_/Program_Files/Raspberry_Pi/Pico_SDK_v1.5.1/pico-sdk/src/rp2_common/pico_stdio_usb/stdio_usb_descriptors.c.obj
 *fill*         0x10007d36        0x2 
 .rodata.usbd_desc_str
                0x10007d38       0x18 CMakeFiles/tempNucleo.dir/C_/Program_Files/Raspberry_Pi/Pico_SDK_v1.5.1/pico-sdk/src/rp2_common/pico_stdio_usb/stdio_usb_descriptors.c.obj
 .rodata._hw_endpoint_alloc.str1.4
                0x10007d50       0xd1 CMakeFiles/tempNucleo.dir/C_/Program_Files/Raspberry_Pi/Pico_SDK_v1.5.1/pico-sdk/lib/tinyusb/src/portable/raspberrypi/rp2040/dcd_rp2040.c.obj
 *fill*         0x10007e21        0x3 
 .rodata.str1.4
                0x10007e24       0x14 CMakeFiles/tempNucleo.dir/C_/Program_Files/Raspberry_Pi/Pico_SDK_v1.5.1/pico-sdk/lib/tinyusb/src/portable/raspberrypi/rp2040/dcd_rp2040.c.obj
 .rodata.dcd_int_enable.str1.4
                0x10007e38        0xc CMakeFiles/tempNucleo.dir/C_/Program_Files/Raspberry_Pi/Pico_SDK_v1.5.1/pico-sdk/lib/tinyusb/src/portable/raspberrypi/rp2040/dcd_rp2040.c.obj
 .rodata.__func__.0
                0x10007e44        0xe CMakeFiles/tempNucleo.dir/C_/Program_Files/Raspberry_Pi/Pico_SDK_v1.5.1/pico-sdk/lib/tinyusb/src/portable/raspberrypi/rp2040/dcd_rp2040.c.obj
 *fill*         0x10007e52        0x2 
 .rodata.__func__.1
                0x10007e54        0xe CMakeFiles/tempNucleo.dir/C_/Program_Files/Raspberry_Pi/Pico_SDK_v1.5.1/pico-sdk/lib/tinyusb/src/portable/raspberrypi/rp2040/dcd_rp2040.c.obj
 *fill*         0x10007e62        0x2 
 .rodata.__func__.3
                0x10007e64       0x10 CMakeFiles/tempNucleo.dir/C_/Program_Files/Raspberry_Pi/Pico_SDK_v1.5.1/pico-sdk/lib/tinyusb/src/portable/raspberrypi/rp2040/dcd_rp2040.c.obj
 .rodata.__func__.5
                0x10007e74        0xf CMakeFiles/tempNucleo.dir/C_/Program_Files/Raspberry_Pi/Pico_SDK_v1.5.1/pico-sdk/lib/tinyusb/src/portable/raspberrypi/rp2040/dcd_rp2040.c.obj
 *fill*         0x10007e83        0x1 
 .rodata.__func__.6
                0x10007e84       0x13 CMakeFiles/tempNucleo.dir/C_/Program_Files/Raspberry_Pi/Pico_SDK_v1.5.1/pico-sdk/lib/tinyusb/src/portable/raspberrypi/rp2040/dcd_rp2040.c.obj
 *fill*         0x10007e97        0x1 
 .rodata.__func__.7
                0x10007e98        0x9 CMakeFiles/tempNucleo.dir/C_/Program_Files/Raspberry_Pi/Pico_SDK_v1.5.1/pico-sdk/lib/tinyusb/src/portable/raspberrypi/rp2040/dcd_rp2040.c.obj
 *fill*         0x10007ea1        0x3 
 .rodata.str1.4
                0x10007ea4      0x103 CMakeFiles/tempNucleo.dir/C_/Program_Files/Raspberry_Pi/Pico_SDK_v1.5.1/pico-sdk/lib/tinyusb/src/portable/raspberrypi/rp2040/rp2040_usb.c.obj
 *fill*         0x10007fa7        0x1 
 .rodata.__func__.0
                0x10007fa8        0xf CMakeFiles/tempNucleo.dir/C_/Program_Files/Raspberry_Pi/Pico_SDK_v1.5.1/pico-sdk/lib/tinyusb/src/portable/raspberrypi/rp2040/rp2040_usb.c.obj
 *fill*         0x10007fb7        0x1 
 .rodata.process_get_descriptor
                0x10007fb8       0x40 CMakeFiles/tempNucleo.dir/C_/Program_Files/Raspberry_Pi/Pico_SDK_v1.5.1/pico-sdk/lib/tinyusb/src/device/usbd.c.obj
 .rodata.process_control_request
                0x10007ff8       0x28 CMakeFiles/tempNucleo.dir/C_/Program_Files/Raspberry_Pi/Pico_SDK_v1.5.1/pico-sdk/lib/tinyusb/src/device/usbd.c.obj
 .rodata.tud_task_ext
                0x10008020       0x24 CMakeFiles/tempNucleo.dir/C_/Program_Files/Raspberry_Pi/Pico_SDK_v1.5.1/pico-sdk/lib/tinyusb/src/device/usbd.c.obj
 .rodata._usbd_driver
                0x10008044       0x18 CMakeFiles/tempNucleo.dir/C_/Program_Files/Raspberry_Pi/Pico_SDK_v1.5.1/pico-sdk/lib/tinyusb/src/device/usbd.c.obj
                0x1000805c                . = ALIGN (0x4)
 *(SORT_BY_ALIGNMENT(SORT_BY_NAME(.flashdata*)))
                0x1000805c                . = ALIGN (0x4)

.ARM.extab
 *(.ARM.extab* .gnu.linkonce.armextab.*)
                0x1000805c                __exidx_start = .

.ARM.exidx
 *(.ARM.exidx* .gnu.linkonce.armexidx.*)
                0x1000805c                __exidx_end = .
                0x1000805c                . = ALIGN (0x4)
                0x1000805c                __binary_info_start = .

.binary_info    0x1000805c       0x20
 *(.binary_info.keep.*)
 .binary_info.keep.__bi_ptr22
                0x1000805c        0x4 CMakeFiles/tempNucleo.dir/C_/Program_Files/Raspberry_Pi/Pico_SDK_v1.5.1/pico-sdk/src/rp2_common/pico_standard_link/binary_info.c.obj
 .binary_info.keep.__bi_ptr30
                0x10008060        0x4 CMakeFiles/tempNucleo.dir/C_/Program_Files/Raspberry_Pi/Pico_SDK_v1.5.1/pico-sdk/src/rp2_common/pico_standard_link/binary_info.c.obj
 .binary_info.keep.__bi_ptr38
                0x10008064        0x4 CMakeFiles/tempNucleo.dir/C_/Program_Files/Raspberry_Pi/Pico_SDK_v1.5.1/pico-sdk/src/rp2_common/pico_standard_link/binary_info.c.obj
 .binary_info.keep.__bi_ptr44
                0x10008068        0x4 CMakeFiles/tempNucleo.dir/C_/Program_Files/Raspberry_Pi/Pico_SDK_v1.5.1/pico-sdk/src/rp2_common/pico_standard_link/binary_info.c.obj
 .binary_info.keep.__bi_ptr50
                0x1000806c        0x4 CMakeFiles/tempNucleo.dir/C_/Program_Files/Raspberry_Pi/Pico_SDK_v1.5.1/pico-sdk/src/rp2_common/pico_standard_link/binary_info.c.obj
 .binary_info.keep.__bi_ptr75
                0x10008070        0x4 CMakeFiles/tempNucleo.dir/C_/Program_Files/Raspberry_Pi/Pico_SDK_v1.5.1/pico-sdk/src/rp2_common/pico_standard_link/binary_info.c.obj
 .binary_info.keep.__bi_ptr81
                0x10008074        0x4 CMakeFiles/tempNucleo.dir/C_/Program_Files/Raspberry_Pi/Pico_SDK_v1.5.1/pico-sdk/src/rp2_common/pico_standard_link/binary_info.c.obj
 *(.binary_info.*)
 .binary_info.__bi_ptr182
                0x10008078        0x4 CMakeFiles/tempNucleo.dir/C_/Program_Files/Raspberry_Pi/Pico_SDK_v1.5.1/pico-sdk/src/rp2_common/pico_stdio_usb/stdio_usb.c.obj
                0x1000807c                __binary_info_end = .

.rel.dyn        0x1000807c        0x0
 .rel.iplt      0x1000807c        0x0 c:/progra~1/raspbe~1/picosd~1.1/gcc-ar~1/bin/../lib/gcc/arm-none-eabi/10.3.1/thumb/v6-m/nofp/crtbegin.o
                0x1000807c                . = ALIGN (0x4)

.ram_vector_table
                0x20000000       0xc0
 *(.ram_vector_table)
 .ram_vector_table
                0x20000000       0xc0 CMakeFiles/tempNucleo.dir/C_/Program_Files/Raspberry_Pi/Pico_SDK_v1.5.1/pico-sdk/src/rp2_common/pico_runtime/runtime.c.obj
                0x20000000                ram_vector_table

.data           0x200000c0      0xbf0 load address 0x1000807c
                0x200000c0                __data_start__ = .
 *(vtable)
 *(.time_critical*)
 .time_critical.flash_init_boot2_copyout
                0x200000c0       0x30 CMakeFiles/tempNucleo.dir/C_/Program_Files/Raspberry_Pi/Pico_SDK_v1.5.1/pico-sdk/src/rp2_common/hardware_flash/flash.c.obj
 .time_critical.flash_enable_xip_via_boot2
                0x200000f0       0x10 CMakeFiles/tempNucleo.dir/C_/Program_Files/Raspberry_Pi/Pico_SDK_v1.5.1/pico-sdk/src/rp2_common/hardware_flash/flash.c.obj
 .time_critical.flash_cs_force
                0x20000100       0x28 CMakeFiles/tempNucleo.dir/C_/Program_Files/Raspberry_Pi/Pico_SDK_v1.5.1/pico-sdk/src/rp2_common/hardware_flash/flash.c.obj
 .time_critical.flash_do_cmd
                0x20000128       0xd8 CMakeFiles/tempNucleo.dir/C_/Program_Files/Raspberry_Pi/Pico_SDK_v1.5.1/pico-sdk/src/rp2_common/hardware_flash/flash.c.obj
                0x20000128                flash_do_cmd
 .time_critical.mutex_try_enter
                0x20000200       0x46 CMakeFiles/tempNucleo.dir/C_/Program_Files/Raspberry_Pi/Pico_SDK_v1.5.1/pico-sdk/src/common/pico_sync/mutex.c.obj
                0x20000200                mutex_try_enter
 *fill*         0x20000246        0x2 
 .time_critical.mutex_enter_block_until
                0x20000248       0x8c CMakeFiles/tempNucleo.dir/C_/Program_Files/Raspberry_Pi/Pico_SDK_v1.5.1/pico-sdk/src/common/pico_sync/mutex.c.obj
                0x20000248                mutex_enter_block_until
 .time_critical.mutex_try_enter_block_until
                0x200002d4       0x34 CMakeFiles/tempNucleo.dir/C_/Program_Files/Raspberry_Pi/Pico_SDK_v1.5.1/pico-sdk/src/common/pico_sync/mutex.c.obj
                0x200002d4                mutex_try_enter_block_until
 .time_critical.mutex_enter_timeout_ms
                0x20000308       0x68 CMakeFiles/tempNucleo.dir/C_/Program_Files/Raspberry_Pi/Pico_SDK_v1.5.1/pico-sdk/src/common/pico_sync/mutex.c.obj
                0x20000308                mutex_enter_timeout_ms
 .time_critical.mutex_exit
                0x20000370       0x4c CMakeFiles/tempNucleo.dir/C_/Program_Files/Raspberry_Pi/Pico_SDK_v1.5.1/pico-sdk/src/common/pico_sync/mutex.c.obj
                0x20000370                mutex_exit
 .time_critical.reset_non_control_endpoints
                0x200003bc       0x40 CMakeFiles/tempNucleo.dir/C_/Program_Files/Raspberry_Pi/Pico_SDK_v1.5.1/pico-sdk/lib/tinyusb/src/portable/raspberrypi/rp2040/dcd_rp2040.c.obj
 .time_critical.hw_handle_buff_status
                0x200003fc       0xa4 CMakeFiles/tempNucleo.dir/C_/Program_Files/Raspberry_Pi/Pico_SDK_v1.5.1/pico-sdk/lib/tinyusb/src/portable/raspberrypi/rp2040/dcd_rp2040.c.obj
 .time_critical.dcd_rp2040_irq
                0x200004a0      0x1cc CMakeFiles/tempNucleo.dir/C_/Program_Files/Raspberry_Pi/Pico_SDK_v1.5.1/pico-sdk/lib/tinyusb/src/portable/raspberrypi/rp2040/dcd_rp2040.c.obj
 .time_critical.e15_is_bulkin_ep
                0x2000066c       0x2c CMakeFiles/tempNucleo.dir/C_/Program_Files/Raspberry_Pi/Pico_SDK_v1.5.1/pico-sdk/lib/tinyusb/src/portable/raspberrypi/rp2040/rp2040_usb.c.obj
 .time_critical.e15_is_critical_frame_period
                0x20000698       0x30 CMakeFiles/tempNucleo.dir/C_/Program_Files/Raspberry_Pi/Pico_SDK_v1.5.1/pico-sdk/lib/tinyusb/src/portable/raspberrypi/rp2040/rp2040_usb.c.obj
 .time_critical.prepare_ep_buffer
                0x200006c8       0x70 CMakeFiles/tempNucleo.dir/C_/Program_Files/Raspberry_Pi/Pico_SDK_v1.5.1/pico-sdk/lib/tinyusb/src/portable/raspberrypi/rp2040/rp2040_usb.c.obj
 .time_critical.sync_ep_buffer
                0x20000738       0x80 CMakeFiles/tempNucleo.dir/C_/Program_Files/Raspberry_Pi/Pico_SDK_v1.5.1/pico-sdk/lib/tinyusb/src/portable/raspberrypi/rp2040/rp2040_usb.c.obj
 .time_critical._hw_endpoint_xfer_sync
                0x200007b8       0x28 CMakeFiles/tempNucleo.dir/C_/Program_Files/Raspberry_Pi/Pico_SDK_v1.5.1/pico-sdk/lib/tinyusb/src/portable/raspberrypi/rp2040/rp2040_usb.c.obj
 .time_critical.hw_endpoint_reset_transfer
                0x200007e0        0xc CMakeFiles/tempNucleo.dir/C_/Program_Files/Raspberry_Pi/Pico_SDK_v1.5.1/pico-sdk/lib/tinyusb/src/portable/raspberrypi/rp2040/rp2040_usb.c.obj
                0x200007e0                hw_endpoint_reset_transfer
 .time_critical._hw_endpoint_buffer_control_update32
                0x200007ec       0x58 CMakeFiles/tempNucleo.dir/C_/Program_Files/Raspberry_Pi/Pico_SDK_v1.5.1/pico-sdk/lib/tinyusb/src/portable/raspberrypi/rp2040/rp2040_usb.c.obj
                0x200007ec                _hw_endpoint_buffer_control_update32
 .time_critical.hw_endpoint_start_next_buffer
                0x20000844       0x88 CMakeFiles/tempNucleo.dir/C_/Program_Files/Raspberry_Pi/Pico_SDK_v1.5.1/pico-sdk/lib/tinyusb/src/portable/raspberrypi/rp2040/rp2040_usb.c.obj
                0x20000844                hw_endpoint_start_next_buffer
 .time_critical.hw_endpoint_xfer_continue
                0x200008cc       0x50 CMakeFiles/tempNucleo.dir/C_/Program_Files/Raspberry_Pi/Pico_SDK_v1.5.1/pico-sdk/lib/tinyusb/src/portable/raspberrypi/rp2040/rp2040_usb.c.obj
                0x200008cc                hw_endpoint_xfer_continue
 .time_critical.tinyusb
                0x2000091c      0x200 CMakeFiles/tempNucleo.dir/C_/Program_Files/Raspberry_Pi/Pico_SDK_v1.5.1/pico-sdk/lib/tinyusb/src/device/usbd.c.obj
                0x2000091c                dcd_event_handler
 *(.text*)
 .text          0x20000b1c        0x4 c:/progra~1/raspbe~1/picosd~1.1/gcc-ar~1/bin/../lib/gcc/arm-none-eabi/10.3.1/thumb/v6-m/nofp\libgcc.a(_dvmd_tls.o)
                0x20000b1c                __aeabi_idiv0
                0x20000b1c                __aeabi_ldiv0
 .text.__stub   0x20000b20       0x90 linker stubs
                0x20000bb0                . = ALIGN (0x4)
 *(.rodata*)
                0x20000bb0                . = ALIGN (0x4)
 *(.data*)
 .data.striped_spin_lock_num
                0x20000bb0        0x1 CMakeFiles/tempNucleo.dir/C_/Program_Files/Raspberry_Pi/Pico_SDK_v1.5.1/pico-sdk/src/rp2_common/hardware_sync/sync.c.obj
 *fill*         0x20000bb1        0x3 
 .data          0x20000bb4       0x48 CMakeFiles/tempNucleo.dir/C_/Program_Files/Raspberry_Pi/Pico_SDK_v1.5.1/pico-sdk/src/rp2_common/hardware_irq/irq_handler_chain.S.obj
                0x20000bb4                irq_handler_chain_slots
                0x20000be4                irq_handler_chain_first_slot
                0x20000bee                irq_handler_chain_remove_tail
 .data.default_alarm_pool
                0x20000bfc       0x18 CMakeFiles/tempNucleo.dir/C_/Program_Files/Raspberry_Pi/Pico_SDK_v1.5.1/pico-sdk/src/common/pico_time/time.c.obj
 .data.default_alarm_pool_heap
                0x20000c14       0x10 CMakeFiles/tempNucleo.dir/C_/Program_Files/Raspberry_Pi/Pico_SDK_v1.5.1/pico-sdk/src/common/pico_time/time.c.obj
 *fill*         0x20000c24        0xc 
 .data.aeabi_bits_funcs
                0x20000c30       0x10 CMakeFiles/tempNucleo.dir/C_/Program_Files/Raspberry_Pi/Pico_SDK_v1.5.1/pico-sdk/src/rp2_common/pico_bit_ops/bit_ops_aeabi.S.obj
                0x20000c30                aeabi_bits_funcs
                0x20000c40                aeabi_bits_funcs_end
 .data.aeabi_mem_funcs
                0x20000c40       0x10 CMakeFiles/tempNucleo.dir/C_/Program_Files/Raspberry_Pi/Pico_SDK_v1.5.1/pico-sdk/src/rp2_common/pico_mem_ops/mem_ops_aeabi.S.obj
                0x20000c40                aeabi_mem_funcs
                0x20000c50                aeabi_mem_funcs_end
 .data.stdio_usb
                0x20000c50       0x18 CMakeFiles/tempNucleo.dir/C_/Program_Files/Raspberry_Pi/Pico_SDK_v1.5.1/pico-sdk/src/rp2_common/pico_stdio_usb/stdio_usb.c.obj
                0x20000c50                stdio_usb
 .data.ep_dir_string